[DATA]  IEF    5Min     210,203 bars  2016-01-04 09:30:00-05:00 → 2026-10-08 15:55:00-04:00
[DATA]  IEF    1Day       2,707 bars  2016-01-04 00:00:00-05:00 → 2026-10-08 00:00:00-04:00
[DATA]  LQD    5Min     210,373 bars  2016-01-04 09:30:00-05:00 → 2026-10-08 15:55:00-04:00
[DATA]  LQD    1Day       2,707 bars  2016-01-04 00:00:00-05:00 → 2026-10-08 00:00:00-04:00
[DATA]  HYG    5Min     210,377 bars  2016-01-04 09:30:00-05:00 → 2026-10-08 15:55:00-04:00
[DATA]  HYG    1Day       2,707 bars  2016-01-04 00:00:00-05:00 → 2026-10-08 00:00:00-04:00
[DATA]  DBC    5Min     208,945 bars  2016-01-04 09:30:00-05:00 → 2026-10-08 15:55:00-04:00
[DATA]  DBC    1Day       2,707 bars  2016-01-04 00:00:00-05:00 → 2026-10-08 00:00:00-04:00
[DATA]  USO    5Min     210,365 bars  2016-01-04 09:30:00-05:00 → 2026-10-08 15:55:00-04:00
[DATA]  USO    1Day       2,707 bars  2016-01-04 00:00:00-05:00 → 2026-10-08 00:00:00-04:00
[DATA]  UUP    5Min     199,897 bars  2016-01-04 09:30:00-05:00 → 2026-10-08 15:55:00-04:00
[DATA]  UUP    1Day       2,707 bars  2016-01-04 00:00:00-05:00 → 2026-10-08 00:00:00-04:00
[DATA]  EFA    5Min     210,376 bars  2016-01-04 09:30:00-05:00 → 2026-10-08 15:55:00-04:00
[DATA]  EFA    1Day       2,707 bars  2016-01-04 00:00:00-05:00 → 2026-10-08 00:00:00-04:00
[DATA]  EEM    5Min     210,376 bars  2016-01-04 09:30:00-05:00 → 2026-10-08 15:55:00-04:00
[DATA]  EEM    1Day       2,707 bars  2016-01-04 00:00:00-05:00 → 2026-10-08 00:00:00-04:00
[DATA]  VNQ    5Min     210,376 bars  2016-01-04 09:30:00-05:00 → 2026-10-08 15:55:00-04:00
[DATA]  VNQ    1Day       2,707 bars  2016-01-04 00:00:00-05:00 → 2026-10-08 00:00:00-04:00
[DATA]  SLV    5Min     210,375 bars  2016-01-04 09:30:00-05:00 → 2026-10-08 15:55:00-04:00
[DATA]  SLV    1Day       2,707 bars  2016-01-04 00:00:00-05:00 → 2026-10-08 00:00:00-04:00
[DATA]  SVXY   5Min     210,106 bars  2016-01-04 09:30:00-05:00 → 2026-10-08 15:55:00-04:00
[DATA]  SVXY   1Day       2,707 bars  2016-01-04 00:00:00-05:00 → 2026-10-08 00:00:00-04:00
[DATA]  Quality report → results\data_quality_u13_etfs.csv
