
════════════════════════════════════════════════════════════
  Sampling events, labels and causal features on the full dataset
════════════════════════════════════════════════════════════
[LABEL] 3,238 events from 17,093 bars  |  -1=1462  0=15  1=1761  |  barriers {'vertical': 2454, 'lower': 439, 'upper': 345}
[FEAT]  wavelet_core      4 cols    0.01s
[FEAT]  trend             9 cols    0.16s
[FEAT]  mean_reversion    3 cols    0.00s
[FEAT]  volatility        6 cols    0.00s
[FEAT]  microstructure    5 cols    0.00s
[FEAT]  intraday          4 cols    0.00s

[PWFO]  IS126_OOS21 window 0: IS[0:882]  OOS[882:1029]

[FRACDIFF] Optimal d  : 0.7344
           ADF p-val  : 20.2889 %  (n=572)
           Corr (raw) : 0.5723
[WFO]  Fold 1: insufficient events (train=97, val=59) — skipping

[PWFO]  IS126_OOS21 window 1: IS[147:1029]  OOS[1029:1176]

[FRACDIFF] Optimal d  : 0.5391
           ADF p-val  : 4.9784 %  (n=572)
           Corr (raw) : 0.8937
[WFO]  Fold 2: insufficient events (train=108, val=51) — skipping

[PWFO]  IS126_OOS21 window 2: IS[294:1176]  OOS[1176:1323]

[FRACDIFF] Optimal d  : 0.0547
           ADF p-val  : 4.6639 %  (n=572)
           Corr (raw) : 0.9990
[WFO]  Fold 3: insufficient events (train=113, val=48) — skipping

[PWFO]  IS126_OOS21 window 3: IS[441:1323]  OOS[1323:1470]

[FRACDIFF] Optimal d  : 0.6172
           ADF p-val  : 4.6138 %  (n=572)
           Corr (raw) : 0.7072
[WFO]  Fold 4: insufficient events (train=107, val=54) — skipping

[PWFO]  IS126_OOS21 window 4: IS[588:1470]  OOS[1470:1614]

[FRACDIFF] Optimal d  : 0.6719
           ADF p-val  : 4.3317 %  (n=572)
           Corr (raw) : 0.6765
[WFO]  Fold 5: insufficient events (train=107, val=59) — skipping

[PWFO]  IS126_OOS21 window 5: IS[735:1614]  OOS[1614:1761]

[FRACDIFF] Optimal d  : 0.5703
           ADF p-val  : 4.8547 %  (n=572)
           Corr (raw) : 0.7805
[WFO]  Fold 6: insufficient events (train=107, val=54) — skipping

[PWFO]  IS126_OOS21 window 6: IS[882:1761]  OOS[1761:1908]

[FRACDIFF] Optimal d  : 0.0000
           ADF p-val  : 0.3253 %  (n=572)
           Corr (raw) : 1.0000
[WFO]  Fold 7: insufficient events (train=109, val=53) — skipping

[PWFO]  IS126_OOS21 window 7: IS[1029:1908]  OOS[1908:2055]

[FRACDIFF] Optimal d  : 0.4844
           ADF p-val  : 4.5910 %  (n=569)
           Corr (raw) : 0.8158
[WFO]  Fold 8: insufficient events (train=110, val=57) — skipping

[PWFO]  IS126_OOS21 window 8: IS[1176:2055]  OOS[2055:2202]

[FRACDIFF] Optimal d  : 0.7266
           ADF p-val  : 4.6305 %  (n=569)
           Corr (raw) : 0.6167
[WFO]  Fold 9: insufficient events (train=112, val=55) — skipping

[PWFO]  IS126_OOS21 window 9: IS[1323:2202]  OOS[2202:2349]

[FRACDIFF] Optimal d  : 0.8359
           ADF p-val  : 4.6972 %  (n=569)
           Corr (raw) : 0.4318
[WFO]  Fold 10: insufficient events (train=112, val=56) — skipping

[PWFO]  IS126_OOS21 window 10: IS[1470:2349]  OOS[2349:2496]

[FRACDIFF] Optimal d  : 0.7891
           ADF p-val  : 21.8863 %  (n=569)
           Corr (raw) : 0.5852
[WFO]  Fold 11: insufficient events (train=110, val=53) — skipping

[PWFO]  IS126_OOS21 window 11: IS[1614:2496]  OOS[2496:2640]

[FRACDIFF] Optimal d  : 0.7656
           ADF p-val  : 4.3693 %  (n=572)
           Corr (raw) : 0.5607
[WFO]  Fold 12: insufficient events (train=113, val=47) — skipping

[PWFO]  IS126_OOS21 window 12: IS[1761:2640]  OOS[2640:2787]

[FRACDIFF] Optimal d  : 0.7109
           ADF p-val  : 12.4091 %  (n=572)
           Corr (raw) : 0.6342
[WFO]  Fold 13: insufficient events (train=108, val=55) — skipping

[PWFO]  IS126_OOS21 window 13: IS[1908:2787]  OOS[2787:2934]

[FRACDIFF] Optimal d  : 0.4922
           ADF p-val  : 4.7430 %  (n=572)
           Corr (raw) : 0.8676
[WFO]  Fold 14: insufficient events (train=105, val=51) — skipping

[PWFO]  IS126_OOS21 window 14: IS[2055:2934]  OOS[2934:3081]

[FRACDIFF] Optimal d  : 0.7188
           ADF p-val  : 16.5755 %  (n=572)
           Corr (raw) : 0.5537
[WFO]  Fold 15: insufficient events (train=109, val=53) — skipping

[PWFO]  IS126_OOS21 window 15: IS[2202:3081]  OOS[3081:3228]

[FRACDIFF] Optimal d  : 0.7734
           ADF p-val  : 0.0000 %  (n=569)
           Corr (raw) : 0.4897
[WFO]  Fold 16: insufficient events (train=100, val=55) — skipping

[PWFO]  IS126_OOS21 window 16: IS[2349:3228]  OOS[3228:3372]

[FRACDIFF] Optimal d  : 0.3594
           ADF p-val  : 4.7582 %  (n=569)
           Corr (raw) : 0.9539
[WFO]  Fold 17: insufficient events (train=109, val=52) — skipping

[PWFO]  IS126_OOS21 window 17: IS[2496:3372]  OOS[3372:3519]

[FRACDIFF] Optimal d  : 0.5938
           ADF p-val  : 4.9179 %  (n=569)
           Corr (raw) : 0.7522
[WFO]  Fold 18: insufficient events (train=108, val=56) — skipping

[PWFO]  IS126_OOS21 window 18: IS[2640:3519]  OOS[3519:3666]

[FRACDIFF] Optimal d  : 0.7344
           ADF p-val  : 4.2657 %  (n=572)
           Corr (raw) : 0.6612
[WFO]  Fold 19: insufficient events (train=106, val=49) — skipping

[PWFO]  IS126_OOS21 window 19: IS[2787:3666]  OOS[3666:3813]

[FRACDIFF] Optimal d  : 0.7891
           ADF p-val  : 3.7635 %  (n=569)
           Corr (raw) : 0.6052
[WFO]  Fold 20: insufficient events (train=112, val=54) — skipping

[PWFO]  IS126_OOS21 window 20: IS[2934:3813]  OOS[3813:3960]

[FRACDIFF] Optimal d  : 0.8047
           ADF p-val  : 28.6804 %  (n=569)
           Corr (raw) : 0.5673
[WFO]  Fold 21: insufficient events (train=102, val=70) — skipping

[PWFO]  IS126_OOS21 window 21: IS[3081:3960]  OOS[3960:4107]

[FRACDIFF] Optimal d  : 0.8438
           ADF p-val  : 44.2735 %  (n=569)
           Corr (raw) : 0.5541
[WFO]  Fold 22: insufficient events (train=112, val=70) — skipping

[PWFO]  IS126_OOS21 window 22: IS[3228:4107]  OOS[4107:4254]

[FRACDIFF] Optimal d  : 0.7891
           ADF p-val  : 8.3817 %  (n=569)
           Corr (raw) : 0.4190
[WFO]  Fold 23: insufficient events (train=120, val=65) — skipping

[PWFO]  IS126_OOS21 window 23: IS[3372:4254]  OOS[4254:4398]

[FRACDIFF] Optimal d  : 0.7109
           ADF p-val  : 4.8474 %  (n=572)
           Corr (raw) : 0.5180
[WFO]  Fold 24: insufficient events (train=126, val=57) — skipping

[PWFO]  IS126_OOS21 window 24: IS[3519:4398]  OOS[4398:4545]

[FRACDIFF] Optimal d  : 0.6719
           ADF p-val  : 4.6362 %  (n=572)
           Corr (raw) : 0.5640
[WFO]  Fold 25: insufficient events (train=136, val=54) — skipping

[PWFO]  IS126_OOS21 window 25: IS[3666:4545]  OOS[4545:4692]

[FRACDIFF] Optimal d  : 0.5312
           ADF p-val  : 4.6281 %  (n=572)
           Corr (raw) : 0.7059
[WFO]  Fold 26: insufficient events (train=130, val=49) — skipping

[PWFO]  IS126_OOS21 window 26: IS[3813:4692]  OOS[4692:4839]

[FRACDIFF] Optimal d  : 0.5391
           ADF p-val  : 4.8595 %  (n=572)
           Corr (raw) : 0.7641
[WFO]  Fold 27: insufficient events (train=121, val=48) — skipping

[PWFO]  IS126_OOS21 window 27: IS[3960:4839]  OOS[4839:4986]

[FRACDIFF] Optimal d  : 0.6797
           ADF p-val  : 4.5985 %  (n=569)
           Corr (raw) : 0.6038
[WFO]  Fold 28: insufficient events (train=107, val=54) — skipping

[PWFO]  IS126_OOS21 window 28: IS[4107:4986]  OOS[4986:5130]

[FRACDIFF] Optimal d  : 0.7891
           ADF p-val  : 4.0448 %  (n=569)
           Corr (raw) : 0.4381
[WFO]  Fold 29: insufficient events (train=103, val=72) — skipping

[PWFO]  IS126_OOS21 window 29: IS[4254:5130]  OOS[5130:5274]

[FRACDIFF] Optimal d  : 0.8281
           ADF p-val  : 4.6932 %  (n=569)
           Corr (raw) : 0.3864
[WFO]  Fold 30: insufficient events (train=104, val=71) — skipping

[PWFO]  IS126_OOS21 window 30: IS[4398:5274]  OOS[5274:5421]

[FRACDIFF] Optimal d  : 0.8047
           ADF p-val  : 10.4084 %  (n=572)
           Corr (raw) : 0.3803
[WFO]  Fold 31: insufficient events (train=121, val=63) — skipping

[PWFO]  IS126_OOS21 window 31: IS[4545:5421]  OOS[5421:5568]

[FRACDIFF] Optimal d  : 0.6797
           ADF p-val  : 4.9489 %  (n=569)
           Corr (raw) : 0.6322
[WFO]  Fold 32: insufficient events (train=127, val=57) — skipping

[PWFO]  IS126_OOS21 window 32: IS[4692:5568]  OOS[5568:5715]

[FRACDIFF] Optimal d  : 0.7188
           ADF p-val  : 4.8751 %  (n=566)
           Corr (raw) : 0.6259
[WFO]  Fold 33: insufficient events (train=136, val=49) — skipping

[PWFO]  IS126_OOS21 window 33: IS[4839:5715]  OOS[5715:5862]

[FRACDIFF] Optimal d  : 0.5234
           ADF p-val  : 4.6544 %  (n=566)
           Corr (raw) : 0.8300
[WFO]  Fold 34: insufficient events (train=129, val=58) — skipping

[PWFO]  IS126_OOS21 window 34: IS[4986:5862]  OOS[5862:6009]

[FRACDIFF] Optimal d  : 0.6406
           ADF p-val  : 4.3636 %  (n=566)
           Corr (raw) : 0.7120
[WFO]  Fold 35: insufficient events (train=113, val=56) — skipping

[PWFO]  IS126_OOS21 window 35: IS[5130:6009]  OOS[6009:6153]

[FRACDIFF] Optimal d  : 0.7891
           ADF p-val  : 0.3217 %  (n=569)
           Corr (raw) : 0.4849
[WFO]  Fold 36: insufficient events (train=116, val=54) — skipping

[PWFO]  IS126_OOS21 window 36: IS[5274:6153]  OOS[6153:6300]

[FRACDIFF] Optimal d  : 0.8047
           ADF p-val  : 3.8981 %  (n=572)
           Corr (raw) : 0.5096
[WFO]  Fold 37: insufficient events (train=106, val=48) — skipping

[PWFO]  IS126_OOS21 window 37: IS[5421:6300]  OOS[6300:6447]

[FRACDIFF] Optimal d  : 0.4609
           ADF p-val  : 4.8763 %  (n=572)
           Corr (raw) : 0.8985
[WFO]  Fold 38: insufficient events (train=112, val=52) — skipping

[PWFO]  IS126_OOS21 window 38: IS[5568:6447]  OOS[6447:6594]

[FRACDIFF] Optimal d  : 0.6875
           ADF p-val  : 4.3950 %  (n=569)
           Corr (raw) : 0.5450
[WFO]  Fold 39: insufficient events (train=106, val=58) — skipping

[PWFO]  IS126_OOS21 window 39: IS[5715:6594]  OOS[6594:6741]

[FRACDIFF] Optimal d  : 0.6953
           ADF p-val  : 4.9423 %  (n=569)
           Corr (raw) : 0.5920
[WFO]  Fold 40: insufficient events (train=107, val=52) — skipping

[PWFO]  IS126_OOS21 window 40: IS[5862:6741]  OOS[6741:6885]

[FRACDIFF] Optimal d  : 0.5078
           ADF p-val  : 4.6115 %  (n=569)
           Corr (raw) : 0.8353
[WFO]  Fold 41: insufficient events (train=108, val=46) — skipping

[PWFO]  IS126_OOS21 window 41: IS[6009:6885]  OOS[6885:7029]

[FRACDIFF] Optimal d  : 0.1172
           ADF p-val  : 4.4020 %  (n=569)
           Corr (raw) : 0.9955
[WFO]  Fold 42: insufficient events (train=106, val=41) — skipping

[PWFO]  IS126_OOS21 window 42: IS[6153:7029]  OOS[7029:7176]

[FRACDIFF] Optimal d  : 0.4375
           ADF p-val  : 4.9342 %  (n=572)
           Corr (raw) : 0.8686
[WFO]  Fold 43: insufficient events (train=105, val=40) — skipping

[PWFO]  IS126_OOS21 window 43: IS[6300:7176]  OOS[7176:7323]

[FRACDIFF] Optimal d  : 0.6094
           ADF p-val  : 44.8539 %  (n=569)
           Corr (raw) : 0.7792
[WFO]  Fold 44: insufficient events (train=96, val=52) — skipping

[PWFO]  IS126_OOS21 window 44: IS[6447:7323]  OOS[7323:7470]

[FRACDIFF] Optimal d  : 0.7266
           ADF p-val  : 4.7526 %  (n=566)
           Corr (raw) : 0.7012
[WFO]  Fold 45: insufficient events (train=87, val=65) — skipping

[PWFO]  IS126_OOS21 window 45: IS[6594:7470]  OOS[7470:7617]

[FRACDIFF] Optimal d  : 0.7188
           ADF p-val  : 4.5162 %  (n=566)
           Corr (raw) : 0.7210
[WFO]  Fold 46: insufficient events (train=95, val=58) — skipping

[PWFO]  IS126_OOS21 window 46: IS[6741:7617]  OOS[7617:7764]

[FRACDIFF] Optimal d  : 0.8281
           ADF p-val  : 4.5788 %  (n=566)
           Corr (raw) : 0.3001
[WFO]  Fold 47: insufficient events (train=106, val=47) — skipping

[PWFO]  IS126_OOS21 window 47: IS[6885:7764]  OOS[7764:7911]

[FRACDIFF] Optimal d  : 0.8672
           ADF p-val  : 13.7893 %  (n=569)
           Corr (raw) : 0.3127
[WFO]  Fold 48: insufficient events (train=111, val=40) — skipping

[PWFO]  IS126_OOS21 window 48: IS[7029:7911]  OOS[7911:8058]

[FRACDIFF] Optimal d  : 0.8281
           ADF p-val  : 8.9580 %  (n=572)
           Corr (raw) : 0.3585
[WFO]  Fold 49: insufficient events (train=114, val=47) — skipping

[PWFO]  IS126_OOS21 window 49: IS[7176:8058]  OOS[8058:8205]

[FRACDIFF] Optimal d  : 0.7656
           ADF p-val  : 7.2154 %  (n=572)
           Corr (raw) : 0.4471
[WFO]  Fold 50: insufficient events (train=98, val=54) — skipping

[PWFO]  IS126_OOS21 window 50: IS[7323:8205]  OOS[8205:8352]

[FRACDIFF] Optimal d  : 0.7422
           ADF p-val  : 4.7634 %  (n=572)
           Corr (raw) : 0.5043
[WFO]  Fold 51: insufficient events (train=95, val=49) — skipping

[PWFO]  IS126_OOS21 window 51: IS[7470:8352]  OOS[8352:8499]

[FRACDIFF] Optimal d  : 0.6953
           ADF p-val  : 4.0938 %  (n=572)
           Corr (raw) : 0.6339
[WFO]  Fold 52: insufficient events (train=95, val=53) — skipping

[PWFO]  IS126_OOS21 window 52: IS[7617:8499]  OOS[8499:8643]

[FRACDIFF] Optimal d  : 0.7734
           ADF p-val  : 4.1899 %  (n=572)
           Corr (raw) : 0.5487
[WFO]  Fold 53: insufficient events (train=97, val=56) — skipping

[PWFO]  IS126_OOS21 window 53: IS[7764:8643]  OOS[8643:8787]

[FRACDIFF] Optimal d  : 0.6953
           ADF p-val  : 4.1640 %  (n=572)
           Corr (raw) : 0.6045
[WFO]  Fold 54: insufficient events (train=107, val=44) — skipping

[PWFO]  IS126_OOS21 window 54: IS[7911:8787]  OOS[8787:8934]

[FRACDIFF] Optimal d  : 0.6094
           ADF p-val  : 4.5453 %  (n=572)
           Corr (raw) : 0.6773
[WFO]  Fold 55: insufficient events (train=107, val=39) — skipping

[PWFO]  IS126_OOS21 window 55: IS[8058:8934]  OOS[8934:9081]

[FRACDIFF] Optimal d  : 0.7109
           ADF p-val  : 4.3392 %  (n=569)
           Corr (raw) : 0.5098
[WFO]  Fold 56: insufficient events (train=98, val=56) — skipping

[PWFO]  IS126_OOS21 window 56: IS[8205:9081]  OOS[9081:9228]

[FRACDIFF] Optimal d  : 0.7891
           ADF p-val  : 4.5035 %  (n=566)
           Corr (raw) : 0.4347
[WFO]  Fold 57: insufficient events (train=97, val=60) — skipping

[PWFO]  IS126_OOS21 window 57: IS[8352:9228]  OOS[9228:9375]

[FRACDIFF] Optimal d  : 0.7969
           ADF p-val  : 3.8963 %  (n=566)
           Corr (raw) : 0.4179
[WFO]  Fold 58: insufficient events (train=100, val=57) — skipping

[PWFO]  IS126_OOS21 window 58: IS[8499:9375]  OOS[9375:9522]

[FRACDIFF] Optimal d  : 0.6641
           ADF p-val  : 4.5042 %  (n=566)
           Corr (raw) : 0.6301
[WFO]  Fold 59: insufficient events (train=101, val=49) — skipping

[PWFO]  IS126_OOS21 window 59: IS[8643:9522]  OOS[9522:9669]

[FRACDIFF] Optimal d  : 0.6641
           ADF p-val  : 0.0001 %  (n=569)
           Corr (raw) : 0.6452
[WFO]  Fold 60: insufficient events (train=114, val=50) — skipping

[PWFO]  IS126_OOS21 window 60: IS[8787:9669]  OOS[9669:9816]

[FRACDIFF] Optimal d  : 0.7500
           ADF p-val  : 4.0824 %  (n=572)
           Corr (raw) : 0.5481
[WFO]  Fold 61: insufficient events (train=112, val=44) — skipping

[PWFO]  IS126_OOS21 window 61: IS[8934:9816]  OOS[9816:9963]

[FRACDIFF] Optimal d  : 0.6875
           ADF p-val  : 4.1241 %  (n=572)
           Corr (raw) : 0.6750
[WFO]  Fold 62: insufficient events (train=107, val=46) — skipping

[PWFO]  IS126_OOS21 window 62: IS[9081:9963]  OOS[9963:10110]

[FRACDIFF] Optimal d  : 0.7266
           ADF p-val  : 7.2999 %  (n=572)
           Corr (raw) : 0.6004
[WFO]  Fold 63: insufficient events (train=95, val=48) — skipping

[PWFO]  IS126_OOS21 window 63: IS[9228:10110]  OOS[10110:10257]

[FRACDIFF] Optimal d  : 0.6719
           ADF p-val  : 8.1448 %  (n=572)
           Corr (raw) : 0.6513
[WFO]  Fold 64: insufficient events (train=97, val=55) — skipping

[PWFO]  IS126_OOS21 window 64: IS[9375:10257]  OOS[10257:10401]

[FRACDIFF] Optimal d  : 0.7188
           ADF p-val  : 3.5288 %  (n=572)
           Corr (raw) : 0.6492
[WFO]  Fold 65: insufficient events (train=95, val=54) — skipping

[PWFO]  IS126_OOS21 window 65: IS[9522:10401]  OOS[10401:10548]

[FRACDIFF] Optimal d  : 0.5469
           ADF p-val  : 4.6322 %  (n=572)
           Corr (raw) : 0.8275
[WFO]  Fold 66: insufficient events (train=102, val=51) — skipping

[PWFO]  IS126_OOS21 window 66: IS[9669:10548]  OOS[10548:10695]

[FRACDIFF] Optimal d  : 0.5469
           ADF p-val  : 4.2875 %  (n=572)
           Corr (raw) : 0.7782
[WFO]  Fold 67: insufficient events (train=104, val=50) — skipping

[PWFO]  IS126_OOS21 window 67: IS[9816:10695]  OOS[10695:10842]

[FRACDIFF] Optimal d  : 0.7031
           ADF p-val  : 4.5502 %  (n=569)
           Corr (raw) : 0.5801
[WFO]  Fold 68: insufficient events (train=108, val=57) — skipping

[PWFO]  IS126_OOS21 window 68: IS[9963:10842]  OOS[10842:10989]

[FRACDIFF] Optimal d  : 0.6875
           ADF p-val  : 4.6382 %  (n=569)
           Corr (raw) : 0.6352
[WFO]  Fold 69: insufficient events (train=105, val=69) — skipping

[PWFO]  IS126_OOS21 window 69: IS[10110:10989]  OOS[10989:11136]

[FRACDIFF] Optimal d  : 0.6172
           ADF p-val  : 4.6478 %  (n=569)
           Corr (raw) : 0.6527
[WFO]  Fold 70: insufficient events (train=110, val=59) — skipping

[PWFO]  IS126_OOS21 window 70: IS[10257:11136]  OOS[11136:11283]

[FRACDIFF] Optimal d  : 0.6797
           ADF p-val  : 4.7309 %  (n=569)
           Corr (raw) : 0.5783
[WFO]  Fold 71: insufficient events (train=120, val=60) — skipping

[PWFO]  IS126_OOS21 window 71: IS[10401:11283]  OOS[11283:11430]

[FRACDIFF] Optimal d  : 0.4141
           ADF p-val  : 4.5760 %  (n=572)
           Corr (raw) : 0.9255
[WFO]  Fold 72: insufficient events (train=117, val=64) — skipping

[PWFO]  IS126_OOS21 window 72: IS[10548:11430]  OOS[11430:11577]

[FRACDIFF] Optimal d  : 0.3203
           ADF p-val  : 4.8538 %  (n=572)
           Corr (raw) : 0.9533
[WFO]  Fold 73: insufficient events (train=130, val=53) — skipping

[PWFO]  IS126_OOS21 window 73: IS[10695:11577]  OOS[11577:11724]

[FRACDIFF] Optimal d  : 0.4141
           ADF p-val  : 4.4186 %  (n=572)
           Corr (raw) : 0.9355
[WFO]  Fold 74: insufficient events (train=124, val=55) — skipping

[PWFO]  IS126_OOS21 window 74: IS[10842:11724]  OOS[11724:11871]

[FRACDIFF] Optimal d  : 0.5938
           ADF p-val  : 4.5790 %  (n=572)
           Corr (raw) : 0.8286
[WFO]  Fold 75: insufficient events (train=116, val=58) — skipping

[PWFO]  IS126_OOS21 window 75: IS[10989:11871]  OOS[11871:12018]

[FRACDIFF] Optimal d  : 0.4688
           ADF p-val  : 4.9712 %  (n=572)
           Corr (raw) : 0.9039
[WFO]  Fold 76: insufficient events (train=120, val=61) — skipping

[PWFO]  IS126_OOS21 window 76: IS[11136:12018]  OOS[12018:12162]

[FRACDIFF] Optimal d  : 0.4609
           ADF p-val  : 4.7428 %  (n=572)
           Corr (raw) : 0.8831
[WFO]  Fold 77: insufficient events (train=112, val=62) — skipping

[PWFO]  IS126_OOS21 window 77: IS[11283:12162]  OOS[12162:12309]

[FRACDIFF] Optimal d  : 0.5938
           ADF p-val  : 4.5038 %  (n=572)
           Corr (raw) : 0.7698
[WFO]  Fold 78: insufficient events (train=116, val=55) — skipping

[PWFO]  IS126_OOS21 window 78: IS[11430:12309]  OOS[12309:12456]

[FRACDIFF] Optimal d  : 0.6875
           ADF p-val  : 4.8017 %  (n=572)
           Corr (raw) : 0.6437
[WFO]  Fold 79: insufficient events (train=122, val=46) — skipping

[PWFO]  IS126_OOS21 window 79: IS[11577:12456]  OOS[12456:12603]

[FRACDIFF] Optimal d  : 0.5938
           ADF p-val  : 4.6933 %  (n=569)
           Corr (raw) : 0.7765
[WFO]  Fold 80: insufficient events (train=117, val=55) — skipping

[PWFO]  IS126_OOS21 window 80: IS[11724:12603]  OOS[12603:12750]

[FRACDIFF] Optimal d  : 0.4375
           ADF p-val  : 4.5391 %  (n=569)
           Corr (raw) : 0.8826
[WFO]  Fold 81: insufficient events (train=111, val=62) — skipping

[PWFO]  IS126_OOS21 window 81: IS[11871:12750]  OOS[12750:12897]

[FRACDIFF] Optimal d  : 0.3750
           ADF p-val  : 4.7950 %  (n=569)
           Corr (raw) : 0.9400
[WFO]  Fold 82: insufficient events (train=112, val=61) — skipping

[PWFO]  IS126_OOS21 window 82: IS[12018:12897]  OOS[12897:13044]

[FRACDIFF] Optimal d  : 0.0469
           ADF p-val  : 4.6891 %  (n=569)
           Corr (raw) : 0.9995
[WFO]  Fold 83: insufficient events (train=111, val=62) — skipping

[PWFO]  IS126_OOS21 window 83: IS[12162:13044]  OOS[13044:13188]

[FRACDIFF] Optimal d  : 0.5781
           ADF p-val  : 18.8182 %  (n=572)
           Corr (raw) : 0.7069
[WFO]  Fold 84: insufficient events (train=117, val=64) — skipping

[PWFO]  IS126_OOS21 window 84: IS[12309:13188]  OOS[13188:13335]

[FRACDIFF] Optimal d  : 0.1094
           ADF p-val  : 4.7445 %  (n=572)
           Corr (raw) : 0.9964
[WFO]  Fold 85: insufficient events (train=126, val=56) — skipping

[PWFO]  IS126_OOS21 window 85: IS[12456:13335]  OOS[13335:13482]

[FRACDIFF] Optimal d  : 0.5000
           ADF p-val  : 4.7416 %  (n=572)
           Corr (raw) : 0.8494
[WFO]  Fold 86: insufficient events (train=126, val=55) — skipping

[PWFO]  IS126_OOS21 window 86: IS[12603:13482]  OOS[13482:13629]

[FRACDIFF] Optimal d  : 0.7109
           ADF p-val  : 4.4423 %  (n=569)
           Corr (raw) : 0.6657
[WFO]  Fold 87: insufficient events (train=119, val=58) — skipping

[PWFO]  IS126_OOS21 window 87: IS[12750:13629]  OOS[13629:13776]

[FRACDIFF] Optimal d  : 0.7891
           ADF p-val  : 4.1514 %  (n=569)
           Corr (raw) : 0.5558
[WFO]  Fold 88: insufficient events (train=119, val=63) — skipping

[PWFO]  IS126_OOS21 window 88: IS[12897:13776]  OOS[13776:13920]

[FRACDIFF] Optimal d  : 0.7344
           ADF p-val  : 4.3141 %  (n=569)
           Corr (raw) : 0.6108
[WFO]  Fold 89: insufficient events (train=116, val=69) — skipping

[PWFO]  IS126_OOS21 window 89: IS[13044:13920]  OOS[13920:14067]

[FRACDIFF] Optimal d  : 0.7031
           ADF p-val  : 4.5964 %  (n=569)
           Corr (raw) : 0.5319
[WFO]  Fold 90: insufficient events (train=119, val=57) — skipping

[PWFO]  IS126_OOS21 window 90: IS[13188:14067]  OOS[14067:14214]

[FRACDIFF] Optimal d  : 0.6797
           ADF p-val  : 4.5938 %  (n=572)
           Corr (raw) : 0.6385
[WFO]  Fold 91: insufficient events (train=128, val=48) — skipping

[PWFO]  IS126_OOS21 window 91: IS[13335:14214]  OOS[14214:14361]

[FRACDIFF] Optimal d  : 0.7344
           ADF p-val  : 4.5937 %  (n=569)
           Corr (raw) : 0.5403
[WFO]  Fold 92: insufficient events (train=122, val=64) — skipping

[PWFO]  IS126_OOS21 window 92: IS[13482:14361]  OOS[14361:14508]

[FRACDIFF] Optimal d  : 0.8281
           ADF p-val  : 4.7285 %  (n=569)
           Corr (raw) : 0.4659
[WFO]  Fold 93: insufficient events (train=118, val=58) — skipping

[PWFO]  IS126_OOS21 window 93: IS[13629:14508]  OOS[14508:14655]

[FRACDIFF] Optimal d  : 0.8438
           ADF p-val  : 3.7675 %  (n=569)
           Corr (raw) : 0.4915
[WFO]  Fold 94: insufficient events (train=121, val=50) — skipping

[PWFO]  IS126_OOS21 window 94: IS[13776:14655]  OOS[14655:14802]

[FRACDIFF] Optimal d  : 0.7891
           ADF p-val  : 4.0335 %  (n=569)
           Corr (raw) : 0.5958
[WFO]  Fold 95: insufficient events (train=108, val=54) — skipping

[PWFO]  IS126_OOS21 window 95: IS[13920:14802]  OOS[14802:14946]

[FRACDIFF] Optimal d  : 0.8047
           ADF p-val  : 4.3820 %  (n=572)
           Corr (raw) : 0.4972
[WFO]  Fold 96: insufficient events (train=114, val=51) — skipping

[PWFO]  IS126_OOS21 window 96: IS[14067:14946]  OOS[14946:15093]

[FRACDIFF] Optimal d  : 0.6953
           ADF p-val  : 4.2636 %  (n=572)
           Corr (raw) : 0.6138
[WFO]  Fold 97: insufficient events (train=113, val=48) — skipping

[PWFO]  IS126_OOS21 window 97: IS[14214:15093]  OOS[15093:15240]

[FRACDIFF] Optimal d  : 0.4453
           ADF p-val  : 4.8911 %  (n=572)
           Corr (raw) : 0.9037
[WFO]  Fold 98: insufficient events (train=101, val=59) — skipping

[PWFO]  IS126_OOS21 window 98: IS[14361:15240]  OOS[15240:15387]

[FRACDIFF] Optimal d  : 0.7266
           ADF p-val  : 4.1926 %  (n=569)
           Corr (raw) : 0.6447
[WFO]  Fold 99: insufficient events (train=103, val=57) — skipping

[PWFO]  IS126_OOS21 window 99: IS[14508:15387]  OOS[15387:15534]

[FRACDIFF] Optimal d  : 0.6875
           ADF p-val  : 4.3293 %  (n=569)
           Corr (raw) : 0.6719
[WFO]  Fold 100: insufficient events (train=111, val=48) — skipping

[PWFO]  IS126_OOS21 window 100: IS[14655:15534]  OOS[15534:15678]

[FRACDIFF] Optimal d  : 0.6172
           ADF p-val  : 4.5531 %  (n=569)
           Corr (raw) : 0.6862
[WFO]  Fold 101: insufficient events (train=106, val=50) — skipping

[PWFO]  IS126_OOS21 window 101: IS[14802:15678]  OOS[15678:15822]

[FRACDIFF] Optimal d  : 0.6250
           ADF p-val  : 4.8173 %  (n=569)
           Corr (raw) : 0.6559
[WFO]  Fold 102: insufficient events (train=109, val=47) — skipping

[PWFO]  IS126_OOS21 window 102: IS[14946:15822]  OOS[15822:15969]

[FRACDIFF] Optimal d  : 0.6875
           ADF p-val  : 18.4652 %  (n=572)
           Corr (raw) : 0.6029
[WFO]  Fold 103: insufficient events (train=109, val=52) — skipping

[PWFO]  IS126_OOS21 window 103: IS[15093:15969]  OOS[15969:16116]

[FRACDIFF] Optimal d  : 0.7734
           ADF p-val  : 4.6072 %  (n=569)
           Corr (raw) : 0.4838
[WFO]  Fold 104: insufficient events (train=97, val=53) — skipping

[PWFO]  IS126_OOS21 window 104: IS[15240:16116]  OOS[16116:16263]

[FRACDIFF] Optimal d  : 0.6484
           ADF p-val  : 4.6516 %  (n=566)
           Corr (raw) : 0.6557
[WFO]  Fold 105: insufficient events (train=103, val=57) — skipping

[PWFO]  IS126_OOS21 window 105: IS[15387:16263]  OOS[16263:16410]

[FRACDIFF] Optimal d  : 0.5469
           ADF p-val  : 4.8198 %  (n=566)
           Corr (raw) : 0.7401
[WFO]  Fold 106: insufficient events (train=100, val=69) — skipping

[PWFO]  IS126_OOS21 window 106: IS[15534:16410]  OOS[16410:16557]

[FRACDIFF] Optimal d  : 0.6484
           ADF p-val  : 4.7844 %  (n=566)
           Corr (raw) : 0.5995
[WFO]  Fold 107: insufficient events (train=111, val=52) — skipping

[PWFO]  IS126_OOS21 window 107: IS[15678:16557]  OOS[16557:16701]

[FRACDIFF] Optimal d  : 0.7656
           ADF p-val  : 0.0116 %  (n=569)
           Corr (raw) : 0.5323
[WFO]  Fold 108: insufficient events (train=124, val=37) — skipping

[PWFO]  IS126_OOS21 window 108: IS[15822:16701]  OOS[16701:16848]

[FRACDIFF] Optimal d  : 0.7188
           ADF p-val  : 4.7157 %  (n=572)
           Corr (raw) : 0.5355
[WFO]  Fold 109: insufficient events (train=112, val=46) — skipping

[PWFO]  IS126_OOS21 window 109: IS[15969:16848]  OOS[16848:16995]

[FRACDIFF] Optimal d  : 0.6953
           ADF p-val  : 4.4437 %  (n=572)
           Corr (raw) : 0.5618
[WFO]  Fold 110: insufficient events (train=108, val=57) — skipping
[PWFO]  IS126_OOS21: 110 windows, status {'insufficient_events': 110}
