
════════════════════════════════════════════════════════════
  Sampling events, labels and causal features on the full dataset
════════════════════════════════════════════════════════════
[LABEL] 3,238 events from 17,093 bars  |  -1=1462  0=15  1=1761  |  barriers {'vertical': 2454, 'lower': 439, 'upper': 345}
[FEAT]  wavelet_core      4 cols    0.01s
[FEAT]  trend             9 cols    0.17s
[FEAT]  mean_reversion    3 cols    0.00s
[FEAT]  volatility        6 cols    0.00s
[FEAT]  microstructure    5 cols    0.00s
[FEAT]  intraday          4 cols    0.00s

[PWFO]  IS126_OOS10 window 0: IS[0:882]  OOS[882:952]

[FRACDIFF] Optimal d  : 0.7344
           ADF p-val  : 20.2889 %  (n=572)
           Corr (raw) : 0.5723
[WFO]  Fold 1: insufficient events (train=97, val=59) — skipping

[PWFO]  IS126_OOS10 window 1: IS[70:952]  OOS[952:1022]

[FRACDIFF] Optimal d  : 0.7344
           ADF p-val  : 23.6079 %  (n=572)
           Corr (raw) : 0.5664
[WFO]  Fold 2: insufficient events (train=113, val=51) — skipping

[PWFO]  IS126_OOS10 window 2: IS[140:1022]  OOS[1022:1092]

[FRACDIFF] Optimal d  : 0.6719
           ADF p-val  : 4.6810 %  (n=572)
           Corr (raw) : 0.7137
[WFO]  Fold 3: insufficient events (train=108, val=52) — skipping

[PWFO]  IS126_OOS10 window 3: IS[210:1092]  OOS[1092:1162]

[FRACDIFF] Optimal d  : 0.6406
           ADF p-val  : 4.5834 %  (n=572)
           Corr (raw) : 0.6958
[WFO]  Fold 4: insufficient events (train=108, val=47) — skipping

[PWFO]  IS126_OOS10 window 4: IS[280:1162]  OOS[1162:1232]

[FRACDIFF] Optimal d  : 0.1016
           ADF p-val  : 4.9854 %  (n=572)
           Corr (raw) : 0.9968
[WFO]  Fold 5: insufficient events (train=113, val=47) — skipping

[PWFO]  IS126_OOS10 window 5: IS[350:1232]  OOS[1232:1302]

[FRACDIFF] Optimal d  : 0.2500
           ADF p-val  : 4.3566 %  (n=572)
           Corr (raw) : 0.9693
[WFO]  Fold 6: insufficient events (train=109, val=53) — skipping

[PWFO]  IS126_OOS10 window 6: IS[420:1302]  OOS[1302:1372]

[FRACDIFF] Optimal d  : 0.6016
           ADF p-val  : 4.5721 %  (n=572)
           Corr (raw) : 0.7194
[WFO]  Fold 7: insufficient events (train=106, val=55) — skipping

[PWFO]  IS126_OOS10 window 7: IS[490:1372]  OOS[1372:1442]

[FRACDIFF] Optimal d  : 0.6562
           ADF p-val  : 4.2957 %  (n=572)
           Corr (raw) : 0.6726
[WFO]  Fold 8: insufficient events (train=101, val=59) — skipping

[PWFO]  IS126_OOS10 window 8: IS[560:1442]  OOS[1442:1512]

[FRACDIFF] Optimal d  : 0.6562
           ADF p-val  : 4.7319 %  (n=572)
           Corr (raw) : 0.7099
[WFO]  Fold 9: insufficient events (train=107, val=60) — skipping

[PWFO]  IS126_OOS10 window 9: IS[630:1512]  OOS[1512:1582]

[FRACDIFF] Optimal d  : 0.6484
           ADF p-val  : 4.9135 %  (n=572)
           Corr (raw) : 0.7168
[WFO]  Fold 10: insufficient events (train=108, val=58) — skipping

[PWFO]  IS126_OOS10 window 10: IS[700:1582]  OOS[1582:1649]

[FRACDIFF] Optimal d  : 0.6016
           ADF p-val  : 4.9444 %  (n=572)
           Corr (raw) : 0.7447
[WFO]  Fold 11: insufficient events (train=107, val=56) — skipping

[PWFO]  IS126_OOS10 window 11: IS[770:1649]  OOS[1649:1719]

[FRACDIFF] Optimal d  : 0.5156
           ADF p-val  : 4.6321 %  (n=572)
           Corr (raw) : 0.8420
[WFO]  Fold 12: insufficient events (train=108, val=52) — skipping

[PWFO]  IS126_OOS10 window 12: IS[840:1719]  OOS[1719:1789]

[FRACDIFF] Optimal d  : 0.0078
           ADF p-val  : 0.0004 %  (n=572)
           Corr (raw) : 1.0000
[WFO]  Fold 13: insufficient events (train=106, val=55) — skipping

[PWFO]  IS126_OOS10 window 13: IS[910:1789]  OOS[1789:1859]

[FRACDIFF] Optimal d  : 0.5391
           ADF p-val  : 4.3047 %  (n=572)
           Corr (raw) : 0.7163
[WFO]  Fold 14: insufficient events (train=109, val=52) — skipping

[PWFO]  IS126_OOS10 window 14: IS[980:1859]  OOS[1859:1929]

[FRACDIFF] Optimal d  : 0.3125
           ADF p-val  : 4.9009 %  (n=572)
           Corr (raw) : 0.9311
[WFO]  Fold 15: insufficient events (train=114, val=55) — skipping

[PWFO]  IS126_OOS10 window 15: IS[1050:1929]  OOS[1929:1999]

[FRACDIFF] Optimal d  : 0.4844
           ADF p-val  : 4.9481 %  (n=569)
           Corr (raw) : 0.8210
[WFO]  Fold 16: insufficient events (train=113, val=54) — skipping

[PWFO]  IS126_OOS10 window 16: IS[1120:1999]  OOS[1999:2069]

[FRACDIFF] Optimal d  : 0.7031
           ADF p-val  : 4.3381 %  (n=569)
           Corr (raw) : 0.6113
[WFO]  Fold 17: insufficient events (train=117, val=51) — skipping

[PWFO]  IS126_OOS10 window 17: IS[1190:2069]  OOS[2069:2139]

[FRACDIFF] Optimal d  : 0.7812
           ADF p-val  : 4.4262 %  (n=569)
           Corr (raw) : 0.4982
[WFO]  Fold 18: insufficient events (train=113, val=53) — skipping

[PWFO]  IS126_OOS10 window 18: IS[1260:2139]  OOS[2139:2209]

[FRACDIFF] Optimal d  : 0.8516
           ADF p-val  : 3.8440 %  (n=569)
           Corr (raw) : 0.3696
[WFO]  Fold 19: insufficient events (train=110, val=52) — skipping

[PWFO]  IS126_OOS10 window 19: IS[1330:2209]  OOS[2209:2279]

[FRACDIFF] Optimal d  : 0.8359
           ADF p-val  : 4.3287 %  (n=569)
           Corr (raw) : 0.4348
[WFO]  Fold 20: insufficient events (train=111, val=58) — skipping

[PWFO]  IS126_OOS10 window 20: IS[1400:2279]  OOS[2279:2349]

[FRACDIFF] Optimal d  : 0.8594
           ADF p-val  : 4.9898 %  (n=569)
           Corr (raw) : 0.4142
[WFO]  Fold 21: insufficient events (train=107, val=57) — skipping

[PWFO]  IS126_OOS10 window 21: IS[1470:2349]  OOS[2349:2419]

[FRACDIFF] Optimal d  : 0.7891
           ADF p-val  : 21.8863 %  (n=569)
           Corr (raw) : 0.5852
[WFO]  Fold 22: insufficient events (train=110, val=53) — skipping

[PWFO]  IS126_OOS10 window 22: IS[1540:2419]  OOS[2419:2489]

[FRACDIFF] Optimal d  : 0.8203
           ADF p-val  : 4.6731 %  (n=569)
           Corr (raw) : 0.4945
[WFO]  Fold 23: insufficient events (train=108, val=53) — skipping

[PWFO]  IS126_OOS10 window 23: IS[1607:2489]  OOS[2489:2559]

[FRACDIFF] Optimal d  : 0.7734
           ADF p-val  : 4.5901 %  (n=572)
           Corr (raw) : 0.5537
[WFO]  Fold 24: insufficient events (train=114, val=47) — skipping

[PWFO]  IS126_OOS10 window 24: IS[1677:2559]  OOS[2559:2629]

[FRACDIFF] Optimal d  : 0.7578
           ADF p-val  : 0.0447 %  (n=572)
           Corr (raw) : 0.5605
[WFO]  Fold 25: insufficient events (train=108, val=48) — skipping

[PWFO]  IS126_OOS10 window 25: IS[1747:2629]  OOS[2629:2696]

[FRACDIFF] Optimal d  : 0.7344
           ADF p-val  : 6.3357 %  (n=572)
           Corr (raw) : 0.5712
[WFO]  Fold 26: insufficient events (train=110, val=51) — skipping

[PWFO]  IS126_OOS10 window 26: IS[1817:2696]  OOS[2696:2766]

[FRACDIFF] Optimal d  : 0.5781
           ADF p-val  : 4.4417 %  (n=572)
           Corr (raw) : 0.8393
[WFO]  Fold 27: insufficient events (train=108, val=52) — skipping

[PWFO]  IS126_OOS10 window 27: IS[1887:2766]  OOS[2766:2836]

[FRACDIFF] Optimal d  : 0.4531
           ADF p-val  : 4.9870 %  (n=572)
           Corr (raw) : 0.9113
[WFO]  Fold 28: insufficient events (train=104, val=54) — skipping

[PWFO]  IS126_OOS10 window 28: IS[1957:2836]  OOS[2836:2906]

[FRACDIFF] Optimal d  : 0.5312
           ADF p-val  : 4.6478 %  (n=572)
           Corr (raw) : 0.8179
[WFO]  Fold 29: insufficient events (train=107, val=53) — skipping

[PWFO]  IS126_OOS10 window 29: IS[2027:2906]  OOS[2906:2976]

[FRACDIFF] Optimal d  : 0.7578
           ADF p-val  : 8.7774 %  (n=572)
           Corr (raw) : 0.4833
[WFO]  Fold 30: insufficient events (train=105, val=54) — skipping

[PWFO]  IS126_OOS10 window 30: IS[2097:2976]  OOS[2976:3046]

[FRACDIFF] Optimal d  : 0.6328
           ADF p-val  : 43.8874 %  (n=569)
           Corr (raw) : 0.7186
[WFO]  Fold 31: insufficient events (train=110, val=52) — skipping

[PWFO]  IS126_OOS10 window 31: IS[2167:3046]  OOS[3046:3116]

[FRACDIFF] Optimal d  : 0.7812
           ADF p-val  : 0.0000 %  (n=569)
           Corr (raw) : 0.4657
[WFO]  Fold 32: insufficient events (train=101, val=53) — skipping

[PWFO]  IS126_OOS10 window 32: IS[2237:3116]  OOS[3116:3186]

[FRACDIFF] Optimal d  : 0.7109
           ADF p-val  : 12.8539 %  (n=569)
           Corr (raw) : 0.6212
[WFO]  Fold 33: insufficient events (train=102, val=54) — skipping

[PWFO]  IS126_OOS10 window 33: IS[2307:3186]  OOS[3186:3256]

[FRACDIFF] Optimal d  : 0.4297
           ADF p-val  : 4.7878 %  (n=569)
           Corr (raw) : 0.9300
[WFO]  Fold 34: insufficient events (train=104, val=48) — skipping

[PWFO]  IS126_OOS10 window 34: IS[2377:3256]  OOS[3256:3326]

[FRACDIFF] Optimal d  : 0.3203
           ADF p-val  : 4.8630 %  (n=569)
           Corr (raw) : 0.9649
[WFO]  Fold 35: insufficient events (train=109, val=53) — skipping

[PWFO]  IS126_OOS10 window 35: IS[2447:3326]  OOS[3326:3393]

[FRACDIFF] Optimal d  : 0.5469
           ADF p-val  : 4.3437 %  (n=569)
           Corr (raw) : 0.7957
[WFO]  Fold 36: insufficient events (train=104, val=61) — skipping

[PWFO]  IS126_OOS10 window 36: IS[2517:3393]  OOS[3393:3463]

[FRACDIFF] Optimal d  : 0.6250
           ADF p-val  : 4.2661 %  (n=569)
           Corr (raw) : 0.7397
[WFO]  Fold 37: insufficient events (train=109, val=58) — skipping

[PWFO]  IS126_OOS10 window 37: IS[2587:3463]  OOS[3463:3533]

[FRACDIFF] Optimal d  : 0.7188
           ADF p-val  : 4.4942 %  (n=569)
           Corr (raw) : 0.6615
[WFO]  Fold 38: insufficient events (train=102, val=59) — skipping

[PWFO]  IS126_OOS10 window 38: IS[2654:3533]  OOS[3533:3603]

[FRACDIFF] Optimal d  : 0.7422
           ADF p-val  : 4.4650 %  (n=572)
           Corr (raw) : 0.6526
[WFO]  Fold 39: insufficient events (train=106, val=47) — skipping

[PWFO]  IS126_OOS10 window 39: IS[2724:3603]  OOS[3603:3673]

[FRACDIFF] Optimal d  : 0.7578
           ADF p-val  : 4.9802 %  (n=572)
           Corr (raw) : 0.6365
[WFO]  Fold 40: insufficient events (train=113, val=47) — skipping

[PWFO]  IS126_OOS10 window 40: IS[2794:3673]  OOS[3673:3743]

[FRACDIFF] Optimal d  : 0.8125
           ADF p-val  : 4.8603 %  (n=569)
           Corr (raw) : 0.5594
[WFO]  Fold 41: insufficient events (train=113, val=54) — skipping

[PWFO]  IS126_OOS10 window 41: IS[2864:3743]  OOS[3743:3813]

[FRACDIFF] Optimal d  : 0.8125
           ADF p-val  : 24.3046 %  (n=569)
           Corr (raw) : 0.5271
[WFO]  Fold 42: insufficient events (train=108, val=61) — skipping

[PWFO]  IS126_OOS10 window 42: IS[2934:3813]  OOS[3813:3883]

[FRACDIFF] Optimal d  : 0.8047
           ADF p-val  : 28.6804 %  (n=569)
           Corr (raw) : 0.5673
[WFO]  Fold 43: insufficient events (train=102, val=70) — skipping

[PWFO]  IS126_OOS10 window 43: IS[3004:3883]  OOS[3883:3953]

[FRACDIFF] Optimal d  : 0.8438
           ADF p-val  : 48.2949 %  (n=569)
           Corr (raw) : 0.5293
[WFO]  Fold 44: insufficient events (train=110, val=67) — skipping

[PWFO]  IS126_OOS10 window 44: IS[3074:3953]  OOS[3953:4023]

[FRACDIFF] Optimal d  : 0.8359
           ADF p-val  : 49.6346 %  (n=569)
           Corr (raw) : 0.5797
[WFO]  Fold 45: insufficient events (train=111, val=71) — skipping

[PWFO]  IS126_OOS10 window 45: IS[3144:4023]  OOS[4023:4093]

[FRACDIFF] Optimal d  : 0.8438
           ADF p-val  : 13.0362 %  (n=569)
           Corr (raw) : 0.3410
[WFO]  Fold 46: insufficient events (train=120, val=66) — skipping

[PWFO]  IS126_OOS10 window 46: IS[3214:4093]  OOS[4093:4163]

[FRACDIFF] Optimal d  : 0.7969
           ADF p-val  : 8.9006 %  (n=569)
           Corr (raw) : 0.4176
[WFO]  Fold 47: insufficient events (train=118, val=64) — skipping

[PWFO]  IS126_OOS10 window 47: IS[3284:4163]  OOS[4163:4233]

[FRACDIFF] Optimal d  : 0.7188
           ADF p-val  : 4.4061 %  (n=569)
           Corr (raw) : 0.5399
[WFO]  Fold 48: insufficient events (train=116, val=65) — skipping

[PWFO]  IS126_OOS10 window 48: IS[3351:4233]  OOS[4233:4303]

[FRACDIFF] Optimal d  : 0.7344
           ADF p-val  : 8.1422 %  (n=572)
           Corr (raw) : 0.4691
[WFO]  Fold 49: insufficient events (train=125, val=59) — skipping

[PWFO]  IS126_OOS10 window 49: IS[3421:4303]  OOS[4303:4373]

[FRACDIFF] Optimal d  : 0.6797
           ADF p-val  : 4.5261 %  (n=572)
           Corr (raw) : 0.5481
[WFO]  Fold 50: insufficient events (train=129, val=55) — skipping

[PWFO]  IS126_OOS10 window 50: IS[3491:4373]  OOS[4373:4440]

[FRACDIFF] Optimal d  : 0.6641
           ADF p-val  : 4.8811 %  (n=572)
           Corr (raw) : 0.5707
[WFO]  Fold 51: insufficient events (train=135, val=55) — skipping

[PWFO]  IS126_OOS10 window 51: IS[3561:4440]  OOS[4440:4510]

[FRACDIFF] Optimal d  : 0.5938
           ADF p-val  : 4.5994 %  (n=572)
           Corr (raw) : 0.6840
[WFO]  Fold 52: insufficient events (train=138, val=52) — skipping

[PWFO]  IS126_OOS10 window 52: IS[3631:4510]  OOS[4510:4580]

[FRACDIFF] Optimal d  : 0.0000
           ADF p-val  : 0.4682 %  (n=572)
           Corr (raw) : 1.0000
[WFO]  Fold 53: insufficient events (train=131, val=50) — skipping

[PWFO]  IS126_OOS10 window 53: IS[3701:4580]  OOS[4580:4650]

[FRACDIFF] Optimal d  : 0.3750
           ADF p-val  : 4.8962 %  (n=572)
           Corr (raw) : 0.9058
[WFO]  Fold 54: insufficient events (train=123, val=50) — skipping

[PWFO]  IS126_OOS10 window 54: IS[3771:4650]  OOS[4650:4720]

[FRACDIFF] Optimal d  : 0.5312
           ADF p-val  : 4.9011 %  (n=572)
           Corr (raw) : 0.7718
[WFO]  Fold 55: insufficient events (train=122, val=48) — skipping

[PWFO]  IS126_OOS10 window 55: IS[3841:4720]  OOS[4720:4790]

[FRACDIFF] Optimal d  : 0.5938
           ADF p-val  : 4.4732 %  (n=569)
           Corr (raw) : 0.6840
[WFO]  Fold 56: insufficient events (train=121, val=51) — skipping

[PWFO]  IS126_OOS10 window 56: IS[3911:4790]  OOS[4790:4860]

[FRACDIFF] Optimal d  : 0.6250
           ADF p-val  : 4.6791 %  (n=569)
           Corr (raw) : 0.6886
[WFO]  Fold 57: insufficient events (train=110, val=57) — skipping

[PWFO]  IS126_OOS10 window 57: IS[3981:4860]  OOS[4860:4930]

[FRACDIFF] Optimal d  : 0.7578
           ADF p-val  : 4.3332 %  (n=569)
           Corr (raw) : 0.4775
[WFO]  Fold 58: insufficient events (train=104, val=57) — skipping

[PWFO]  IS126_OOS10 window 58: IS[4051:4930]  OOS[4930:5000]

[FRACDIFF] Optimal d  : 0.7656
           ADF p-val  : 4.4934 %  (n=569)
           Corr (raw) : 0.4568
[WFO]  Fold 59: insufficient events (train=106, val=65) — skipping

[PWFO]  IS126_OOS10 window 59: IS[4121:5000]  OOS[5000:5070]

[FRACDIFF] Optimal d  : 0.7969
           ADF p-val  : 0.9709 %  (n=569)
           Corr (raw) : 0.4128
[WFO]  Fold 60: insufficient events (train=103, val=70) — skipping

[PWFO]  IS126_OOS10 window 60: IS[4191:5070]  OOS[5070:5137]

[FRACDIFF] Optimal d  : 0.7656
           ADF p-val  : 4.5634 %  (n=569)
           Corr (raw) : 0.5097
[WFO]  Fold 61: insufficient events (train=108, val=71) — skipping

[PWFO]  IS126_OOS10 window 61: IS[4261:5137]  OOS[5137:5207]

[FRACDIFF] Optimal d  : 0.8281
           ADF p-val  : 4.7812 %  (n=569)
           Corr (raw) : 0.3911
[WFO]  Fold 62: insufficient events (train=106, val=70) — skipping

[PWFO]  IS126_OOS10 window 62: IS[4331:5207]  OOS[5207:5274]

[FRACDIFF] Optimal d  : 0.5938
           ADF p-val  : 4.8676 %  (n=569)
           Corr (raw) : 0.7983
[WFO]  Fold 63: insufficient events (train=114, val=67) — skipping

[PWFO]  IS126_OOS10 window 63: IS[4398:5274]  OOS[5274:5344]

[FRACDIFF] Optimal d  : 0.8047
           ADF p-val  : 10.4084 %  (n=572)
           Corr (raw) : 0.3803
[WFO]  Fold 64: insufficient events (train=121, val=63) — skipping

[PWFO]  IS126_OOS10 window 64: IS[4468:5344]  OOS[5344:5414]

[FRACDIFF] Optimal d  : 0.6953
           ADF p-val  : 4.7362 %  (n=572)
           Corr (raw) : 0.5801
[WFO]  Fold 65: insufficient events (train=127, val=55) — skipping

[PWFO]  IS126_OOS10 window 65: IS[4538:5414]  OOS[5414:5484]

[FRACDIFF] Optimal d  : 0.6797
           ADF p-val  : 4.9492 %  (n=569)
           Corr (raw) : 0.6325
[WFO]  Fold 66: insufficient events (train=127, val=56) — skipping

[PWFO]  IS126_OOS10 window 66: IS[4608:5484]  OOS[5484:5554]

[FRACDIFF] Optimal d  : 0.6719
           ADF p-val  : 4.5764 %  (n=569)
           Corr (raw) : 0.6559
[WFO]  Fold 67: insufficient events (train=130, val=53) — skipping

[PWFO]  IS126_OOS10 window 67: IS[4678:5554]  OOS[5554:5624]

[FRACDIFF] Optimal d  : 0.7188
           ADF p-val  : 4.6335 %  (n=566)
           Corr (raw) : 0.6263
[WFO]  Fold 68: insufficient events (train=138, val=47) — skipping

[PWFO]  IS126_OOS10 window 68: IS[4748:5624]  OOS[5624:5694]

[FRACDIFF] Optimal d  : 0.6875
           ADF p-val  : 4.2261 %  (n=566)
           Corr (raw) : 0.6607
[WFO]  Fold 69: insufficient events (train=127, val=55) — skipping

[PWFO]  IS126_OOS10 window 69: IS[4818:5694]  OOS[5694:5764]

[FRACDIFF] Optimal d  : 0.5391
           ADF p-val  : 4.7497 %  (n=566)
           Corr (raw) : 0.8330
[WFO]  Fold 70: insufficient events (train=128, val=58) — skipping

[PWFO]  IS126_OOS10 window 70: IS[4888:5764]  OOS[5764:5834]

[FRACDIFF] Optimal d  : 0.5469
           ADF p-val  : 4.8212 %  (n=566)
           Corr (raw) : 0.7935
[WFO]  Fold 71: insufficient events (train=121, val=56) — skipping

[PWFO]  IS126_OOS10 window 71: IS[4958:5834]  OOS[5834:5904]

[FRACDIFF] Optimal d  : 0.6250
           ADF p-val  : 4.2676 %  (n=566)
           Corr (raw) : 0.7210
[WFO]  Fold 72: insufficient events (train=115, val=56) — skipping

[PWFO]  IS126_OOS10 window 72: IS[5028:5904]  OOS[5904:5974]

[FRACDIFF] Optimal d  : 0.6562
           ADF p-val  : 4.3661 %  (n=566)
           Corr (raw) : 0.6943
[WFO]  Fold 73: insufficient events (train=117, val=59) — skipping

[PWFO]  IS126_OOS10 window 73: IS[5095:5974]  OOS[5974:6044]

[FRACDIFF] Optimal d  : 0.7500
           ADF p-val  : 4.2741 %  (n=569)
           Corr (raw) : 0.5451
[WFO]  Fold 74: insufficient events (train=114, val=50) — skipping

[PWFO]  IS126_OOS10 window 74: IS[5165:6044]  OOS[6044:6114]

[FRACDIFF] Optimal d  : 0.8047
           ADF p-val  : 0.5951 %  (n=569)
           Corr (raw) : 0.4962
[WFO]  Fold 75: insufficient events (train=110, val=55) — skipping

[PWFO]  IS126_OOS10 window 75: IS[5232:6114]  OOS[6114:6181]

[FRACDIFF] Optimal d  : 0.8047
           ADF p-val  : 4.0960 %  (n=572)
           Corr (raw) : 0.4682
[WFO]  Fold 76: insufficient events (train=105, val=52) — skipping

[PWFO]  IS126_OOS10 window 76: IS[5302:6181]  OOS[6181:6251]

[FRACDIFF] Optimal d  : 0.6641
           ADF p-val  : 4.3949 %  (n=572)
           Corr (raw) : 0.7791
[WFO]  Fold 77: insufficient events (train=110, val=44) — skipping

[PWFO]  IS126_OOS10 window 77: IS[5372:6251]  OOS[6251:6321]

[FRACDIFF] Optimal d  : 0.6172
           ADF p-val  : 4.8302 %  (n=572)
           Corr (raw) : 0.7507
[WFO]  Fold 78: insufficient events (train=110, val=50) — skipping

[PWFO]  IS126_OOS10 window 78: IS[5442:6321]  OOS[6321:6391]

[FRACDIFF] Optimal d  : 0.5391
           ADF p-val  : 4.8697 %  (n=572)
           Corr (raw) : 0.7933
[WFO]  Fold 79: insufficient events (train=113, val=54) — skipping

[PWFO]  IS126_OOS10 window 79: IS[5512:6391]  OOS[6391:6461]

[FRACDIFF] Optimal d  : 0.6406
           ADF p-val  : 4.5011 %  (n=572)
           Corr (raw) : 0.6458
[WFO]  Fold 80: insufficient events (train=108, val=59) — skipping

[PWFO]  IS126_OOS10 window 80: IS[5582:6461]  OOS[6461:6531]

[FRACDIFF] Optimal d  : 0.6562
           ADF p-val  : 4.3021 %  (n=569)
           Corr (raw) : 0.6136
[WFO]  Fold 81: insufficient events (train=106, val=59) — skipping

[PWFO]  IS126_OOS10 window 81: IS[5652:6531]  OOS[6531:6601]

[FRACDIFF] Optimal d  : 0.6719
           ADF p-val  : 4.6117 %  (n=569)
           Corr (raw) : 0.6299
[WFO]  Fold 82: insufficient events (train=103, val=52) — skipping

[PWFO]  IS126_OOS10 window 82: IS[5722:6601]  OOS[6601:6671]

[FRACDIFF] Optimal d  : 0.6719
           ADF p-val  : 4.8253 %  (n=569)
           Corr (raw) : 0.6257
[WFO]  Fold 83: insufficient events (train=108, val=53) — skipping

[PWFO]  IS126_OOS10 window 83: IS[5792:6671]  OOS[6671:6741]

[FRACDIFF] Optimal d  : 0.5391
           ADF p-val  : 4.8791 %  (n=569)
           Corr (raw) : 0.8013
[WFO]  Fold 84: insufficient events (train=112, val=48) — skipping

[PWFO]  IS126_OOS10 window 84: IS[5862:6741]  OOS[6741:6811]

[FRACDIFF] Optimal d  : 0.5078
           ADF p-val  : 4.6115 %  (n=569)
           Corr (raw) : 0.8353
[WFO]  Fold 85: insufficient events (train=108, val=46) — skipping

[PWFO]  IS126_OOS10 window 85: IS[5932:6811]  OOS[6811:6878]

[FRACDIFF] Optimal d  : 0.5000
           ADF p-val  : 4.6641 %  (n=569)
           Corr (raw) : 0.8611
[WFO]  Fold 86: insufficient events (train=100, val=49) — skipping

[PWFO]  IS126_OOS10 window 86: IS[6002:6878]  OOS[6878:6948]

[FRACDIFF] Optimal d  : 0.0000
           ADF p-val  : 5.9534 %  (n=569)
           Corr (raw) : 1.0000
[WFO]  Fold 87: insufficient events (train=105, val=43) — skipping

[PWFO]  IS126_OOS10 window 87: IS[6072:6948]  OOS[6948:7015]

[FRACDIFF] Optimal d  : 0.0938
           ADF p-val  : 4.6982 %  (n=569)
           Corr (raw) : 0.9967
[WFO]  Fold 88: insufficient events (train=108, val=41) — skipping

[PWFO]  IS126_OOS10 window 88: IS[6142:7015]  OOS[7015:7085]

[FRACDIFF] Optimal d  : 0.2500
           ADF p-val  : 4.5760 %  (n=569)
           Corr (raw) : 0.9717
[WFO]  Fold 89: insufficient events (train=105, val=38) — skipping

[PWFO]  IS126_OOS10 window 89: IS[6209:7085]  OOS[7085:7155]

[FRACDIFF] Optimal d  : 0.5469
           ADF p-val  : 4.3205 %  (n=572)
           Corr (raw) : 0.7942
[WFO]  Fold 90: insufficient events (train=106, val=44) — skipping

[PWFO]  IS126_OOS10 window 90: IS[6279:7155]  OOS[7155:7225]

[FRACDIFF] Optimal d  : 0.5469
           ADF p-val  : 4.2654 %  (n=572)
           Corr (raw) : 0.8510
[WFO]  Fold 91: insufficient events (train=99, val=49) — skipping

[PWFO]  IS126_OOS10 window 91: IS[6349:7225]  OOS[7225:7295]

[FRACDIFF] Optimal d  : 0.6406
           ADF p-val  : 4.3491 %  (n=569)
           Corr (raw) : 0.7636
[WFO]  Fold 92: insufficient events (train=87, val=55) — skipping

[PWFO]  IS126_OOS10 window 92: IS[6419:7295]  OOS[7295:7365]

[FRACDIFF] Optimal d  : 0.6719
           ADF p-val  : 4.8436 %  (n=566)
           Corr (raw) : 0.7689
[WFO]  Fold 93: insufficient events (train=85, val=65) — skipping

[PWFO]  IS126_OOS10 window 93: IS[6489:7365]  OOS[7365:7435]

[FRACDIFF] Optimal d  : 0.7500
           ADF p-val  : 4.0154 %  (n=566)
           Corr (raw) : 0.6781
[WFO]  Fold 94: insufficient events (train=91, val=68) — skipping

[PWFO]  IS126_OOS10 window 94: IS[6559:7435]  OOS[7435:7505]

[FRACDIFF] Optimal d  : 0.6719
           ADF p-val  : 4.6228 %  (n=566)
           Corr (raw) : 0.8318
[WFO]  Fold 95: insufficient events (train=97, val=64) — skipping

[PWFO]  IS126_OOS10 window 95: IS[6629:7505]  OOS[7505:7575]

[FRACDIFF] Optimal d  : 0.7578
           ADF p-val  : 4.1451 %  (n=566)
           Corr (raw) : 0.6427
[WFO]  Fold 96: insufficient events (train=94, val=57) — skipping

[PWFO]  IS126_OOS10 window 96: IS[6699:7575]  OOS[7575:7645]

[FRACDIFF] Optimal d  : 0.7578
           ADF p-val  : 4.4679 %  (n=566)
           Corr (raw) : 0.5388
[WFO]  Fold 97: insufficient events (train=100, val=54) — skipping

[PWFO]  IS126_OOS10 window 97: IS[6769:7645]  OOS[7645:7715]

[FRACDIFF] Optimal d  : 0.6875
           ADF p-val  : 3.9348 %  (n=566)
           Corr (raw) : 0.6097
[WFO]  Fold 98: insufficient events (train=109, val=42) — skipping

[PWFO]  IS126_OOS10 window 98: IS[6839:7715]  OOS[7715:7785]

[FRACDIFF] Optimal d  : 0.8828
           ADF p-val  : 14.3857 %  (n=566)
           Corr (raw) : 0.2959
[WFO]  Fold 99: insufficient events (train=113, val=38) — skipping

[PWFO]  IS126_OOS10 window 99: IS[6906:7785]  OOS[7785:7855]

[FRACDIFF] Optimal d  : 0.8516
           ADF p-val  : 9.0574 %  (n=569)
           Corr (raw) : 0.3326
[WFO]  Fold 100: insufficient events (train=112, val=40) — skipping

[PWFO]  IS126_OOS10 window 100: IS[6976:7855]  OOS[7855:7925]

[FRACDIFF] Optimal d  : 0.8438
           ADF p-val  : 9.5853 %  (n=569)
           Corr (raw) : 0.3333
[WFO]  Fold 101: insufficient events (train=115, val=44) — skipping

[PWFO]  IS126_OOS10 window 101: IS[7043:7925]  OOS[7925:7995]

[FRACDIFF] Optimal d  : 0.8203
           ADF p-val  : 8.9910 %  (n=572)
           Corr (raw) : 0.3721
[WFO]  Fold 102: insufficient events (train=114, val=48) — skipping

[PWFO]  IS126_OOS10 window 102: IS[7113:7995]  OOS[7995:8065]

[FRACDIFF] Optimal d  : 0.7891
           ADF p-val  : 8.3215 %  (n=572)
           Corr (raw) : 0.4133
[WFO]  Fold 103: insufficient events (train=109, val=49) — skipping

[PWFO]  IS126_OOS10 window 103: IS[7183:8065]  OOS[8065:8135]

[FRACDIFF] Optimal d  : 0.7578
           ADF p-val  : 6.8900 %  (n=572)
           Corr (raw) : 0.4608
[WFO]  Fold 104: insufficient events (train=98, val=52) — skipping

[PWFO]  IS126_OOS10 window 104: IS[7253:8135]  OOS[8135:8205]

[FRACDIFF] Optimal d  : 0.7188
           ADF p-val  : 4.6260 %  (n=572)
           Corr (raw) : 0.5038
[WFO]  Fold 105: insufficient events (train=102, val=47) — skipping

[PWFO]  IS126_OOS10 window 105: IS[7323:8205]  OOS[8205:8275]

[FRACDIFF] Optimal d  : 0.7422
           ADF p-val  : 4.7634 %  (n=572)
           Corr (raw) : 0.5043
[WFO]  Fold 106: insufficient events (train=95, val=49) — skipping

[PWFO]  IS126_OOS10 window 106: IS[7393:8275]  OOS[8275:8345]

[FRACDIFF] Optimal d  : 0.7422
           ADF p-val  : 4.1561 %  (n=572)
           Corr (raw) : 0.4927
[WFO]  Fold 107: insufficient events (train=90, val=52) — skipping

[PWFO]  IS126_OOS10 window 107: IS[7463:8345]  OOS[8345:8415]

[FRACDIFF] Optimal d  : 0.7109
           ADF p-val  : 4.1404 %  (n=572)
           Corr (raw) : 0.5767
[WFO]  Fold 108: insufficient events (train=94, val=52) — skipping

[PWFO]  IS126_OOS10 window 108: IS[7533:8415]  OOS[8415:8485]

[FRACDIFF] Optimal d  : 0.7266
           ADF p-val  : 4.3846 %  (n=572)
           Corr (raw) : 0.6052
[WFO]  Fold 109: insufficient events (train=93, val=56) — skipping

[PWFO]  IS126_OOS10 window 109: IS[7603:8485]  OOS[8485:8555]

[FRACDIFF] Optimal d  : 0.7656
           ADF p-val  : 4.1451 %  (n=572)
           Corr (raw) : 0.5631
[WFO]  Fold 110: insufficient events (train=95, val=56) — skipping

[PWFO]  IS126_OOS10 window 110: IS[7673:8555]  OOS[8555:8622]

[FRACDIFF] Optimal d  : 0.6953
           ADF p-val  : 4.9464 %  (n=572)
           Corr (raw) : 0.6449
[WFO]  Fold 111: insufficient events (train=102, val=49) — skipping

[PWFO]  IS126_OOS10 window 111: IS[7743:8622]  OOS[8622:8692]

[FRACDIFF] Optimal d  : 0.6875
           ADF p-val  : 4.6170 %  (n=572)
           Corr (raw) : 0.6088
[WFO]  Fold 112: insufficient events (train=106, val=45) — skipping

[PWFO]  IS126_OOS10 window 112: IS[7813:8692]  OOS[8692:8759]

[FRACDIFF] Optimal d  : 0.7891
           ADF p-val  : 4.8969 %  (n=572)
           Corr (raw) : 0.4318
[WFO]  Fold 113: insufficient events (train=102, val=42) — skipping

[PWFO]  IS126_OOS10 window 113: IS[7883:8759]  OOS[8759:8829]

[FRACDIFF] Optimal d  : 0.7031
           ADF p-val  : 4.3265 %  (n=572)
           Corr (raw) : 0.5259
[WFO]  Fold 114: insufficient events (train=108, val=42) — skipping

[PWFO]  IS126_OOS10 window 114: IS[7953:8829]  OOS[8829:8899]

[FRACDIFF] Optimal d  : 0.6562
           ADF p-val  : 4.9826 %  (n=572)
           Corr (raw) : 0.5744
[WFO]  Fold 115: insufficient events (train=104, val=44) — skipping

[PWFO]  IS126_OOS10 window 115: IS[8023:8899]  OOS[8899:8969]

[FRACDIFF] Optimal d  : 0.6641
           ADF p-val  : 4.7336 %  (n=572)
           Corr (raw) : 0.5580
[WFO]  Fold 116: insufficient events (train=99, val=50) — skipping

[PWFO]  IS126_OOS10 window 116: IS[8093:8969]  OOS[8969:9039]

[FRACDIFF] Optimal d  : 0.7344
           ADF p-val  : 4.7269 %  (n=569)
           Corr (raw) : 0.4990
[WFO]  Fold 117: insufficient events (train=97, val=55) — skipping

[PWFO]  IS126_OOS10 window 117: IS[8163:9039]  OOS[9039:9109]

[FRACDIFF] Optimal d  : 0.7500
           ADF p-val  : 4.4149 %  (n=569)
           Corr (raw) : 0.4861
[WFO]  Fold 118: insufficient events (train=104, val=54) — skipping

[PWFO]  IS126_OOS10 window 118: IS[8233:9109]  OOS[9109:9179]

[FRACDIFF] Optimal d  : 0.8125
           ADF p-val  : 4.3943 %  (n=566)
           Corr (raw) : 0.3989
[WFO]  Fold 119: insufficient events (train=95, val=61) — skipping

[PWFO]  IS126_OOS10 window 119: IS[8303:9179]  OOS[9179:9249]

[FRACDIFF] Optimal d  : 0.7969
           ADF p-val  : 4.3324 %  (n=566)
           Corr (raw) : 0.4230
[WFO]  Fold 120: insufficient events (train=96, val=59) — skipping

[PWFO]  IS126_OOS10 window 120: IS[8373:9249]  OOS[9249:9319]

[FRACDIFF] Optimal d  : 0.8047
           ADF p-val  : 3.9522 %  (n=566)
           Corr (raw) : 0.4199
[WFO]  Fold 121: insufficient events (train=99, val=55) — skipping

[PWFO]  IS126_OOS10 window 121: IS[8443:9319]  OOS[9319:9389]

[FRACDIFF] Optimal d  : 0.7422
           ADF p-val  : 4.6780 %  (n=566)
           Corr (raw) : 0.5680
[WFO]  Fold 122: insufficient events (train=96, val=54) — skipping

[PWFO]  IS126_OOS10 window 122: IS[8513:9389]  OOS[9389:9459]

[FRACDIFF] Optimal d  : 0.6562
           ADF p-val  : 4.9098 %  (n=566)
           Corr (raw) : 0.6425
[WFO]  Fold 123: insufficient events (train=104, val=50) — skipping

[PWFO]  IS126_OOS10 window 123: IS[8583:9459]  OOS[9459:9529]

[FRACDIFF] Optimal d  : 0.6641
           ADF p-val  : 16.7554 %  (n=566)
           Corr (raw) : 0.6300
[WFO]  Fold 124: insufficient events (train=108, val=54) — skipping

[PWFO]  IS126_OOS10 window 124: IS[8650:9529]  OOS[9529:9599]

[FRACDIFF] Optimal d  : 0.6484
           ADF p-val  : 0.0003 %  (n=569)
           Corr (raw) : 0.6779
[WFO]  Fold 125: insufficient events (train=113, val=51) — skipping

[PWFO]  IS126_OOS10 window 125: IS[8720:9599]  OOS[9599:9669]

[FRACDIFF] Optimal d  : 0.7109
           ADF p-val  : 0.0000 %  (n=569)
           Corr (raw) : 0.6033
[WFO]  Fold 126: insufficient events (train=108, val=51) — skipping

[PWFO]  IS126_OOS10 window 126: IS[8787:9669]  OOS[9669:9739]

[FRACDIFF] Optimal d  : 0.7500
           ADF p-val  : 4.0824 %  (n=572)
           Corr (raw) : 0.5481
[WFO]  Fold 127: insufficient events (train=112, val=44) — skipping

[PWFO]  IS126_OOS10 window 127: IS[8857:9739]  OOS[9739:9809]

[FRACDIFF] Optimal d  : 0.6953
           ADF p-val  : 4.7132 %  (n=572)
           Corr (raw) : 0.6578
[WFO]  Fold 128: insufficient events (train=114, val=43) — skipping

[PWFO]  IS126_OOS10 window 128: IS[8927:9809]  OOS[9809:9879]

[FRACDIFF] Optimal d  : 0.6875
           ADF p-val  : 4.9005 %  (n=572)
           Corr (raw) : 0.6755
[WFO]  Fold 129: insufficient events (train=106, val=45) — skipping

[PWFO]  IS126_OOS10 window 129: IS[8997:9879]  OOS[9879:9949]

[FRACDIFF] Optimal d  : 0.6406
           ADF p-val  : 8.2400 %  (n=572)
           Corr (raw) : 0.7694
[WFO]  Fold 130: insufficient events (train=109, val=45) — skipping

[PWFO]  IS126_OOS10 window 130: IS[9067:9949]  OOS[9949:10019]

[FRACDIFF] Optimal d  : 0.7109
           ADF p-val  : 4.2223 %  (n=572)
           Corr (raw) : 0.5804
[WFO]  Fold 131: insufficient events (train=97, val=51) — skipping

[PWFO]  IS126_OOS10 window 131: IS[9137:10019]  OOS[10019:10089]

[FRACDIFF] Optimal d  : 0.6719
           ADF p-val  : 4.5148 %  (n=572)
           Corr (raw) : 0.6980
[WFO]  Fold 132: insufficient events (train=96, val=53) — skipping

[PWFO]  IS126_OOS10 window 132: IS[9207:10089]  OOS[10089:10159]

[FRACDIFF] Optimal d  : 0.6719
           ADF p-val  : 5.6856 %  (n=572)
           Corr (raw) : 0.6505
[WFO]  Fold 133: insufficient events (train=94, val=56) — skipping

[PWFO]  IS126_OOS10 window 133: IS[9277:10159]  OOS[10159:10229]

[FRACDIFF] Optimal d  : 0.7031
           ADF p-val  : 10.6240 %  (n=572)
           Corr (raw) : 0.6299
[WFO]  Fold 134: insufficient events (train=97, val=60) — skipping

[PWFO]  IS126_OOS10 window 134: IS[9347:10229]  OOS[10229:10299]

[FRACDIFF] Optimal d  : 0.7031
           ADF p-val  : 1.7638 %  (n=572)
           Corr (raw) : 0.6490
[WFO]  Fold 135: insufficient events (train=97, val=56) — skipping

[PWFO]  IS126_OOS10 window 135: IS[9417:10299]  OOS[10299:10369]

[FRACDIFF] Optimal d  : 0.6719
           ADF p-val  : 4.4945 %  (n=572)
           Corr (raw) : 0.7478
[WFO]  Fold 136: insufficient events (train=96, val=50) — skipping

[PWFO]  IS126_OOS10 window 136: IS[9487:10369]  OOS[10369:10436]

[FRACDIFF] Optimal d  : 0.5703
           ADF p-val  : 4.7685 %  (n=572)
           Corr (raw) : 0.8390
[WFO]  Fold 137: insufficient events (train=103, val=49) — skipping

[PWFO]  IS126_OOS10 window 137: IS[9557:10436]  OOS[10436:10506]

[FRACDIFF] Optimal d  : 0.5000
           ADF p-val  : 4.9998 %  (n=572)
           Corr (raw) : 0.8459
[WFO]  Fold 138: insufficient events (train=106, val=49) — skipping

[PWFO]  IS126_OOS10 window 138: IS[9627:10506]  OOS[10506:10576]

[FRACDIFF] Optimal d  : 0.4375
           ADF p-val  : 4.7832 %  (n=572)
           Corr (raw) : 0.8737
[WFO]  Fold 139: insufficient events (train=104, val=52) — skipping

[PWFO]  IS126_OOS10 window 139: IS[9697:10576]  OOS[10576:10646]

[FRACDIFF] Optimal d  : 0.6406
           ADF p-val  : 4.1732 %  (n=572)
           Corr (raw) : 0.6916
[WFO]  Fold 140: insufficient events (train=104, val=52) — skipping

[PWFO]  IS126_OOS10 window 140: IS[9767:10646]  OOS[10646:10716]

[FRACDIFF] Optimal d  : 0.7578
           ADF p-val  : 4.4215 %  (n=572)
           Corr (raw) : 0.5192
[WFO]  Fold 141: insufficient events (train=105, val=57) — skipping

[PWFO]  IS126_OOS10 window 141: IS[9837:10716]  OOS[10716:10786]

[FRACDIFF] Optimal d  : 0.7109
           ADF p-val  : 4.5537 %  (n=569)
           Corr (raw) : 0.5571
[WFO]  Fold 142: insufficient events (train=111, val=58) — skipping

[PWFO]  IS126_OOS10 window 142: IS[9907:10786]  OOS[10786:10856]

[FRACDIFF] Optimal d  : 0.7266
           ADF p-val  : 4.8589 %  (n=569)
           Corr (raw) : 0.5118
[WFO]  Fold 143: insufficient events (train=107, val=61) — skipping

[PWFO]  IS126_OOS10 window 143: IS[9977:10856]  OOS[10856:10926]

[FRACDIFF] Optimal d  : 0.6953
           ADF p-val  : 4.2719 %  (n=569)
           Corr (raw) : 0.6289
[WFO]  Fold 144: insufficient events (train=106, val=67) — skipping

[PWFO]  IS126_OOS10 window 144: IS[10047:10926]  OOS[10926:10996]

[FRACDIFF] Optimal d  : 0.6484
           ADF p-val  : 4.9469 %  (n=569)
           Corr (raw) : 0.6713
[WFO]  Fold 145: insufficient events (train=100, val=68) — skipping

[PWFO]  IS126_OOS10 window 145: IS[10117:10996]  OOS[10996:11066]

[FRACDIFF] Optimal d  : 0.5469
           ADF p-val  : 4.8126 %  (n=569)
           Corr (raw) : 0.7699
[WFO]  Fold 146: insufficient events (train=110, val=58) — skipping

[PWFO]  IS126_OOS10 window 146: IS[10187:11066]  OOS[11066:11136]

[FRACDIFF] Optimal d  : 0.6250
           ADF p-val  : 4.5136 %  (n=569)
           Corr (raw) : 0.6269
[WFO]  Fold 147: insufficient events (train=112, val=57) — skipping

[PWFO]  IS126_OOS10 window 147: IS[10257:11136]  OOS[11136:11206]

[FRACDIFF] Optimal d  : 0.6797
           ADF p-val  : 4.7309 %  (n=569)
           Corr (raw) : 0.5783
[WFO]  Fold 148: insufficient events (train=120, val=60) — skipping

[PWFO]  IS126_OOS10 window 148: IS[10327:11206]  OOS[11206:11276]

[FRACDIFF] Optimal d  : 0.4531
           ADF p-val  : 4.4583 %  (n=569)
           Corr (raw) : 0.8989
[WFO]  Fold 149: insufficient events (train=124, val=58) — skipping

[PWFO]  IS126_OOS10 window 149: IS[10394:11276]  OOS[11276:11346]

[FRACDIFF] Optimal d  : 0.4141
           ADF p-val  : 4.4727 %  (n=572)
           Corr (raw) : 0.9252
[WFO]  Fold 150: insufficient events (train=119, val=62) — skipping

[PWFO]  IS126_OOS10 window 150: IS[10464:11346]  OOS[11346:11416]

[FRACDIFF] Optimal d  : 0.3984
           ADF p-val  : 4.9825 %  (n=572)
           Corr (raw) : 0.9304
[WFO]  Fold 151: insufficient events (train=119, val=64) — skipping

[PWFO]  IS126_OOS10 window 151: IS[10534:11416]  OOS[11416:11486]

[FRACDIFF] Optimal d  : 0.3359
           ADF p-val  : 4.5294 %  (n=572)
           Corr (raw) : 0.9500
[WFO]  Fold 152: insufficient events (train=127, val=53) — skipping

[PWFO]  IS126_OOS10 window 152: IS[10604:11486]  OOS[11486:11556]

[FRACDIFF] Optimal d  : 0.4219
           ADF p-val  : 4.5242 %  (n=572)
           Corr (raw) : 0.9056
[WFO]  Fold 153: insufficient events (train=130, val=54) — skipping

[PWFO]  IS126_OOS10 window 153: IS[10674:11556]  OOS[11556:11626]

[FRACDIFF] Optimal d  : 0.4453
           ADF p-val  : 4.6837 %  (n=572)
           Corr (raw) : 0.9184
[WFO]  Fold 154: insufficient events (train=121, val=56) — skipping

[PWFO]  IS126_OOS10 window 154: IS[10744:11626]  OOS[11626:11696]

[FRACDIFF] Optimal d  : 0.5625
           ADF p-val  : 4.2568 %  (n=572)
           Corr (raw) : 0.8184
[WFO]  Fold 155: insufficient events (train=123, val=55) — skipping

[PWFO]  IS126_OOS10 window 155: IS[10814:11696]  OOS[11696:11766]

[FRACDIFF] Optimal d  : 0.5938
           ADF p-val  : 4.2985 %  (n=572)
           Corr (raw) : 0.8175
[WFO]  Fold 156: insufficient events (train=114, val=60) — skipping

[PWFO]  IS126_OOS10 window 156: IS[10884:11766]  OOS[11766:11836]

[FRACDIFF] Optimal d  : 0.6719
           ADF p-val  : 4.1866 %  (n=572)
           Corr (raw) : 0.7280
[WFO]  Fold 157: insufficient events (train=115, val=59) — skipping

[PWFO]  IS126_OOS10 window 157: IS[10954:11836]  OOS[11836:11906]

[FRACDIFF] Optimal d  : 0.4844
           ADF p-val  : 4.9200 %  (n=572)
           Corr (raw) : 0.9122
[WFO]  Fold 158: insufficient events (train=116, val=59) — skipping

[PWFO]  IS126_OOS10 window 158: IS[11024:11906]  OOS[11906:11976]

[FRACDIFF] Optimal d  : 0.4141
           ADF p-val  : 4.9637 %  (n=572)
           Corr (raw) : 0.9259
[WFO]  Fold 159: insufficient events (train=119, val=61) — skipping

[PWFO]  IS126_OOS10 window 159: IS[11094:11976]  OOS[11976:12046]

[FRACDIFF] Optimal d  : 0.4375
           ADF p-val  : 4.9438 %  (n=572)
           Corr (raw) : 0.8996
[WFO]  Fold 160: insufficient events (train=116, val=64) — skipping

[PWFO]  IS126_OOS10 window 160: IS[11164:12046]  OOS[12046:12116]

[FRACDIFF] Optimal d  : 0.4688
           ADF p-val  : 4.7943 %  (n=572)
           Corr (raw) : 0.8792
[WFO]  Fold 161: insufficient events (train=115, val=62) — skipping

[PWFO]  IS126_OOS10 window 161: IS[11234:12116]  OOS[12116:12183]

[FRACDIFF] Optimal d  : 0.5156
           ADF p-val  : 4.6980 %  (n=572)
           Corr (raw) : 0.8475
[WFO]  Fold 162: insufficient events (train=113, val=60) — skipping

[PWFO]  IS126_OOS10 window 162: IS[11304:12183]  OOS[12183:12253]

[FRACDIFF] Optimal d  : 0.5703
           ADF p-val  : 4.3880 %  (n=572)
           Corr (raw) : 0.8035
[WFO]  Fold 163: insufficient events (train=116, val=56) — skipping

[PWFO]  IS126_OOS10 window 163: IS[11374:12253]  OOS[12253:12323]

[FRACDIFF] Optimal d  : 0.6562
           ADF p-val  : 13.3739 %  (n=572)
           Corr (raw) : 0.7078
[WFO]  Fold 164: insufficient events (train=122, val=50) — skipping

[PWFO]  IS126_OOS10 window 164: IS[11444:12323]  OOS[12323:12393]

[FRACDIFF] Optimal d  : 0.6953
           ADF p-val  : 4.6182 %  (n=572)
           Corr (raw) : 0.6260
[WFO]  Fold 165: insufficient events (train=124, val=47) — skipping

[PWFO]  IS126_OOS10 window 165: IS[11514:12393]  OOS[12393:12463]

[FRACDIFF] Optimal d  : 0.6094
           ADF p-val  : 4.5989 %  (n=572)
           Corr (raw) : 0.7641
[WFO]  Fold 166: insufficient events (train=122, val=49) — skipping

[PWFO]  IS126_OOS10 window 166: IS[11584:12463]  OOS[12463:12533]

[FRACDIFF] Optimal d  : 0.5547
           ADF p-val  : 4.5782 %  (n=569)
           Corr (raw) : 0.8283
[WFO]  Fold 167: insufficient events (train=118, val=54) — skipping

[PWFO]  IS126_OOS10 window 167: IS[11654:12533]  OOS[12533:12603]

[FRACDIFF] Optimal d  : 0.4297
           ADF p-val  : 4.9105 %  (n=569)
           Corr (raw) : 0.8998
[WFO]  Fold 168: insufficient events (train=116, val=57) — skipping

[PWFO]  IS126_OOS10 window 168: IS[11724:12603]  OOS[12603:12673]

[FRACDIFF] Optimal d  : 0.4375
           ADF p-val  : 4.5391 %  (n=569)
           Corr (raw) : 0.8826
[WFO]  Fold 169: insufficient events (train=111, val=62) — skipping

[PWFO]  IS126_OOS10 window 169: IS[11794:12673]  OOS[12673:12743]

[FRACDIFF] Optimal d  : 0.4609
           ADF p-val  : 4.7457 %  (n=569)
           Corr (raw) : 0.8671
[WFO]  Fold 170: insufficient events (train=111, val=66) — skipping

[PWFO]  IS126_OOS10 window 170: IS[11864:12743]  OOS[12743:12813]

[FRACDIFF] Optimal d  : 0.3750
           ADF p-val  : 4.6274 %  (n=569)
           Corr (raw) : 0.9364
[WFO]  Fold 171: insufficient events (train=112, val=61) — skipping

[PWFO]  IS126_OOS10 window 171: IS[11934:12813]  OOS[12813:12883]

[FRACDIFF] Optimal d  : 0.2734
           ADF p-val  : 4.7031 %  (n=569)
           Corr (raw) : 0.9731
[WFO]  Fold 172: insufficient events (train=110, val=59) — skipping

[PWFO]  IS126_OOS10 window 172: IS[12004:12883]  OOS[12883:12953]

[FRACDIFF] Optimal d  : 0.1875
           ADF p-val  : 4.9145 %  (n=569)
           Corr (raw) : 0.9879
[WFO]  Fold 173: insufficient events (train=111, val=62) — skipping

[PWFO]  IS126_OOS10 window 173: IS[12074:12953]  OOS[12953:13023]

[FRACDIFF] Optimal d  : 0.2031
           ADF p-val  : 4.7417 %  (n=569)
           Corr (raw) : 0.9840
[WFO]  Fold 174: insufficient events (train=115, val=55) — skipping

[PWFO]  IS126_OOS10 window 174: IS[12141:13023]  OOS[13023:13093]

[FRACDIFF] Optimal d  : 0.5547
           ADF p-val  : 0.0000 %  (n=572)
           Corr (raw) : 0.7267
[WFO]  Fold 175: insufficient events (train=117, val=60) — skipping

[PWFO]  IS126_OOS10 window 175: IS[12211:13093]  OOS[13093:13163]

[FRACDIFF] Optimal d  : 0.6094
           ADF p-val  : 0.0000 %  (n=572)
           Corr (raw) : 0.6897
[WFO]  Fold 176: insufficient events (train=119, val=63) — skipping

[PWFO]  IS126_OOS10 window 176: IS[12281:13163]  OOS[13163:13230]

[FRACDIFF] Optimal d  : 0.2500
           ADF p-val  : 4.9805 %  (n=572)
           Corr (raw) : 0.9784
[WFO]  Fold 177: insufficient events (train=125, val=61) — skipping

[PWFO]  IS126_OOS10 window 177: IS[12351:13230]  OOS[13230:13300]

[FRACDIFF] Optimal d  : 0.2500
           ADF p-val  : 4.7036 %  (n=572)
           Corr (raw) : 0.9733
[WFO]  Fold 178: insufficient events (train=124, val=57) — skipping

[PWFO]  IS126_OOS10 window 178: IS[12421:13300]  OOS[13300:13370]

[FRACDIFF] Optimal d  : 0.4375
           ADF p-val  : 4.5810 %  (n=572)
           Corr (raw) : 0.8807
[WFO]  Fold 179: insufficient events (train=124, val=56) — skipping

[PWFO]  IS126_OOS10 window 179: IS[12491:13370]  OOS[13370:13440]

[FRACDIFF] Optimal d  : 0.5859
           ADF p-val  : 4.6805 %  (n=572)
           Corr (raw) : 0.7847
[WFO]  Fold 180: insufficient events (train=126, val=56) — skipping

[PWFO]  IS126_OOS10 window 180: IS[12561:13440]  OOS[13440:13510]

[FRACDIFF] Optimal d  : 0.7656
           ADF p-val  : 4.5354 %  (n=572)
           Corr (raw) : 0.5192
[WFO]  Fold 181: insufficient events (train=123, val=56) — skipping

[PWFO]  IS126_OOS10 window 181: IS[12631:13510]  OOS[13510:13580]

[FRACDIFF] Optimal d  : 0.6641
           ADF p-val  : 0.3689 %  (n=569)
           Corr (raw) : 0.7636
[WFO]  Fold 182: insufficient events (train=115, val=59) — skipping

[PWFO]  IS126_OOS10 window 182: IS[12701:13580]  OOS[13580:13650]

[FRACDIFF] Optimal d  : 0.7812
           ADF p-val  : 0.0777 %  (n=569)
           Corr (raw) : 0.5865
[WFO]  Fold 183: insufficient events (train=115, val=61) — skipping

[PWFO]  IS126_OOS10 window 183: IS[12771:13650]  OOS[13650:13720]

[FRACDIFF] Optimal d  : 0.7812
           ADF p-val  : 4.5204 %  (n=569)
           Corr (raw) : 0.5704
[WFO]  Fold 184: insufficient events (train=120, val=64) — skipping

[PWFO]  IS126_OOS10 window 184: IS[12841:13720]  OOS[13720:13790]

[FRACDIFF] Optimal d  : 0.7969
           ADF p-val  : 3.9309 %  (n=569)
           Corr (raw) : 0.4745
[WFO]  Fold 185: insufficient events (train=119, val=66) — skipping

[PWFO]  IS126_OOS10 window 185: IS[12911:13790]  OOS[13790:13860]

[FRACDIFF] Optimal d  : 0.7109
           ADF p-val  : 4.8292 %  (n=569)
           Corr (raw) : 0.6406
[WFO]  Fold 186: insufficient events (train=118, val=66) — skipping

[PWFO]  IS126_OOS10 window 186: IS[12981:13860]  OOS[13860:13927]

[FRACDIFF] Optimal d  : 0.6641
           ADF p-val  : 4.9368 %  (n=569)
           Corr (raw) : 0.6095
[WFO]  Fold 187: insufficient events (train=119, val=62) — skipping

[PWFO]  IS126_OOS10 window 187: IS[13051:13927]  OOS[13927:13997]

[FRACDIFF] Optimal d  : 0.7188
           ADF p-val  : 4.5752 %  (n=569)
           Corr (raw) : 0.5093
[WFO]  Fold 188: insufficient events (train=120, val=54) — skipping

[PWFO]  IS126_OOS10 window 188: IS[13121:13997]  OOS[13997:14067]

[FRACDIFF] Optimal d  : 0.6641
           ADF p-val  : 4.4422 %  (n=569)
           Corr (raw) : 0.6091
[WFO]  Fold 189: insufficient events (train=122, val=50) — skipping

[PWFO]  IS126_OOS10 window 189: IS[13188:14067]  OOS[14067:14137]

[FRACDIFF] Optimal d  : 0.6797
           ADF p-val  : 4.5938 %  (n=572)
           Corr (raw) : 0.6385
[WFO]  Fold 190: insufficient events (train=128, val=48) — skipping

[PWFO]  IS126_OOS10 window 190: IS[13258:14137]  OOS[14137:14207]

[FRACDIFF] Optimal d  : 0.6250
           ADF p-val  : 4.4457 %  (n=572)
           Corr (raw) : 0.7059
[WFO]  Fold 191: insufficient events (train=126, val=57) — skipping

[PWFO]  IS126_OOS10 window 191: IS[13328:14207]  OOS[14207:14277]

[FRACDIFF] Optimal d  : 0.7344
           ADF p-val  : 4.6713 %  (n=569)
           Corr (raw) : 0.5447
[WFO]  Fold 192: insufficient events (train=122, val=62) — skipping

[PWFO]  IS126_OOS10 window 192: IS[13398:14277]  OOS[14277:14347]

[FRACDIFF] Optimal d  : 0.7969
           ADF p-val  : 4.1262 %  (n=569)
           Corr (raw) : 0.4925
[WFO]  Fold 193: insufficient events (train=118, val=62) — skipping

[PWFO]  IS126_OOS10 window 193: IS[13468:14347]  OOS[14347:14417]

[FRACDIFF] Optimal d  : 0.8281
           ADF p-val  : 4.6109 %  (n=569)
           Corr (raw) : 0.4708
[WFO]  Fold 194: insufficient events (train=116, val=57) — skipping

[PWFO]  IS126_OOS10 window 194: IS[13538:14417]  OOS[14417:14487]

[FRACDIFF] Optimal d  : 0.8281
           ADF p-val  : 3.8858 %  (n=569)
           Corr (raw) : 0.4942
[WFO]  Fold 195: insufficient events (train=120, val=54) — skipping

[PWFO]  IS126_OOS10 window 195: IS[13608:14487]  OOS[14487:14557]

[FRACDIFF] Optimal d  : 0.8281
           ADF p-val  : 4.8816 %  (n=569)
           Corr (raw) : 0.5174
[WFO]  Fold 196: insufficient events (train=117, val=49) — skipping

[PWFO]  IS126_OOS10 window 196: IS[13678:14557]  OOS[14557:14627]

[FRACDIFF] Optimal d  : 0.7969
           ADF p-val  : 4.3294 %  (n=569)
           Corr (raw) : 0.6462
[WFO]  Fold 197: insufficient events (train=118, val=52) — skipping

[PWFO]  IS126_OOS10 window 197: IS[13748:14627]  OOS[14627:14697]

[FRACDIFF] Optimal d  : 0.8125
           ADF p-val  : 0.5828 %  (n=569)
           Corr (raw) : 0.5124
[WFO]  Fold 198: insufficient events (train=106, val=55) — skipping

[PWFO]  IS126_OOS10 window 198: IS[13818:14697]  OOS[14697:14767]

[FRACDIFF] Optimal d  : 0.8203
           ADF p-val  : 4.8188 %  (n=569)
           Corr (raw) : 0.5130
[WFO]  Fold 199: insufficient events (train=111, val=49) — skipping

[PWFO]  IS126_OOS10 window 199: IS[13885:14767]  OOS[14767:14837]

[FRACDIFF] Optimal d  : 0.8203
           ADF p-val  : 4.2429 %  (n=572)
           Corr (raw) : 0.5003
[WFO]  Fold 200: insufficient events (train=111, val=50) — skipping

[PWFO]  IS126_OOS10 window 200: IS[13955:14837]  OOS[14837:14907]

[FRACDIFF] Optimal d  : 0.7891
           ADF p-val  : 4.8515 %  (n=572)
           Corr (raw) : 0.5164
[WFO]  Fold 201: insufficient events (train=114, val=49) — skipping

[PWFO]  IS126_OOS10 window 201: IS[14025:14907]  OOS[14907:14974]

[FRACDIFF] Optimal d  : 0.7109
           ADF p-val  : 4.9143 %  (n=572)
           Corr (raw) : 0.6450
[WFO]  Fold 202: insufficient events (train=116, val=46) — skipping

[PWFO]  IS126_OOS10 window 202: IS[14095:14974]  OOS[14974:15044]

[FRACDIFF] Optimal d  : 0.6250
           ADF p-val  : 4.7528 %  (n=572)
           Corr (raw) : 0.7254
[WFO]  Fold 203: insufficient events (train=108, val=54) — skipping

[PWFO]  IS126_OOS10 window 203: IS[14165:15044]  OOS[15044:15114]

[FRACDIFF] Optimal d  : 0.6484
           ADF p-val  : 15.3334 %  (n=572)
           Corr (raw) : 0.6642
[WFO]  Fold 204: insufficient events (train=104, val=59) — skipping

[PWFO]  IS126_OOS10 window 204: IS[14235:15114]  OOS[15114:15184]

[FRACDIFF] Optimal d  : 0.5000
           ADF p-val  : 4.5839 %  (n=572)
           Corr (raw) : 0.8637
[WFO]  Fold 205: insufficient events (train=102, val=59) — skipping

[PWFO]  IS126_OOS10 window 205: IS[14305:15184]  OOS[15184:15254]

[FRACDIFF] Optimal d  : 0.6484
           ADF p-val  : 56.9385 %  (n=572)
           Corr (raw) : 0.7273
[WFO]  Fold 206: insufficient events (train=102, val=57) — skipping

[PWFO]  IS126_OOS10 window 206: IS[14375:15254]  OOS[15254:15324]

[FRACDIFF] Optimal d  : 0.7500
           ADF p-val  : 4.5291 %  (n=569)
           Corr (raw) : 0.6262
[WFO]  Fold 207: insufficient events (train=102, val=57) — skipping

[PWFO]  IS126_OOS10 window 207: IS[14445:15324]  OOS[15324:15394]

[FRACDIFF] Optimal d  : 0.7578
           ADF p-val  : 4.5815 %  (n=569)
           Corr (raw) : 0.5964
[WFO]  Fold 208: insufficient events (train=106, val=54) — skipping

[PWFO]  IS126_OOS10 window 208: IS[14515:15394]  OOS[15394:15464]

[FRACDIFF] Optimal d  : 0.7109
           ADF p-val  : 4.3651 %  (n=569)
           Corr (raw) : 0.6153
[WFO]  Fold 209: insufficient events (train=111, val=49) — skipping

[PWFO]  IS126_OOS10 window 209: IS[14585:15464]  OOS[15464:15534]

[FRACDIFF] Optimal d  : 0.6797
           ADF p-val  : 4.6816 %  (n=569)
           Corr (raw) : 0.6248
[WFO]  Fold 210: insufficient events (train=101, val=53) — skipping

[PWFO]  IS126_OOS10 window 210: IS[14655:15534]  OOS[15534:15604]

[FRACDIFF] Optimal d  : 0.6172
           ADF p-val  : 4.5531 %  (n=569)
           Corr (raw) : 0.6862
[WFO]  Fold 211: insufficient events (train=106, val=50) — skipping

[PWFO]  IS126_OOS10 window 211: IS[14725:15604]  OOS[15604:15671]

[FRACDIFF] Optimal d  : 0.6562
           ADF p-val  : 4.7863 %  (n=569)
           Corr (raw) : 0.6070
[WFO]  Fold 212: insufficient events (train=113, val=45) — skipping

[PWFO]  IS126_OOS10 window 212: IS[14795:15671]  OOS[15671:15741]

[FRACDIFF] Optimal d  : 0.6016
           ADF p-val  : 4.5400 %  (n=569)
           Corr (raw) : 0.6920
[WFO]  Fold 213: insufficient events (train=109, val=48) — skipping

[PWFO]  IS126_OOS10 window 213: IS[14865:15741]  OOS[15741:15808]

[FRACDIFF] Optimal d  : 0.6953
           ADF p-val  : 20.1889 %  (n=569)
           Corr (raw) : 0.5807
[WFO]  Fold 214: insufficient events (train=108, val=50) — skipping

[PWFO]  IS126_OOS10 window 214: IS[14932:15808]  OOS[15808:15878]

[FRACDIFF] Optimal d  : 0.6641
           ADF p-val  : 20.1614 %  (n=572)
           Corr (raw) : 0.6483
[WFO]  Fold 215: insufficient events (train=108, val=49) — skipping

[PWFO]  IS126_OOS10 window 215: IS[15002:15878]  OOS[15878:15948]

[FRACDIFF] Optimal d  : 0.7109
           ADF p-val  : 4.2234 %  (n=572)
           Corr (raw) : 0.6113
[WFO]  Fold 216: insufficient events (train=101, val=53) — skipping

[PWFO]  IS126_OOS10 window 216: IS[15072:15948]  OOS[15948:16018]

[FRACDIFF] Optimal d  : 0.7500
           ADF p-val  : 4.2418 %  (n=569)
           Corr (raw) : 0.5227
[WFO]  Fold 217: insufficient events (train=102, val=52) — skipping

[PWFO]  IS126_OOS10 window 217: IS[15142:16018]  OOS[16018:16088]

[FRACDIFF] Optimal d  : 0.7656
           ADF p-val  : 4.3532 %  (n=569)
           Corr (raw) : 0.5318
[WFO]  Fold 218: insufficient events (train=102, val=49) — skipping

[PWFO]  IS126_OOS10 window 218: IS[15212:16088]  OOS[16088:16158]

[FRACDIFF] Optimal d  : 0.5234
           ADF p-val  : 4.9296 %  (n=566)
           Corr (raw) : 0.8826
[WFO]  Fold 219: insufficient events (train=102, val=57) — skipping

[PWFO]  IS126_OOS10 window 219: IS[15282:16158]  OOS[16158:16228]

[FRACDIFF] Optimal d  : 0.4766
           ADF p-val  : 4.5790 %  (n=566)
           Corr (raw) : 0.8613
[WFO]  Fold 220: insufficient events (train=101, val=60) — skipping

[PWFO]  IS126_OOS10 window 220: IS[15352:16228]  OOS[16228:16298]

[FRACDIFF] Optimal d  : 0.5391
           ADF p-val  : 4.5769 %  (n=566)
           Corr (raw) : 0.7743
[WFO]  Fold 221: insufficient events (train=101, val=63) — skipping

[PWFO]  IS126_OOS10 window 221: IS[15422:16298]  OOS[16298:16368]

[FRACDIFF] Optimal d  : 0.5625
           ADF p-val  : 4.4689 %  (n=566)
           Corr (raw) : 0.7157
[WFO]  Fold 222: insufficient events (train=103, val=70) — skipping

[PWFO]  IS126_OOS10 window 222: IS[15492:16368]  OOS[16368:16438]

[FRACDIFF] Optimal d  : 0.0078
           ADF p-val  : 1.0936 %  (n=566)
           Corr (raw) : 1.0000
[WFO]  Fold 223: insufficient events (train=105, val=60) — skipping

[PWFO]  IS126_OOS10 window 223: IS[15562:16438]  OOS[16438:16508]

[FRACDIFF] Optimal d  : 0.6406
           ADF p-val  : 4.8556 %  (n=566)
           Corr (raw) : 0.6375
[WFO]  Fold 224: insufficient events (train=115, val=50) — skipping

[PWFO]  IS126_OOS10 window 224: IS[15632:16508]  OOS[16508:16578]

[FRACDIFF] Optimal d  : 0.7109
           ADF p-val  : 4.9708 %  (n=566)
           Corr (raw) : 0.5448
[WFO]  Fold 225: insufficient events (train=112, val=44) — skipping

[PWFO]  IS126_OOS10 window 225: IS[15699:16578]  OOS[16578:16648]

[FRACDIFF] Optimal d  : 0.7188
           ADF p-val  : 4.3300 %  (n=569)
           Corr (raw) : 0.5367
[WFO]  Fold 226: insufficient events (train=125, val=36) — skipping

[PWFO]  IS126_OOS10 window 226: IS[15766:16648]  OOS[16648:16715]

[FRACDIFF] Optimal d  : 0.7266
           ADF p-val  : 4.3104 %  (n=572)
           Corr (raw) : 0.5231
[WFO]  Fold 227: insufficient events (train=118, val=45) — skipping

[PWFO]  IS126_OOS10 window 227: IS[15836:16715]  OOS[16715:16785]

[FRACDIFF] Optimal d  : 0.7188
           ADF p-val  : 4.6988 %  (n=572)
           Corr (raw) : 0.5333
[WFO]  Fold 228: insufficient events (train=112, val=46) — skipping

[PWFO]  IS126_OOS10 window 228: IS[15906:16785]  OOS[16785:16855]

[FRACDIFF] Optimal d  : 0.6875
           ADF p-val  : 4.5508 %  (n=572)
           Corr (raw) : 0.5814
[WFO]  Fold 229: insufficient events (train=111, val=54) — skipping

[PWFO]  IS126_OOS10 window 229: IS[15976:16855]  OOS[16855:16925]

[FRACDIFF] Optimal d  : 0.6875
           ADF p-val  : 4.6452 %  (n=572)
           Corr (raw) : 0.5804
[WFO]  Fold 230: insufficient events (train=108, val=56) — skipping

[PWFO]  IS126_OOS10 window 230: IS[16046:16925]  OOS[16925:16995]

[FRACDIFF] Optimal d  : 0.7188
           ADF p-val  : 4.8758 %  (n=572)
           Corr (raw) : 0.5255
[WFO]  Fold 231: insufficient events (train=110, val=49) — skipping

[PWFO]  IS126_OOS10 window 231: IS[16116:16995]  OOS[16995:17065]

[FRACDIFF] Optimal d  : 0.7734
           ADF p-val  : 4.8360 %  (n=569)
           Corr (raw) : 0.4766
[WFO]  Fold 232: insufficient events (train=99, val=49) — skipping
[PWFO]  IS126_OOS10: 232 windows, status {'insufficient_events': 232}
