
════════════════════════════════════════════════════════════
  Sampling events, labels and causal features on the full dataset
════════════════════════════════════════════════════════════
[LABEL] 3,238 events from 17,093 bars  |  -1=1462  0=15  1=1761  |  barriers {'vertical': 2454, 'lower': 439, 'upper': 345}
[FEAT]  wavelet_core      4 cols    0.00s
[FEAT]  trend             9 cols    0.00s
[FEAT]  mean_reversion    3 cols    0.00s
[FEAT]  volatility        6 cols    0.00s
[FEAT]  microstructure    5 cols    0.00s
[FEAT]  intraday          4 cols    0.00s

[PWFO]  IS252_OOS10 window 0: IS[0:1761]  OOS[1761:1831]

[FRACDIFF] Optimal d  : 0.7812
           ADF p-val  : 1.0577 %  (n=1160)
           Corr (raw) : 0.5744
[META]  logit_l2 {'C': 0.01}  calibration=sigmoid (cv Brier sigmoid=0.2532 isotonic=0.2605)
[META]  Trained on 320 events  (success rate=0.475)
[PRIM]  wavelet_trend: long share oof=0.506  test=0.533

[PWFO]  IS252_OOS10 window 1: IS[70:1831]  OOS[1831:1901]

[FRACDIFF] Optimal d  : 0.7656
           ADF p-val  : 0.2167 %  (n=1160)
           Corr (raw) : 0.5929
[META]  logit_l2 {'C': 0.01}  calibration=sigmoid (cv Brier sigmoid=0.2506 isotonic=0.2544)
[META]  Trained on 335 events  (success rate=0.472)
[PRIM]  wavelet_trend: long share oof=0.507  test=0.583

[PWFO]  IS252_OOS10 window 2: IS[140:1901]  OOS[1901:1971]

[FRACDIFF] Optimal d  : 0.5859
           ADF p-val  : 10.7839 %  (n=1160)
           Corr (raw) : 0.8961
[META]  logit_l2 {'C': 0.01}  calibration=sigmoid (cv Brier sigmoid=0.2518 isotonic=0.2582)
[META]  Trained on 331 events  (success rate=0.477)
[PRIM]  wavelet_trend: long share oof=0.508  test=0.909
[PRIM]  Warning: fold 3 test sides are 90.9% long (one-sided primary)

[PWFO]  IS252_OOS10 window 3: IS[210:1971]  OOS[1971:2041]

[FRACDIFF] Optimal d  : 0.6484
           ADF p-val  : 4.8307 %  (n=1160)
           Corr (raw) : 0.7910
[META]  logit_l2 {'C': 0.01}  calibration=sigmoid (cv Brier sigmoid=0.2610 isotonic=0.2725)
[META]  Trained on 326 events  (success rate=0.482)
[PRIM]  wavelet_trend: long share oof=0.531  test=0.812

[PWFO]  IS252_OOS10 window 4: IS[280:2041]  OOS[2041:2111]

[FRACDIFF] Optimal d  : 0.5781
           ADF p-val  : 4.4686 %  (n=1160)
           Corr (raw) : 0.8526
[META]  logit_l2 {'C': 0.01}  calibration=sigmoid (cv Brier sigmoid=0.2601 isotonic=0.2766)
[META]  Trained on 331 events  (success rate=0.480)
[PRIM]  wavelet_trend: long share oof=0.538  test=0.538

[PWFO]  IS252_OOS10 window 5: IS[350:2111]  OOS[2111:2181]

[FRACDIFF] Optimal d  : 0.5781
           ADF p-val  : 4.3887 %  (n=1160)
           Corr (raw) : 0.8309
[META]  logit_l2 {'C': 0.01}  calibration=sigmoid (cv Brier sigmoid=0.2504 isotonic=0.2550)
[META]  Trained on 330 events  (success rate=0.461)
[PRIM]  wavelet_trend: long share oof=0.533  test=0.267

[PWFO]  IS252_OOS10 window 6: IS[420:2181]  OOS[2181:2251]

[FRACDIFF] Optimal d  : 0.5781
           ADF p-val  : 4.4695 %  (n=1160)
           Corr (raw) : 0.8314
[META]  logit_l2 {'C': 0.01}  calibration=isotonic (cv Brier sigmoid=0.2503 isotonic=0.2501)
[META]  Trained on 335 events  (success rate=0.466)
[PRIM]  wavelet_trend: long share oof=0.522  test=0.417

[PWFO]  IS252_OOS10 window 7: IS[490:2251]  OOS[2251:2321]

[FRACDIFF] Optimal d  : 0.6406
           ADF p-val  : 4.9570 %  (n=1157)
           Corr (raw) : 0.7599
[META]  logit_l2 {'C': 0.01}  calibration=isotonic (cv Brier sigmoid=0.2511 isotonic=0.2464)
[META]  Trained on 331 events  (success rate=0.450)
[PRIM]  wavelet_trend: long share oof=0.529  test=0.667

[PWFO]  IS252_OOS10 window 8: IS[560:2321]  OOS[2321:2391]

[FRACDIFF] Optimal d  : 0.6406
           ADF p-val  : 4.9972 %  (n=1157)
           Corr (raw) : 0.7951
[META]  logit_l2 {'C': 0.01}  calibration=sigmoid (cv Brier sigmoid=0.2525 isotonic=0.2601)
[META]  Trained on 335 events  (success rate=0.442)
[PRIM]  wavelet_trend: long share oof=0.531  test=0.538

[PWFO]  IS252_OOS10 window 9: IS[630:2391]  OOS[2391:2461]

[FRACDIFF] Optimal d  : 0.6484
           ADF p-val  : 4.9984 %  (n=1157)
           Corr (raw) : 0.7943
[META]  logit_l2 {'C': 0.01}  calibration=sigmoid (cv Brier sigmoid=0.2538 isotonic=0.2643)
[META]  Trained on 333 events  (success rate=0.447)
[PRIM]  wavelet_trend: long share oof=0.538  test=0.400

[PWFO]  IS252_OOS10 window 10: IS[700:2461]  OOS[2461:2531]

[FRACDIFF] Optimal d  : 0.6797
           ADF p-val  : 4.4763 %  (n=1157)
           Corr (raw) : 0.7553
[META]  logit_l2 {'C': 0.01}  calibration=sigmoid (cv Brier sigmoid=0.2523 isotonic=0.2628)
[META]  Trained on 327 events  (success rate=0.456)
[PRIM]  wavelet_trend: long share oof=0.541  test=0.750

[PWFO]  IS252_OOS10 window 11: IS[770:2531]  OOS[2531:2601]

[FRACDIFF] Optimal d  : 0.6719
           ADF p-val  : 4.6124 %  (n=1157)
           Corr (raw) : 0.7835
[META]  logit_l2 {'C': 0.01}  calibration=sigmoid (cv Brier sigmoid=0.2518 isotonic=0.2726)
[META]  Trained on 326 events  (success rate=0.454)
[PRIM]  wavelet_trend: long share oof=0.540  test=0.500

[PWFO]  IS252_OOS10 window 12: IS[840:2601]  OOS[2601:2668]

[FRACDIFF] Optimal d  : 0.7891
           ADF p-val  : 3.9511 %  (n=1157)
           Corr (raw) : 0.5785
[META]  logit_l2 {'C': 0.01}  calibration=sigmoid (cv Brier sigmoid=0.2502 isotonic=0.2585)
[META]  Trained on 322 events  (success rate=0.450)
[PRIM]  wavelet_trend: long share oof=0.556  test=0.235

[PWFO]  IS252_OOS10 window 13: IS[910:2668]  OOS[2668:2738]

[FRACDIFF] Optimal d  : 0.8516
           ADF p-val  : 0.1531 %  (n=1157)
           Corr (raw) : 0.4691
[META]  logit_l2 {'C': 0.01}  calibration=sigmoid (cv Brier sigmoid=0.2516 isotonic=0.2597)
[META]  Trained on 328 events  (success rate=0.451)
[PRIM]  wavelet_trend: long share oof=0.537  test=0.900

[PWFO]  IS252_OOS10 window 14: IS[980:2738]  OOS[2738:2808]

[FRACDIFF] Optimal d  : 0.8516
           ADF p-val  : 0.1583 %  (n=1157)
           Corr (raw) : 0.4843
[META]  logit_l2 {'C': 0.01}  calibration=sigmoid (cv Brier sigmoid=0.2511 isotonic=0.2575)
[META]  Trained on 330 events  (success rate=0.452)
[PRIM]  wavelet_trend: long share oof=0.542  test=0.700

[PWFO]  IS252_OOS10 window 15: IS[1050:2808]  OOS[2808:2878]

[FRACDIFF] Optimal d  : 0.8672
           ADF p-val  : 0.7784 %  (n=1157)
           Corr (raw) : 0.4417
[META]  logit_l2 {'C': 0.01}  calibration=sigmoid (cv Brier sigmoid=0.2511 isotonic=0.2632)
[META]  Trained on 329 events  (success rate=0.453)
[PRIM]  wavelet_trend: long share oof=0.547  test=0.294

[PWFO]  IS252_OOS10 window 16: IS[1120:2878]  OOS[2878:2948]

[FRACDIFF] Optimal d  : 0.8672
           ADF p-val  : 0.9047 %  (n=1157)
           Corr (raw) : 0.4446
[META]  logit_l2 {'C': 0.01}  calibration=sigmoid (cv Brier sigmoid=0.2507 isotonic=0.2535)
[META]  Trained on 332 events  (success rate=0.467)
[PRIM]  wavelet_trend: long share oof=0.539  test=0.625

[PWFO]  IS252_OOS10 window 17: IS[1190:2948]  OOS[2948:3018]

[FRACDIFF] Optimal d  : 0.8750
           ADF p-val  : 0.0930 %  (n=1157)
           Corr (raw) : 0.4318
[META]  logit_l2 {'C': 0.01}  calibration=sigmoid (cv Brier sigmoid=0.2516 isotonic=0.2566)
[META]  Trained on 331 events  (success rate=0.471)
[PRIM]  wavelet_trend: long share oof=0.553  test=0.714

[PWFO]  IS252_OOS10 window 18: IS[1260:3018]  OOS[3018:3088]

[FRACDIFF] Optimal d  : 0.8672
           ADF p-val  : 0.4703 %  (n=1157)
           Corr (raw) : 0.4528
[META]  logit_l2 {'C': 0.01}  calibration=sigmoid (cv Brier sigmoid=0.2502 isotonic=0.2547)
[META]  Trained on 324 events  (success rate=0.460)
[PRIM]  wavelet_trend: long share oof=0.565  test=0.500

[PWFO]  IS252_OOS10 window 19: IS[1330:3088]  OOS[3088:3158]

[FRACDIFF] Optimal d  : 0.8828
           ADF p-val  : 0.3405 %  (n=1157)
           Corr (raw) : 0.4207
[META]  logit_l2 {'C': 0.01}  calibration=sigmoid (cv Brier sigmoid=0.2480 isotonic=0.2517)
[META]  Trained on 327 events  (success rate=0.456)
[PRIM]  wavelet_trend: long share oof=0.557  test=0.750

[PWFO]  IS252_OOS10 window 20: IS[1400:3158]  OOS[3158:3228]

[FRACDIFF] Optimal d  : 0.8672
           ADF p-val  : 0.5226 %  (n=1157)
           Corr (raw) : 0.4629
[META]  logit_l2 {'C': 0.01}  calibration=sigmoid (cv Brier sigmoid=0.2527 isotonic=0.2529)
[META]  Trained on 319 events  (success rate=0.464)
[PRIM]  wavelet_trend: long share oof=0.580  test=0.600

[PWFO]  IS252_OOS10 window 21: IS[1470:3228]  OOS[3228:3298]

[FRACDIFF] Optimal d  : 0.8359
           ADF p-val  : 0.0550 %  (n=1157)
           Corr (raw) : 0.5148
[META]  logit_l2 {'C': 0.01}  calibration=sigmoid (cv Brier sigmoid=0.2507 isotonic=0.2531)
[META]  Trained on 326 events  (success rate=0.472)
[PRIM]  wavelet_trend: long share oof=0.580  test=0.471

[PWFO]  IS252_OOS10 window 22: IS[1540:3298]  OOS[3298:3365]

[FRACDIFF] Optimal d  : 0.8438
           ADF p-val  : 0.4940 %  (n=1154)
           Corr (raw) : 0.4776
[META]  logit_l2 {'C': 0.01}  calibration=sigmoid (cv Brier sigmoid=0.2547 isotonic=0.2694)
[META]  Trained on 327 events  (success rate=0.459)
[PRIM]  wavelet_trend: long share oof=0.581  test=0.700

[PWFO]  IS252_OOS10 window 23: IS[1607:3365]  OOS[3365:3435]

[FRACDIFF] Optimal d  : 0.8281
           ADF p-val  : 0.8447 %  (n=1157)
           Corr (raw) : 0.5122
[META]  logit_l2 {'C': 0.01}  calibration=sigmoid (cv Brier sigmoid=0.2523 isotonic=0.2645)
[META]  Trained on 330 events  (success rate=0.448)
[PRIM]  wavelet_trend: long share oof=0.570  test=0.750

[PWFO]  IS252_OOS10 window 24: IS[1677:3435]  OOS[3435:3505]

[FRACDIFF] Optimal d  : 0.8359
           ADF p-val  : 0.6288 %  (n=1157)
           Corr (raw) : 0.4859
[META]  logit_l2 {'C': 0.01}  calibration=sigmoid (cv Brier sigmoid=0.2518 isotonic=0.2539)
[META]  Trained on 323 events  (success rate=0.437)
[PRIM]  wavelet_trend: long share oof=0.563  test=0.556

[PWFO]  IS252_OOS10 window 25: IS[1747:3505]  OOS[3505:3575]

[FRACDIFF] Optimal d  : 0.7969
           ADF p-val  : 1.6296 %  (n=1157)
           Corr (raw) : 0.5572
[META]  logit_l2 {'C': 0.01}  calibration=sigmoid (cv Brier sigmoid=0.2491 isotonic=0.2601)
[META]  Trained on 322 events  (success rate=0.441)
[PRIM]  wavelet_trend: long share oof=0.562  test=1.000
[PRIM]  Warning: fold 26 test sides are 100.0% long (one-sided primary)

[PWFO]  IS252_OOS10 window 26: IS[1817:3575]  OOS[3575:3645]

[FRACDIFF] Optimal d  : 0.7891
           ADF p-val  : 0.8978 %  (n=1157)
           Corr (raw) : 0.5702
[META]  logit_l2 {'C': 0.01}  calibration=sigmoid (cv Brier sigmoid=0.2478 isotonic=0.2606)
[META]  Trained on 320 events  (success rate=0.447)
[PRIM]  wavelet_trend: long share oof=0.584  test=0.944
[PRIM]  Warning: fold 27 test sides are 94.4% long (one-sided primary)

[PWFO]  IS252_OOS10 window 27: IS[1887:3645]  OOS[3645:3715]

[FRACDIFF] Optimal d  : 0.7734
           ADF p-val  : 1.1416 %  (n=1157)
           Corr (raw) : 0.5919
[META]  logit_l2 {'C': 0.01}  calibration=sigmoid (cv Brier sigmoid=0.2503 isotonic=0.2718)
[META]  Trained on 325 events  (success rate=0.449)
[PRIM]  wavelet_trend: long share oof=0.603  test=0.050
[PRIM]  Warning: fold 28 test sides are 5.0% long (one-sided primary)

[PWFO]  IS252_OOS10 window 28: IS[1957:3715]  OOS[3715:3785]

[FRACDIFF] Optimal d  : 0.7891
           ADF p-val  : 4.1622 %  (n=1157)
           Corr (raw) : 0.5782
[META]  logit_l2 {'C': 0.01}  calibration=sigmoid (cv Brier sigmoid=0.2515 isotonic=0.2585)
[META]  Trained on 336 events  (success rate=0.461)
[PRIM]  wavelet_trend: long share oof=0.571  test=0.786

[PWFO]  IS252_OOS10 window 29: IS[2027:3785]  OOS[3785:3855]

[FRACDIFF] Optimal d  : 0.8281
           ADF p-val  : 1.5373 %  (n=1157)
           Corr (raw) : 0.5229
[META]  logit_l2 {'C': 0.01}  calibration=sigmoid (cv Brier sigmoid=0.2514 isotonic=0.2580)
[META]  Trained on 334 events  (success rate=0.464)
[PRIM]  wavelet_trend: long share oof=0.566  test=0.562

[PWFO]  IS252_OOS10 window 30: IS[2097:3855]  OOS[3855:3925]

[FRACDIFF] Optimal d  : 0.8438
           ADF p-val  : 0.9527 %  (n=1157)
           Corr (raw) : 0.4992
[META]  logit_l2 {'C': 0.01}  calibration=sigmoid (cv Brier sigmoid=0.2564 isotonic=0.2711)
[META]  Trained on 337 events  (success rate=0.469)
[PRIM]  wavelet_trend: long share oof=0.567  test=0.053
[PRIM]  Warning: fold 31 test sides are 5.3% long (one-sided primary)

[PWFO]  IS252_OOS10 window 31: IS[2167:3925]  OOS[3925:3995]

[FRACDIFF] Optimal d  : 0.8359
           ADF p-val  : 4.2239 %  (n=1157)
           Corr (raw) : 0.5289
[META]  logit_l2 {'C': 0.01}  calibration=sigmoid (cv Brier sigmoid=0.2571 isotonic=0.2669)
[META]  Trained on 339 events  (success rate=0.472)
[PRIM]  wavelet_trend: long share oof=0.552  test=0.312

[PWFO]  IS252_OOS10 window 32: IS[2237:3995]  OOS[3995:4065]

[FRACDIFF] Optimal d  : 0.8281
           ADF p-val  : 4.6555 %  (n=1154)
           Corr (raw) : 0.5606
[META]  logit_l2 {'C': 0.01}  calibration=sigmoid (cv Brier sigmoid=0.2541 isotonic=0.2546)
[META]  Trained on 346 events  (success rate=0.483)
[PRIM]  wavelet_trend: long share oof=0.538  test=0.357

[PWFO]  IS252_OOS10 window 33: IS[2307:4065]  OOS[4065:4135]

[FRACDIFF] Optimal d  : 0.8516
           ADF p-val  : 4.9149 %  (n=1154)
           Corr (raw) : 0.5299
[META]  logit_l2 {'C': 0.01}  calibration=isotonic (cv Brier sigmoid=0.2583 isotonic=0.2465)
[META]  Trained on 345 events  (success rate=0.487)
[PRIM]  wavelet_trend: long share oof=0.533  test=0.467

[PWFO]  IS252_OOS10 window 34: IS[2377:4135]  OOS[4135:4205]

[FRACDIFF] Optimal d  : 0.8906
           ADF p-val  : 2.9176 %  (n=1154)
           Corr (raw) : 0.4313
[META]  logit_l2 {'C': 0.01}  calibration=sigmoid (cv Brier sigmoid=0.2508 isotonic=0.2522)
[META]  Trained on 349 events  (success rate=0.484)
[PRIM]  wavelet_trend: long share oof=0.521  test=0.636

[PWFO]  IS252_OOS10 window 35: IS[2447:4205]  OOS[4205:4275]

[FRACDIFF] Optimal d  : 0.9141
           ADF p-val  : 2.9738 %  (n=1154)
           Corr (raw) : 0.4103
[META]  logit_l2 {'C': 0.01}  calibration=sigmoid (cv Brier sigmoid=0.2537 isotonic=0.2571)
[META]  Trained on 347 events  (success rate=0.478)
[PRIM]  wavelet_trend: long share oof=0.536  test=0.500

[PWFO]  IS252_OOS10 window 36: IS[2517:4275]  OOS[4275:4345]
[WFO]  Fold 37: fracdiff failed (d_ has nan. You may want to increase `upper`.) — skipping

[PWFO]  IS252_OOS10 window 37: IS[2587:4345]  OOS[4345:4412]

[FRACDIFF] Optimal d  : 0.8750
           ADF p-val  : 1.4401 %  (n=1154)
           Corr (raw) : 0.4109
[META]  logit_l2 {'C': 0.01}  calibration=sigmoid (cv Brier sigmoid=0.2497 isotonic=0.2735)
[META]  Trained on 352 events  (success rate=0.486)
[PRIM]  wavelet_trend: long share oof=0.520  test=0.500

[PWFO]  IS252_OOS10 window 38: IS[2654:4412]  OOS[4412:4482]

[FRACDIFF] Optimal d  : 0.8594
           ADF p-val  : 1.4983 %  (n=1157)
           Corr (raw) : 0.4353
[META]  logit_l2 {'C': 0.01}  calibration=sigmoid (cv Brier sigmoid=0.2481 isotonic=0.2747)
[META]  Trained on 348 events  (success rate=0.480)
[PRIM]  wavelet_trend: long share oof=0.532  test=0.857

[PWFO]  IS252_OOS10 window 39: IS[2724:4482]  OOS[4482:4552]

[FRACDIFF] Optimal d  : 0.8359
           ADF p-val  : 2.1553 %  (n=1157)
           Corr (raw) : 0.4989
[META]  logit_l2 {'C': 0.01}  calibration=sigmoid (cv Brier sigmoid=0.2488 isotonic=0.2624)
[META]  Trained on 346 events  (success rate=0.483)
[PRIM]  wavelet_trend: long share oof=0.532  test=0.643

[PWFO]  IS252_OOS10 window 40: IS[2794:4552]  OOS[4552:4622]

[FRACDIFF] Optimal d  : 0.7969
           ADF p-val  : 2.4769 %  (n=1157)
           Corr (raw) : 0.5525
[META]  logit_l2 {'C': 0.01}  calibration=sigmoid (cv Brier sigmoid=0.2483 isotonic=0.2636)
[META]  Trained on 350 events  (success rate=0.489)
[PRIM]  wavelet_trend: long share oof=0.531  test=0.429

[PWFO]  IS252_OOS10 window 41: IS[2864:4622]  OOS[4622:4692]

[FRACDIFF] Optimal d  : 0.7812
           ADF p-val  : 2.1091 %  (n=1157)
           Corr (raw) : 0.5476
[META]  logit_l2 {'C': 0.01}  calibration=sigmoid (cv Brier sigmoid=0.2507 isotonic=0.2581)
[META]  Trained on 347 events  (success rate=0.487)
[PRIM]  wavelet_trend: long share oof=0.533  test=0.909
[PRIM]  Warning: fold 42 test sides are 90.9% long (one-sided primary)

[PWFO]  IS252_OOS10 window 42: IS[2934:4692]  OOS[4692:4762]

[FRACDIFF] Optimal d  : 0.7344
           ADF p-val  : 2.2059 %  (n=1157)
           Corr (raw) : 0.6187
[META]  logit_l2 {'C': 0.01}  calibration=sigmoid (cv Brier sigmoid=0.2520 isotonic=0.2661)
[META]  Trained on 344 events  (success rate=0.485)
[PRIM]  wavelet_trend: long share oof=0.547  test=0.471

[PWFO]  IS252_OOS10 window 43: IS[3004:4762]  OOS[4762:4832]

[FRACDIFF] Optimal d  : 0.7109
           ADF p-val  : 1.9666 %  (n=1157)
           Corr (raw) : 0.6358
[META]  logit_l2 {'C': 0.01}  calibration=sigmoid (cv Brier sigmoid=0.2526 isotonic=0.2718)
[META]  Trained on 352 events  (success rate=0.489)
[PRIM]  wavelet_trend: long share oof=0.543  test=0.545

[PWFO]  IS252_OOS10 window 44: IS[3074:4832]  OOS[4832:4902]

[FRACDIFF] Optimal d  : 0.7031
           ADF p-val  : 1.5271 %  (n=1157)
           Corr (raw) : 0.6141
[META]  logit_l2 {'C': 0.01}  calibration=sigmoid (cv Brier sigmoid=0.2513 isotonic=0.2713)
[META]  Trained on 348 events  (success rate=0.491)
[PRIM]  wavelet_trend: long share oof=0.543  test=0.136

[PWFO]  IS252_OOS10 window 45: IS[3144:4902]  OOS[4902:4972]

[FRACDIFF] Optimal d  : 0.7109
           ADF p-val  : 1.2080 %  (n=1157)
           Corr (raw) : 0.5892
[META]  logit_l2 {'C': 0.01}  calibration=sigmoid (cv Brier sigmoid=0.2533 isotonic=0.2767)
[META]  Trained on 362 events  (success rate=0.478)
[PRIM]  wavelet_trend: long share oof=0.511  test=0.250

[PWFO]  IS252_OOS10 window 46: IS[3214:4972]  OOS[4972:5042]

[FRACDIFF] Optimal d  : 0.6328
           ADF p-val  : 1.3482 %  (n=1157)
           Corr (raw) : 0.6996
[META]  logit_l2 {'C': 0.01}  calibration=sigmoid (cv Brier sigmoid=0.2508 isotonic=0.2660)
[META]  Trained on 361 events  (success rate=0.476)
[PRIM]  wavelet_trend: long share oof=0.496  test=0.462

[PWFO]  IS252_OOS10 window 47: IS[3284:5042]  OOS[5042:5109]

[FRACDIFF] Optimal d  : 0.5156
           ADF p-val  : 4.8642 %  (n=1154)
           Corr (raw) : 0.8420
[META]  logit_l2 {'C': 0.01}  calibration=sigmoid (cv Brier sigmoid=0.2522 isotonic=0.2843)
[META]  Trained on 358 events  (success rate=0.475)
[PRIM]  wavelet_trend: long share oof=0.492  test=0.250

[PWFO]  IS252_OOS10 window 48: IS[3351:5109]  OOS[5109:5179]

[FRACDIFF] Optimal d  : 0.5781
           ADF p-val  : 4.7426 %  (n=1157)
           Corr (raw) : 0.7556
[META]  logit_l2 {'C': 0.01}  calibration=sigmoid (cv Brier sigmoid=0.2519 isotonic=0.2612)
[META]  Trained on 366 events  (success rate=0.489)
[PRIM]  wavelet_trend: long share oof=0.478  test=0.471

[PWFO]  IS252_OOS10 window 49: IS[3421:5179]  OOS[5179:5246]

[FRACDIFF] Optimal d  : 0.6641
           ADF p-val  : 0.9024 %  (n=1157)
           Corr (raw) : 0.6287
[META]  logit_l2 {'C': 0.01}  calibration=sigmoid (cv Brier sigmoid=0.2513 isotonic=0.2604)
[META]  Trained on 369 events  (success rate=0.477)
[PRIM]  wavelet_trend: long share oof=0.466  test=0.053
[PRIM]  Warning: fold 50 test sides are 5.3% long (one-sided primary)

[PWFO]  IS252_OOS10 window 50: IS[3491:5246]  OOS[5246:5316]

[FRACDIFF] Optimal d  : 0.7031
           ADF p-val  : 0.6444 %  (n=1157)
           Corr (raw) : 0.5741
[META]  logit_l2 {'C': 0.01}  calibration=sigmoid (cv Brier sigmoid=0.2499 isotonic=0.2584)
[META]  Trained on 378 events  (success rate=0.484)
[PRIM]  wavelet_trend: long share oof=0.444  test=0.800

[PWFO]  IS252_OOS10 window 51: IS[3561:5316]  OOS[5316:5386]

[FRACDIFF] Optimal d  : 0.7266
           ADF p-val  : 0.7283 %  (n=1157)
           Corr (raw) : 0.5593
[META]  logit_l2 {'C': 0.01}  calibration=sigmoid (cv Brier sigmoid=0.2483 isotonic=0.2660)
[META]  Trained on 374 events  (success rate=0.484)
[PRIM]  wavelet_trend: long share oof=0.433  test=0.769

[PWFO]  IS252_OOS10 window 52: IS[3631:5386]  OOS[5386:5456]

[FRACDIFF] Optimal d  : 0.7656
           ADF p-val  : 0.4292 %  (n=1157)
           Corr (raw) : 0.5048
[META]  logit_l2 {'C': 0.01}  calibration=sigmoid (cv Brier sigmoid=0.2456 isotonic=0.2528)
[META]  Trained on 368 events  (success rate=0.478)
[PRIM]  wavelet_trend: long share oof=0.418  test=0.538

[PWFO]  IS252_OOS10 window 53: IS[3701:5456]  OOS[5456:5526]

[FRACDIFF] Optimal d  : 0.7188
           ADF p-val  : 4.0106 %  (n=1157)
           Corr (raw) : 0.6484
[META]  logit_l2 {'C': 0.01}  calibration=sigmoid (cv Brier sigmoid=0.2480 isotonic=0.2548)
[META]  Trained on 360 events  (success rate=0.467)
[PRIM]  wavelet_trend: long share oof=0.436  test=0.917
[PRIM]  Warning: fold 54 test sides are 91.7% long (one-sided primary)

[PWFO]  IS252_OOS10 window 54: IS[3771:5526]  OOS[5526:5596]

[FRACDIFF] Optimal d  : 0.6719
           ADF p-val  : 4.4029 %  (n=1157)
           Corr (raw) : 0.7291
[META]  logit_l2 {'C': 0.01}  calibration=sigmoid (cv Brier sigmoid=0.2497 isotonic=0.2538)
[META]  Trained on 359 events  (success rate=0.465)
[PRIM]  wavelet_trend: long share oof=0.446  test=0.333

[PWFO]  IS252_OOS10 window 55: IS[3841:5596]  OOS[5596:5666]

[FRACDIFF] Optimal d  : 0.7109
           ADF p-val  : 4.7387 %  (n=1157)
           Corr (raw) : 0.6304
[META]  logit_l2 {'C': 0.01}  calibration=sigmoid (cv Brier sigmoid=0.2490 isotonic=0.2520)
[META]  Trained on 358 events  (success rate=0.453)
[PRIM]  wavelet_trend: long share oof=0.433  test=0.625

[PWFO]  IS252_OOS10 window 56: IS[3911:5666]  OOS[5666:5736]

[FRACDIFF] Optimal d  : 0.6406
           ADF p-val  : 4.6102 %  (n=1157)
           Corr (raw) : 0.7515
[META]  logit_l2 {'C': 0.01}  calibration=sigmoid (cv Brier sigmoid=0.2470 isotonic=0.2495)
[META]  Trained on 355 events  (success rate=0.442)
[PRIM]  wavelet_trend: long share oof=0.459  test=0.833

[PWFO]  IS252_OOS10 window 57: IS[3981:5736]  OOS[5736:5806]

[FRACDIFF] Optimal d  : 0.6562
           ADF p-val  : 4.7768 %  (n=1154)
           Corr (raw) : 0.7037
[META]  logit_l2 {'C': 0.01}  calibration=sigmoid (cv Brier sigmoid=0.2480 isotonic=0.2777)
[META]  Trained on 347 events  (success rate=0.444)
[PRIM]  wavelet_trend: long share oof=0.478  test=0.545

[PWFO]  IS252_OOS10 window 58: IS[4051:5806]  OOS[5806:5876]

[FRACDIFF] Optimal d  : 0.7266
           ADF p-val  : 3.9709 %  (n=1154)
           Corr (raw) : 0.5759
[META]  logit_l2 {'C': 0.01}  calibration=sigmoid (cv Brier sigmoid=0.2461 isotonic=0.2530)
[META]  Trained on 349 events  (success rate=0.444)
[PRIM]  wavelet_trend: long share oof=0.481  test=0.500

[PWFO]  IS252_OOS10 window 59: IS[4121:5876]  OOS[5876:5946]

[FRACDIFF] Optimal d  : 0.6328
           ADF p-val  : 4.7939 %  (n=1151)
           Corr (raw) : 0.7794
[META]  logit_l2 {'C': 0.01}  calibration=sigmoid (cv Brier sigmoid=0.2481 isotonic=0.2654)
[META]  Trained on 348 events  (success rate=0.443)
[PRIM]  wavelet_trend: long share oof=0.494  test=0.250

[PWFO]  IS252_OOS10 window 60: IS[4191:5946]  OOS[5946:6016]

[FRACDIFF] Optimal d  : 0.6250
           ADF p-val  : 4.3934 %  (n=1151)
           Corr (raw) : 0.7960
[META]  logit_l2 {'C': 0.01}  calibration=sigmoid (cv Brier sigmoid=0.2476 isotonic=0.2630)
[META]  Trained on 349 events  (success rate=0.438)
[PRIM]  wavelet_trend: long share oof=0.476  test=0.267

[PWFO]  IS252_OOS10 window 61: IS[4261:6016]  OOS[6016:6086]

[FRACDIFF] Optimal d  : 0.6172
           ADF p-val  : 4.9433 %  (n=1151)
           Corr (raw) : 0.8078
[META]  logit_l2 {'C': 0.01}  calibration=sigmoid (cv Brier sigmoid=0.2484 isotonic=0.2497)
[META]  Trained on 349 events  (success rate=0.444)
[PRIM]  wavelet_trend: long share oof=0.467  test=1.000
[PRIM]  Warning: fold 62 test sides are 100.0% long (one-sided primary)

[PWFO]  IS252_OOS10 window 62: IS[4331:6086]  OOS[6086:6153]

[FRACDIFF] Optimal d  : 0.6016
           ADF p-val  : 4.5628 %  (n=1151)
           Corr (raw) : 0.8280
[META]  logit_l2 {'C': 0.01}  calibration=sigmoid (cv Brier sigmoid=0.2479 isotonic=0.2513)
[META]  Trained on 345 events  (success rate=0.438)
[PRIM]  wavelet_trend: long share oof=0.481  test=0.727

[PWFO]  IS252_OOS10 window 63: IS[4398:6153]  OOS[6153:6223]

[FRACDIFF] Optimal d  : 0.6016
           ADF p-val  : 4.9887 %  (n=1154)
           Corr (raw) : 0.8310
[META]  logit_l2 {'C': 0.01}  calibration=sigmoid (cv Brier sigmoid=0.2484 isotonic=0.2673)
[META]  Trained on 342 events  (success rate=0.444)
[PRIM]  wavelet_trend: long share oof=0.488  test=0.417

[PWFO]  IS252_OOS10 window 64: IS[4468:6223]  OOS[6223:6293]

[FRACDIFF] Optimal d  : 0.6094
           ADF p-val  : 4.5965 %  (n=1154)
           Corr (raw) : 0.8217
[META]  logit_l2 {'C': 0.01}  calibration=sigmoid (cv Brier sigmoid=0.2480 isotonic=0.2556)
[META]  Trained on 346 events  (success rate=0.448)
[PRIM]  wavelet_trend: long share oof=0.483  test=0.556

[PWFO]  IS252_OOS10 window 65: IS[4538:6293]  OOS[6293:6363]

[FRACDIFF] Optimal d  : 0.6094
           ADF p-val  : 4.6652 %  (n=1154)
           Corr (raw) : 0.8225
[META]  logit_l2 {'C': 0.01}  calibration=sigmoid (cv Brier sigmoid=0.2426 isotonic=0.2549)
[META]  Trained on 351 events  (success rate=0.467)
[PRIM]  wavelet_trend: long share oof=0.481  test=0.438

[PWFO]  IS252_OOS10 window 66: IS[4608:6363]  OOS[6363:6433]

[FRACDIFF] Optimal d  : 0.6250
           ADF p-val  : 4.9989 %  (n=1154)
           Corr (raw) : 0.8143
[META]  logit_l2 {'C': 0.01}  calibration=sigmoid (cv Brier sigmoid=0.2428 isotonic=0.2616)
[META]  Trained on 354 events  (success rate=0.463)
[PRIM]  wavelet_trend: long share oof=0.480  test=0.545

[PWFO]  IS252_OOS10 window 67: IS[4678:6433]  OOS[6433:6503]

[FRACDIFF] Optimal d  : 0.6328
           ADF p-val  : 4.9871 %  (n=1154)
           Corr (raw) : 0.8144
[META]  logit_l2 {'C': 0.01}  calibration=sigmoid (cv Brier sigmoid=0.2409 isotonic=0.2830)
[META]  Trained on 354 events  (success rate=0.469)
[PRIM]  wavelet_trend: long share oof=0.466  test=0.857

[PWFO]  IS252_OOS10 window 68: IS[4748:6503]  OOS[6503:6573]

[FRACDIFF] Optimal d  : 0.6328
           ADF p-val  : 4.9365 %  (n=1154)
           Corr (raw) : 0.8036
[META]  logit_l2 {'C': 0.01}  calibration=sigmoid (cv Brier sigmoid=0.2431 isotonic=0.2619)
[META]  Trained on 345 events  (success rate=0.475)
[PRIM]  wavelet_trend: long share oof=0.475  test=0.250

[PWFO]  IS252_OOS10 window 69: IS[4818:6573]  OOS[6573:6643]

[FRACDIFF] Optimal d  : 0.6016
           ADF p-val  : 4.7876 %  (n=1154)
           Corr (raw) : 0.8358
[META]  logit_l2 {'C': 0.01}  calibration=sigmoid (cv Brier sigmoid=0.2463 isotonic=0.2532)
[META]  Trained on 347 events  (success rate=0.470)
[PRIM]  wavelet_trend: long share oof=0.461  test=0.143

[PWFO]  IS252_OOS10 window 70: IS[4888:6643]  OOS[6643:6713]

[FRACDIFF] Optimal d  : 0.6797
           ADF p-val  : 4.1199 %  (n=1154)
           Corr (raw) : 0.7258
[META]  logit_l2 {'C': 0.01}  calibration=sigmoid (cv Brier sigmoid=0.2471 isotonic=0.2646)
[META]  Trained on 342 events  (success rate=0.468)
[PRIM]  wavelet_trend: long share oof=0.465  test=0.875

[PWFO]  IS252_OOS10 window 71: IS[4958:6713]  OOS[6713:6783]

[FRACDIFF] Optimal d  : 0.7422
           ADF p-val  : 4.8887 %  (n=1154)
           Corr (raw) : 0.6312
[META]  logit_l2 {'C': 0.01}  calibration=sigmoid (cv Brier sigmoid=0.2439 isotonic=0.2757)
[META]  Trained on 331 events  (success rate=0.465)
[PRIM]  wavelet_trend: long share oof=0.486  test=0.800

[PWFO]  IS252_OOS10 window 72: IS[5028:6783]  OOS[6783:6853]

[FRACDIFF] Optimal d  : 0.7812
           ADF p-val  : 4.2695 %  (n=1151)
           Corr (raw) : 0.5785
[META]  logit_l2 {'C': 0.01}  calibration=sigmoid (cv Brier sigmoid=0.2433 isotonic=0.2560)
[META]  Trained on 328 events  (success rate=0.466)
[PRIM]  wavelet_trend: long share oof=0.497  test=0.636

[PWFO]  IS252_OOS10 window 73: IS[5095:6853]  OOS[6853:6920]

[FRACDIFF] Optimal d  : 0.8047
           ADF p-val  : 3.8773 %  (n=1154)
           Corr (raw) : 0.5409
[META]  logit_l2 {'C': 0.01}  calibration=sigmoid (cv Brier sigmoid=0.2451 isotonic=0.2557)
[META]  Trained on 320 events  (success rate=0.463)
[PRIM]  wavelet_trend: long share oof=0.522  test=0.556

[PWFO]  IS252_OOS10 window 74: IS[5165:6920]  OOS[6920:6987]

[FRACDIFF] Optimal d  : 0.7500
           ADF p-val  : 4.6021 %  (n=1154)
           Corr (raw) : 0.6786
[WFO]  Fold 75: insufficient events (train=223, val=90) — skipping

[PWFO]  IS252_OOS10 window 75: IS[5232:6987]  OOS[6987:7057]

[FRACDIFF] Optimal d  : 0.0000
           ADF p-val  : 1.3403 %  (n=1157)
           Corr (raw) : 1.0000
[WFO]  Fold 76: insufficient events (train=217, val=87) — skipping

[PWFO]  IS252_OOS10 window 76: IS[5302:7057]  OOS[7057:7127]

[FRACDIFF] Optimal d  : 0.6641
           ADF p-val  : 4.5732 %  (n=1157)
           Corr (raw) : 0.7569
[WFO]  Fold 77: insufficient events (train=215, val=90) — skipping

[PWFO]  IS252_OOS10 window 77: IS[5372:7127]  OOS[7127:7197]

[FRACDIFF] Optimal d  : 0.6484
           ADF p-val  : 4.5075 %  (n=1157)
           Corr (raw) : 0.7527
[WFO]  Fold 78: insufficient events (train=212, val=96) — skipping

[PWFO]  IS252_OOS10 window 78: IS[5442:7197]  OOS[7197:7267]

[FRACDIFF] Optimal d  : 0.4922
           ADF p-val  : 4.6654 %  (n=1157)
           Corr (raw) : 0.9031
[WFO]  Fold 79: insufficient events (train=221, val=95) — skipping

[PWFO]  IS252_OOS10 window 79: IS[5512:7267]  OOS[7267:7337]

[FRACDIFF] Optimal d  : 0.4922
           ADF p-val  : 4.6976 %  (n=1157)
           Corr (raw) : 0.8931
[WFO]  Fold 80: insufficient events (train=217, val=97) — skipping

[PWFO]  IS252_OOS10 window 80: IS[5582:7337]  OOS[7337:7407]

[FRACDIFF] Optimal d  : 0.5391
           ADF p-val  : 4.5030 %  (n=1157)
           Corr (raw) : 0.8483
[META]  logit_l2 {'C': 0.01}  calibration=sigmoid (cv Brier sigmoid=0.2532 isotonic=0.2619)
[META]  Trained on 320 events  (success rate=0.494)
[PRIM]  wavelet_trend: long share oof=0.525  test=0.059
[PRIM]  Warning: fold 81 test sides are 5.9% long (one-sided primary)

[PWFO]  IS252_OOS10 window 81: IS[5652:7407]  OOS[7407:7477]

[FRACDIFF] Optimal d  : 0.6797
           ADF p-val  : 4.8725 %  (n=1157)
           Corr (raw) : 0.6698
[META]  logit_l2 {'C': 0.01}  calibration=sigmoid (cv Brier sigmoid=0.2554 isotonic=0.2645)
[META]  Trained on 323 events  (success rate=0.505)
[PRIM]  wavelet_trend: long share oof=0.486  test=0.750

[PWFO]  IS252_OOS10 window 82: IS[5722:7477]  OOS[7477:7547]

[FRACDIFF] Optimal d  : 0.6953
           ADF p-val  : 4.1099 %  (n=1154)
           Corr (raw) : 0.6623
[META]  logit_l2 {'C': 0.01}  calibration=sigmoid (cv Brier sigmoid=0.2561 isotonic=0.2822)
[META]  Trained on 317 events  (success rate=0.508)
[PRIM]  wavelet_trend: long share oof=0.483  test=0.727

[PWFO]  IS252_OOS10 window 83: IS[5792:7547]  OOS[7547:7617]

[FRACDIFF] Optimal d  : 0.7500
           ADF p-val  : 0.0666 %  (n=1154)
           Corr (raw) : 0.5938
[META]  logit_l2 {'C': 0.01}  calibration=sigmoid (cv Brier sigmoid=0.2506 isotonic=0.2568)
[META]  Trained on 316 events  (success rate=0.519)
[PRIM]  wavelet_trend: long share oof=0.497  test=0.556

[PWFO]  IS252_OOS10 window 84: IS[5862:7617]  OOS[7617:7687]

[FRACDIFF] Optimal d  : 0.7578
           ADF p-val  : 4.2260 %  (n=1151)
           Corr (raw) : 0.6296
[WFO]  Fold 85: insufficient events (train=196, val=114) — skipping

[PWFO]  IS252_OOS10 window 85: IS[5932:7687]  OOS[7687:7757]

[FRACDIFF] Optimal d  : 0.8047
           ADF p-val  : 3.8666 %  (n=1151)
           Corr (raw) : 0.5683
[WFO]  Fold 86: insufficient events (train=197, val=111) — skipping

[PWFO]  IS252_OOS10 window 86: IS[6002:7757]  OOS[7757:7827]

[FRACDIFF] Optimal d  : 0.8047
           ADF p-val  : 0.0192 %  (n=1151)
           Corr (raw) : 0.5505
[WFO]  Fold 87: insufficient events (train=203, val=98) — skipping

[PWFO]  IS252_OOS10 window 87: IS[6072:7827]  OOS[7827:7897]

[FRACDIFF] Optimal d  : 0.8281
           ADF p-val  : 0.0378 %  (n=1151)
           Corr (raw) : 0.5352
[META]  logit_l2 {'C': 0.01}  calibration=sigmoid (cv Brier sigmoid=0.2559 isotonic=0.2843)
[META]  Trained on 310 events  (success rate=0.523)
[PRIM]  wavelet_trend: long share oof=0.510  test=0.364

[PWFO]  IS252_OOS10 window 88: IS[6142:7897]  OOS[7897:7967]

[FRACDIFF] Optimal d  : 0.7891
           ADF p-val  : 2.3640 %  (n=1151)
           Corr (raw) : 0.5351
[WFO]  Fold 89: insufficient events (train=211, val=96) — skipping

[PWFO]  IS252_OOS10 window 89: IS[6209:7967]  OOS[7967:8037]

[FRACDIFF] Optimal d  : 0.8594
           ADF p-val  : 20.5287 %  (n=1154)
           Corr (raw) : 0.3399
[WFO]  Fold 90: insufficient events (train=221, val=90) — skipping

[PWFO]  IS252_OOS10 window 90: IS[6279:8037]  OOS[8037:8107]

[FRACDIFF] Optimal d  : 0.7812
           ADF p-val  : 4.4509 %  (n=1154)
           Corr (raw) : 0.4942
[WFO]  Fold 91: insufficient events (train=215, val=92) — skipping

[PWFO]  IS252_OOS10 window 91: IS[6349:8107]  OOS[8107:8177]

[FRACDIFF] Optimal d  : 0.7734
           ADF p-val  : 4.8185 %  (n=1154)
           Corr (raw) : 0.5091
[WFO]  Fold 92: insufficient events (train=203, val=93) — skipping

[PWFO]  IS252_OOS10 window 92: IS[6419:8177]  OOS[8177:8247]

[FRACDIFF] Optimal d  : 0.7734
           ADF p-val  : 4.8590 %  (n=1154)
           Corr (raw) : 0.5068
[WFO]  Fold 93: insufficient events (train=202, val=95) — skipping

[PWFO]  IS252_OOS10 window 93: IS[6489:8247]  OOS[8247:8317]

[FRACDIFF] Optimal d  : 0.7734
           ADF p-val  : 4.3091 %  (n=1154)
           Corr (raw) : 0.5049
[META]  logit_l2 {'C': 0.01}  calibration=sigmoid (cv Brier sigmoid=0.2519 isotonic=0.2859)
[META]  Trained on 309 events  (success rate=0.476)
[PRIM]  wavelet_trend: long share oof=0.524  test=0.333

[PWFO]  IS252_OOS10 window 94: IS[6559:8317]  OOS[8317:8387]

[FRACDIFF] Optimal d  : 0.7578
           ADF p-val  : 3.8884 %  (n=1154)
           Corr (raw) : 0.5372
[META]  logit_l2 {'C': 0.01}  calibration=sigmoid (cv Brier sigmoid=0.2545 isotonic=0.2717)
[META]  Trained on 307 events  (success rate=0.476)
[PRIM]  wavelet_trend: long share oof=0.528  test=0.909
[PRIM]  Warning: fold 95 test sides are 90.9% long (one-sided primary)

[PWFO]  IS252_OOS10 window 95: IS[6629:8387]  OOS[8387:8457]

[FRACDIFF] Optimal d  : 0.7578
           ADF p-val  : 4.8864 %  (n=1154)
           Corr (raw) : 0.5403
[WFO]  Fold 96: insufficient events (train=195, val=104) — skipping

[PWFO]  IS252_OOS10 window 96: IS[6699:8457]  OOS[8457:8527]

[FRACDIFF] Optimal d  : 0.7422
           ADF p-val  : 3.8954 %  (n=1154)
           Corr (raw) : 0.5662
[META]  logit_l2 {'C': 0.01}  calibration=sigmoid (cv Brier sigmoid=0.2558 isotonic=0.2824)
[META]  Trained on 309 events  (success rate=0.479)
[PRIM]  wavelet_trend: long share oof=0.547  test=0.308

[PWFO]  IS252_OOS10 window 97: IS[6769:8527]  OOS[8527:8597]

[FRACDIFF] Optimal d  : 0.7422
           ADF p-val  : 3.8465 %  (n=1154)
           Corr (raw) : 0.5669
[META]  logit_l2 {'C': 0.01}  calibration=sigmoid (cv Brier sigmoid=0.2528 isotonic=0.2596)
[META]  Trained on 311 events  (success rate=0.473)
[PRIM]  wavelet_trend: long share oof=0.527  test=0.667

[PWFO]  IS252_OOS10 window 98: IS[6839:8597]  OOS[8597:8664]

[FRACDIFF] Optimal d  : 0.7500
           ADF p-val  : 3.5017 %  (n=1154)
           Corr (raw) : 0.5549
[META]  logit_l2 {'C': 0.01}  calibration=isotonic (cv Brier sigmoid=0.2602 isotonic=0.2558)
[META]  Trained on 306 events  (success rate=0.474)
[PRIM]  wavelet_trend: long share oof=0.526  test=0.875

[PWFO]  IS252_OOS10 window 99: IS[6906:8664]  OOS[8664:8734]

[FRACDIFF] Optimal d  : 0.7656
           ADF p-val  : 3.5675 %  (n=1157)
           Corr (raw) : 0.5287
[WFO]  Fold 100: insufficient events (train=206, val=97) — skipping

[PWFO]  IS252_OOS10 window 100: IS[6976:8734]  OOS[8734:8801]

[FRACDIFF] Optimal d  : 0.7734
           ADF p-val  : 3.4281 %  (n=1157)
           Corr (raw) : 0.5227
[META]  logit_l2 {'C': 0.01}  calibration=sigmoid (cv Brier sigmoid=0.2514 isotonic=0.2796)
[META]  Trained on 313 events  (success rate=0.457)
[PRIM]  wavelet_trend: long share oof=0.521  test=0.700

[PWFO]  IS252_OOS10 window 101: IS[7043:8801]  OOS[8801:8871]

[FRACDIFF] Optimal d  : 0.7812
           ADF p-val  : 3.6159 %  (n=1160)
           Corr (raw) : 0.5220
[WFO]  Fold 102: insufficient events (train=216, val=93) — skipping

[PWFO]  IS252_OOS10 window 102: IS[7113:8871]  OOS[8871:8941]

[FRACDIFF] Optimal d  : 0.7422
           ADF p-val  : 4.7929 %  (n=1160)
           Corr (raw) : 0.6102
[WFO]  Fold 103: insufficient events (train=213, val=96) — skipping

[PWFO]  IS252_OOS10 window 103: IS[7183:8941]  OOS[8941:9011]

[FRACDIFF] Optimal d  : 0.7422
           ADF p-val  : 4.6731 %  (n=1160)
           Corr (raw) : 0.6122
[META]  logit_l2 {'C': 0.01}  calibration=sigmoid (cv Brier sigmoid=0.2561 isotonic=0.2950)
[META]  Trained on 307 events  (success rate=0.440)
[PRIM]  wavelet_trend: long share oof=0.521  test=0.600

[PWFO]  IS252_OOS10 window 104: IS[7253:9011]  OOS[9011:9081]

[FRACDIFF] Optimal d  : 0.7656
           ADF p-val  : 3.8843 %  (n=1160)
           Corr (raw) : 0.5721
[WFO]  Fold 105: insufficient events (train=208, val=95) — skipping

[PWFO]  IS252_OOS10 window 105: IS[7323:9081]  OOS[9081:9151]

[FRACDIFF] Optimal d  : 0.7266
           ADF p-val  : 2.9657 %  (n=1160)
           Corr (raw) : 0.6832
[META]  logit_l2 {'C': 0.01}  calibration=sigmoid (cv Brier sigmoid=0.2458 isotonic=0.2665)
[META]  Trained on 306 events  (success rate=0.435)
[PRIM]  wavelet_trend: long share oof=0.520  test=0.750

[PWFO]  IS252_OOS10 window 106: IS[7393:9151]  OOS[9151:9221]

[FRACDIFF] Optimal d  : 0.7422
           ADF p-val  : 4.6935 %  (n=1160)
           Corr (raw) : 0.6506
[WFO]  Fold 107: insufficient events (train=194, val=107) — skipping

[PWFO]  IS252_OOS10 window 107: IS[7463:9221]  OOS[9221:9291]

[FRACDIFF] Optimal d  : 0.7188
           ADF p-val  : 4.7039 %  (n=1157)
           Corr (raw) : 0.7123
[WFO]  Fold 108: insufficient events (train=192, val=113) — skipping

[PWFO]  IS252_OOS10 window 108: IS[7533:9291]  OOS[9291:9361]

[FRACDIFF] Optimal d  : 0.7344
           ADF p-val  : 4.0382 %  (n=1157)
           Corr (raw) : 0.6930
[WFO]  Fold 109: insufficient events (train=196, val=106) — skipping

[PWFO]  IS252_OOS10 window 109: IS[7603:9361]  OOS[9361:9431]

[FRACDIFF] Optimal d  : 0.7344
           ADF p-val  : 4.4095 %  (n=1154)
           Corr (raw) : 0.6933
[WFO]  Fold 110: insufficient events (train=195, val=113) — skipping

[PWFO]  IS252_OOS10 window 110: IS[7673:9431]  OOS[9431:9501]

[FRACDIFF] Optimal d  : 0.7344
           ADF p-val  : 4.2970 %  (n=1154)
           Corr (raw) : 0.6916
[WFO]  Fold 111: insufficient events (train=196, val=116) — skipping

[PWFO]  IS252_OOS10 window 111: IS[7743:9501]  OOS[9501:9571]

[FRACDIFF] Optimal d  : 0.7500
           ADF p-val  : 4.2515 %  (n=1154)
           Corr (raw) : 0.6573
[META]  logit_l2 {'C': 0.01}  calibration=sigmoid (cv Brier sigmoid=0.2456 isotonic=0.2564)
[META]  Trained on 314 events  (success rate=0.417)
[PRIM]  wavelet_trend: long share oof=0.545  test=0.667

[PWFO]  IS252_OOS10 window 112: IS[7813:9571]  OOS[9571:9641]

[FRACDIFF] Optimal d  : 0.7656
           ADF p-val  : 4.6940 %  (n=1154)
           Corr (raw) : 0.6516
[META]  logit_l2 {'C': 0.01}  calibration=sigmoid (cv Brier sigmoid=0.2435 isotonic=0.2590)
[META]  Trained on 307 events  (success rate=0.407)
[PRIM]  wavelet_trend: long share oof=0.547  test=0.364

[PWFO]  IS252_OOS10 window 113: IS[7883:9641]  OOS[9641:9711]

[FRACDIFF] Optimal d  : 0.7422
           ADF p-val  : 4.9832 %  (n=1154)
           Corr (raw) : 0.6879
[WFO]  Fold 114: insufficient events (train=211, val=98) — skipping

[PWFO]  IS252_OOS10 window 114: IS[7953:9711]  OOS[9711:9781]

[FRACDIFF] Optimal d  : 0.7578
           ADF p-val  : 4.0445 %  (n=1154)
           Corr (raw) : 0.6439
[WFO]  Fold 115: insufficient events (train=210, val=98) — skipping

[PWFO]  IS252_OOS10 window 115: IS[8023:9781]  OOS[9781:9851]

[FRACDIFF] Optimal d  : 0.7578
           ADF p-val  : 4.7325 %  (n=1154)
           Corr (raw) : 0.6364
[WFO]  Fold 116: insufficient events (train=212, val=95) — skipping

[PWFO]  IS252_OOS10 window 116: IS[8093:9851]  OOS[9851:9921]

[FRACDIFF] Optimal d  : 0.7734
           ADF p-val  : 3.8445 %  (n=1154)
           Corr (raw) : 0.6277
[WFO]  Fold 117: insufficient events (train=209, val=97) — skipping

[PWFO]  IS252_OOS10 window 117: IS[8163:9921]  OOS[9921:9991]

[FRACDIFF] Optimal d  : 0.7891
           ADF p-val  : 4.1646 %  (n=1154)
           Corr (raw) : 0.6147
[WFO]  Fold 118: insufficient events (train=214, val=99) — skipping

[PWFO]  IS252_OOS10 window 118: IS[8233:9991]  OOS[9991:10061]

[FRACDIFF] Optimal d  : 0.7969
           ADF p-val  : 4.0012 %  (n=1154)
           Corr (raw) : 0.6172
[WFO]  Fold 119: insufficient events (train=208, val=94) — skipping

[PWFO]  IS252_OOS10 window 119: IS[8303:10061]  OOS[10061:10131]

[FRACDIFF] Optimal d  : 0.7891
           ADF p-val  : 4.7039 %  (n=1154)
           Corr (raw) : 0.6168
[META]  logit_l2 {'C': 0.01}  calibration=sigmoid (cv Brier sigmoid=0.2497 isotonic=0.2553)
[META]  Trained on 314 events  (success rate=0.443)
[PRIM]  wavelet_trend: long share oof=0.513  test=0.273

[PWFO]  IS252_OOS10 window 120: IS[8373:10131]  OOS[10131:10201]

[FRACDIFF] Optimal d  : 0.7891
           ADF p-val  : 4.9420 %  (n=1154)
           Corr (raw) : 0.6267
[META]  logit_l2 {'C': 0.01}  calibration=sigmoid (cv Brier sigmoid=0.2496 isotonic=0.2502)
[META]  Trained on 312 events  (success rate=0.449)
[PRIM]  wavelet_trend: long share oof=0.497  test=0.727

[PWFO]  IS252_OOS10 window 121: IS[8443:10201]  OOS[10201:10271]

[FRACDIFF] Optimal d  : 0.7656
           ADF p-val  : 4.2029 %  (n=1154)
           Corr (raw) : 0.6795
[META]  logit_l2 {'C': 0.01}  calibration=sigmoid (cv Brier sigmoid=0.2511 isotonic=0.2559)
[META]  Trained on 309 events  (success rate=0.450)
[PRIM]  wavelet_trend: long share oof=0.508  test=1.000
[PRIM]  Warning: fold 122 test sides are 100.0% long (one-sided primary)

[PWFO]  IS252_OOS10 window 122: IS[8513:10271]  OOS[10271:10341]

[FRACDIFF] Optimal d  : 0.7812
           ADF p-val  : 2.3742 %  (n=1154)
           Corr (raw) : 0.6505
[META]  logit_l2 {'C': 0.01}  calibration=sigmoid (cv Brier sigmoid=0.2518 isotonic=0.2537)
[META]  Trained on 306 events  (success rate=0.467)
[PRIM]  wavelet_trend: long share oof=0.533  test=0.615

[PWFO]  IS252_OOS10 window 123: IS[8583:10341]  OOS[10341:10408]

[FRACDIFF] Optimal d  : 0.8281
           ADF p-val  : 0.0991 %  (n=1154)
           Corr (raw) : 0.5162
[META]  logit_l2 {'C': 0.01}  calibration=sigmoid (cv Brier sigmoid=0.2520 isotonic=0.2566)
[META]  Trained on 311 events  (success rate=0.473)
[PRIM]  wavelet_trend: long share oof=0.534  test=0.312

[PWFO]  IS252_OOS10 window 124: IS[8650:10408]  OOS[10408:10478]

[FRACDIFF] Optimal d  : 0.8203
           ADF p-val  : 1.3160 %  (n=1157)
           Corr (raw) : 0.5503
[META]  logit_l2 {'C': 0.01}  calibration=sigmoid (cv Brier sigmoid=0.2516 isotonic=0.2606)
[META]  Trained on 321 events  (success rate=0.474)
[PRIM]  wavelet_trend: long share oof=0.517  test=0.545

[PWFO]  IS252_OOS10 window 125: IS[8720:10478]  OOS[10478:10548]

[FRACDIFF] Optimal d  : 0.8125
           ADF p-val  : 1.6651 %  (n=1157)
           Corr (raw) : 0.5681
[META]  logit_l2 {'C': 0.01}  calibration=sigmoid (cv Brier sigmoid=0.2500 isotonic=0.2549)
[META]  Trained on 316 events  (success rate=0.481)
[PRIM]  wavelet_trend: long share oof=0.516  test=0.667

[PWFO]  IS252_OOS10 window 126: IS[8787:10548]  OOS[10548:10618]

[FRACDIFF] Optimal d  : 0.8281
           ADF p-val  : 1.8152 %  (n=1160)
           Corr (raw) : 0.5336
[META]  logit_l2 {'C': 0.01}  calibration=sigmoid (cv Brier sigmoid=0.2512 isotonic=0.2593)
[META]  Trained on 316 events  (success rate=0.475)
[PRIM]  wavelet_trend: long share oof=0.525  test=0.375

[PWFO]  IS252_OOS10 window 127: IS[8857:10618]  OOS[10618:10688]

[FRACDIFF] Optimal d  : 0.8281
           ADF p-val  : 1.7678 %  (n=1160)
           Corr (raw) : 0.5329
[META]  logit_l2 {'C': 0.01}  calibration=sigmoid (cv Brier sigmoid=0.2505 isotonic=0.2641)
[META]  Trained on 318 events  (success rate=0.481)
[PRIM]  wavelet_trend: long share oof=0.513  test=0.200

[PWFO]  IS252_OOS10 window 128: IS[8927:10688]  OOS[10688:10758]

[FRACDIFF] Optimal d  : 0.7969
           ADF p-val  : 0.2315 %  (n=1160)
           Corr (raw) : 0.5809
[META]  logit_l2 {'C': 0.01}  calibration=sigmoid (cv Brier sigmoid=0.2512 isotonic=0.2671)
[META]  Trained on 323 events  (success rate=0.489)
[PRIM]  wavelet_trend: long share oof=0.498  test=0.385

[PWFO]  IS252_OOS10 window 129: IS[8997:10758]  OOS[10758:10828]

[FRACDIFF] Optimal d  : 0.7734
           ADF p-val  : 0.0364 %  (n=1160)
           Corr (raw) : 0.6152
[META]  logit_l2 {'C': 0.01}  calibration=isotonic (cv Brier sigmoid=0.2547 isotonic=0.2522)
[META]  Trained on 327 events  (success rate=0.489)
[PRIM]  wavelet_trend: long share oof=0.486  test=0.400

[PWFO]  IS252_OOS10 window 130: IS[9067:10828]  OOS[10828:10898]

[FRACDIFF] Optimal d  : 0.7891
           ADF p-val  : 0.1168 %  (n=1160)
           Corr (raw) : 0.5511
[META]  logit_l2 {'C': 0.01}  calibration=sigmoid (cv Brier sigmoid=0.2438 isotonic=0.2507)
[META]  Trained on 326 events  (success rate=0.503)
[PRIM]  wavelet_trend: long share oof=0.494  test=0.467

[PWFO]  IS252_OOS10 window 131: IS[9137:10898]  OOS[10898:10968]

[FRACDIFF] Optimal d  : 0.7422
           ADF p-val  : 1.0112 %  (n=1160)
           Corr (raw) : 0.6920
[META]  logit_l2 {'C': 0.01}  calibration=sigmoid (cv Brier sigmoid=0.2479 isotonic=0.2739)
[META]  Trained on 325 events  (success rate=0.514)
[PRIM]  wavelet_trend: long share oof=0.483  test=0.909
[PRIM]  Warning: fold 132 test sides are 90.9% long (one-sided primary)

[PWFO]  IS252_OOS10 window 132: IS[9207:10968]  OOS[10968:11038]

[FRACDIFF] Optimal d  : 0.7578
           ADF p-val  : 0.3176 %  (n=1157)
           Corr (raw) : 0.6402
[META]  logit_l2 {'C': 0.01}  calibration=sigmoid (cv Brier sigmoid=0.2480 isotonic=0.2998)
[META]  Trained on 325 events  (success rate=0.520)
[PRIM]  wavelet_trend: long share oof=0.502  test=0.273

[PWFO]  IS252_OOS10 window 133: IS[9277:11038]  OOS[11038:11108]

[FRACDIFF] Optimal d  : 0.7578
           ADF p-val  : 4.0357 %  (n=1157)
           Corr (raw) : 0.6211
[META]  logit_l2 {'C': 0.01}  calibration=sigmoid (cv Brier sigmoid=0.2484 isotonic=0.2643)
[META]  Trained on 329 events  (success rate=0.511)
[PRIM]  wavelet_trend: long share oof=0.486  test=0.222

[PWFO]  IS252_OOS10 window 134: IS[9347:11108]  OOS[11108:11178]

[FRACDIFF] Optimal d  : 0.7734
           ADF p-val  : 1.3159 %  (n=1157)
           Corr (raw) : 0.5727
[META]  logit_l2 {'C': 0.01}  calibration=sigmoid (cv Brier sigmoid=0.2487 isotonic=0.2561)
[META]  Trained on 331 events  (success rate=0.520)
[PRIM]  wavelet_trend: long share oof=0.462  test=0.294

[PWFO]  IS252_OOS10 window 135: IS[9417:11178]  OOS[11178:11248]

[FRACDIFF] Optimal d  : 0.7031
           ADF p-val  : 4.7834 %  (n=1157)
           Corr (raw) : 0.7205
[META]  logit_l2 {'C': 0.01}  calibration=sigmoid (cv Brier sigmoid=0.2464 isotonic=0.2544)
[META]  Trained on 333 events  (success rate=0.523)
[PRIM]  wavelet_trend: long share oof=0.462  test=0.500

[PWFO]  IS252_OOS10 window 136: IS[9487:11248]  OOS[11248:11318]

[FRACDIFF] Optimal d  : 0.7188
           ADF p-val  : 0.9437 %  (n=1157)
           Corr (raw) : 0.6311
[META]  logit_l2 {'C': 0.01}  calibration=sigmoid (cv Brier sigmoid=0.2507 isotonic=0.2637)
[META]  Trained on 338 events  (success rate=0.530)
[PRIM]  wavelet_trend: long share oof=0.459  test=0.429

[PWFO]  IS252_OOS10 window 137: IS[9557:11318]  OOS[11318:11388]

[FRACDIFF] Optimal d  : 0.6094
           ADF p-val  : 1.6327 %  (n=1157)
           Corr (raw) : 0.7865
[META]  logit_l2 {'C': 0.01}  calibration=sigmoid (cv Brier sigmoid=0.2503 isotonic=0.2551)
[META]  Trained on 343 events  (success rate=0.542)
[PRIM]  wavelet_trend: long share oof=0.455  test=0.333

[PWFO]  IS252_OOS10 window 138: IS[9627:11388]  OOS[11388:11458]

[FRACDIFF] Optimal d  : 0.6875
           ADF p-val  : 0.5458 %  (n=1157)
           Corr (raw) : 0.6210
[META]  logit_l2 {'C': 0.01}  calibration=sigmoid (cv Brier sigmoid=0.2500 isotonic=0.2595)
[META]  Trained on 339 events  (success rate=0.549)
[PRIM]  wavelet_trend: long share oof=0.451  test=0.357

[PWFO]  IS252_OOS10 window 139: IS[9697:11458]  OOS[11458:11528]

[FRACDIFF] Optimal d  : 0.6094
           ADF p-val  : 0.8082 %  (n=1157)
           Corr (raw) : 0.7397
[META]  logit_l2 {'C': 0.01}  calibration=sigmoid (cv Brier sigmoid=0.2501 isotonic=0.2539)
[META]  Trained on 340 events  (success rate=0.535)
[PRIM]  wavelet_trend: long share oof=0.438  test=0.643

[PWFO]  IS252_OOS10 window 140: IS[9767:11528]  OOS[11528:11598]

[FRACDIFF] Optimal d  : 0.6094
           ADF p-val  : 1.3407 %  (n=1157)
           Corr (raw) : 0.7295
[META]  logit_l2 {'C': 0.01}  calibration=sigmoid (cv Brier sigmoid=0.2504 isotonic=0.2554)
[META]  Trained on 345 events  (success rate=0.533)
[PRIM]  wavelet_trend: long share oof=0.446  test=0.733

[PWFO]  IS252_OOS10 window 141: IS[9837:11598]  OOS[11598:11668]

[FRACDIFF] Optimal d  : 0.6094
           ADF p-val  : 1.1410 %  (n=1157)
           Corr (raw) : 0.7217
[META]  logit_l2 {'C': 0.01}  calibration=sigmoid (cv Brier sigmoid=0.2495 isotonic=0.2560)
[META]  Trained on 350 events  (success rate=0.537)
[PRIM]  wavelet_trend: long share oof=0.449  test=0.643

[PWFO]  IS252_OOS10 window 142: IS[9907:11668]  OOS[11668:11738]

[FRACDIFF] Optimal d  : 0.6250
           ADF p-val  : 0.8635 %  (n=1157)
           Corr (raw) : 0.6917
[META]  logit_l2 {'C': 0.01}  calibration=sigmoid (cv Brier sigmoid=0.2491 isotonic=0.2539)
[META]  Trained on 349 events  (success rate=0.530)
[PRIM]  wavelet_trend: long share oof=0.456  test=0.200

[PWFO]  IS252_OOS10 window 143: IS[9977:11738]  OOS[11738:11808]

[FRACDIFF] Optimal d  : 0.6719
           ADF p-val  : 1.0136 %  (n=1157)
           Corr (raw) : 0.6314
[META]  logit_l2 {'C': 0.01}  calibration=sigmoid (cv Brier sigmoid=0.2485 isotonic=0.2566)
[META]  Trained on 352 events  (success rate=0.531)
[PRIM]  wavelet_trend: long share oof=0.440  test=0.467

[PWFO]  IS252_OOS10 window 144: IS[10047:11808]  OOS[11808:11878]

[FRACDIFF] Optimal d  : 0.7422
           ADF p-val  : 1.3238 %  (n=1157)
           Corr (raw) : 0.5540
[META]  logit_l2 {'C': 0.01}  calibration=sigmoid (cv Brier sigmoid=0.2533 isotonic=0.2954)
[META]  Trained on 346 events  (success rate=0.526)
[PRIM]  wavelet_trend: long share oof=0.457  test=0.438

[PWFO]  IS252_OOS10 window 145: IS[10117:11878]  OOS[11878:11948]

[FRACDIFF] Optimal d  : 0.7266
           ADF p-val  : 1.1424 %  (n=1157)
           Corr (raw) : 0.5934
[META]  logit_l2 {'C': 0.01}  calibration=sigmoid (cv Brier sigmoid=0.2520 isotonic=0.2644)
[META]  Trained on 352 events  (success rate=0.523)
[PRIM]  wavelet_trend: long share oof=0.460  test=0.533

[PWFO]  IS252_OOS10 window 146: IS[10187:11948]  OOS[11948:12018]

[FRACDIFF] Optimal d  : 0.7422
           ADF p-val  : 4.9369 %  (n=1157)
           Corr (raw) : 0.6154
[META]  logit_l2 {'C': 0.01}  calibration=sigmoid (cv Brier sigmoid=0.2508 isotonic=0.2650)
[META]  Trained on 356 events  (success rate=0.517)
[PRIM]  wavelet_trend: long share oof=0.458  test=0.625

[PWFO]  IS252_OOS10 window 147: IS[10257:12018]  OOS[12018:12088]

[FRACDIFF] Optimal d  : 0.7266
           ADF p-val  : 4.1269 %  (n=1157)
           Corr (raw) : 0.6567
[META]  logit_l2 {'C': 0.01}  calibration=sigmoid (cv Brier sigmoid=0.2515 isotonic=0.2607)
[META]  Trained on 360 events  (success rate=0.514)
[PRIM]  wavelet_trend: long share oof=0.453  test=0.714

[PWFO]  IS252_OOS10 window 148: IS[10327:12088]  OOS[12088:12155]

[FRACDIFF] Optimal d  : 0.7188
           ADF p-val  : 4.4716 %  (n=1157)
           Corr (raw) : 0.6730
[META]  logit_l2 {'C': 0.01}  calibration=sigmoid (cv Brier sigmoid=0.2533 isotonic=0.2625)
[META]  Trained on 365 events  (success rate=0.510)
[PRIM]  wavelet_trend: long share oof=0.455  test=0.500

[PWFO]  IS252_OOS10 window 149: IS[10394:12155]  OOS[12155:12225]

[FRACDIFF] Optimal d  : 0.6953
           ADF p-val  : 4.5794 %  (n=1160)
           Corr (raw) : 0.7173
[META]  logit_l2 {'C': 0.01}  calibration=sigmoid (cv Brier sigmoid=0.2528 isotonic=0.2652)
[META]  Trained on 357 events  (success rate=0.513)
[PRIM]  wavelet_trend: long share oof=0.459  test=0.571

[PWFO]  IS252_OOS10 window 150: IS[10464:12225]  OOS[12225:12295]

[FRACDIFF] Optimal d  : 0.5000
           ADF p-val  : 4.9193 %  (n=1160)
           Corr (raw) : 0.9328
[META]  logit_l2 {'C': 0.01}  calibration=sigmoid (cv Brier sigmoid=0.2543 isotonic=0.2630)
[META]  Trained on 359 events  (success rate=0.510)
[PRIM]  wavelet_trend: long share oof=0.465  test=0.333

[PWFO]  IS252_OOS10 window 151: IS[10534:12295]  OOS[12295:12365]

[FRACDIFF] Optimal d  : 0.4141
           ADF p-val  : 4.6666 %  (n=1160)
           Corr (raw) : 0.9620
[META]  logit_l2 {'C': 0.01}  calibration=sigmoid (cv Brier sigmoid=0.2533 isotonic=0.2655)
[META]  Trained on 357 events  (success rate=0.521)
[PRIM]  wavelet_trend: long share oof=0.454  test=0.786

[PWFO]  IS252_OOS10 window 152: IS[10604:12365]  OOS[12365:12435]

[FRACDIFF] Optimal d  : 0.4062
           ADF p-val  : 4.6242 %  (n=1160)
           Corr (raw) : 0.9575
[META]  logit_l2 {'C': 0.01}  calibration=sigmoid (cv Brier sigmoid=0.2532 isotonic=0.2660)
[META]  Trained on 358 events  (success rate=0.522)
[PRIM]  wavelet_trend: long share oof=0.464  test=0.471

[PWFO]  IS252_OOS10 window 153: IS[10674:12435]  OOS[12435:12505]

[FRACDIFF] Optimal d  : 0.4766
           ADF p-val  : 4.4779 %  (n=1160)
           Corr (raw) : 0.9328
[META]  logit_l2 {'C': 0.01}  calibration=sigmoid (cv Brier sigmoid=0.2513 isotonic=0.2592)
[META]  Trained on 352 events  (success rate=0.528)
[PRIM]  wavelet_trend: long share oof=0.489  test=0.643

[PWFO]  IS252_OOS10 window 154: IS[10744:12505]  OOS[12505:12575]

[FRACDIFF] Optimal d  : 0.6094
           ADF p-val  : 4.5233 %  (n=1160)
           Corr (raw) : 0.8169
[META]  logit_l2 {'C': 0.01}  calibration=sigmoid (cv Brier sigmoid=0.2512 isotonic=0.2645)
[META]  Trained on 352 events  (success rate=0.523)
[PRIM]  wavelet_trend: long share oof=0.489  test=0.200

[PWFO]  IS252_OOS10 window 155: IS[10814:12575]  OOS[12575:12645]

[FRACDIFF] Optimal d  : 0.6094
           ADF p-val  : 4.3503 %  (n=1160)
           Corr (raw) : 0.8190
[META]  logit_l2 {'C': 0.01}  calibration=sigmoid (cv Brier sigmoid=0.2495 isotonic=0.2551)
[META]  Trained on 351 events  (success rate=0.521)
[PRIM]  wavelet_trend: long share oof=0.487  test=0.333

[PWFO]  IS252_OOS10 window 156: IS[10884:12645]  OOS[12645:12715]

[FRACDIFF] Optimal d  : 0.5781
           ADF p-val  : 4.8926 %  (n=1160)
           Corr (raw) : 0.8590
[META]  logit_l2 {'C': 0.01}  calibration=sigmoid (cv Brier sigmoid=0.2533 isotonic=0.2667)
[META]  Trained on 357 events  (success rate=0.510)
[PRIM]  wavelet_trend: long share oof=0.485  test=0.636

[PWFO]  IS252_OOS10 window 157: IS[10954:12715]  OOS[12715:12785]

[FRACDIFF] Optimal d  : 0.2578
           ADF p-val  : 4.9229 %  (n=1160)
           Corr (raw) : 0.9896
[META]  logit_l2 {'C': 0.01}  calibration=sigmoid (cv Brier sigmoid=0.2530 isotonic=0.2674)
[META]  Trained on 356 events  (success rate=0.500)
[PRIM]  wavelet_trend: long share oof=0.475  test=0.714

[PWFO]  IS252_OOS10 window 158: IS[11024:12785]  OOS[12785:12855]

[FRACDIFF] Optimal d  : 0.1641
           ADF p-val  : 4.9846 %  (n=1157)
           Corr (raw) : 0.9956
[META]  logit_l2 {'C': 0.01}  calibration=sigmoid (cv Brier sigmoid=0.2518 isotonic=0.2567)
[META]  Trained on 358 events  (success rate=0.497)
[PRIM]  wavelet_trend: long share oof=0.480  test=0.312

[PWFO]  IS252_OOS10 window 159: IS[11094:12855]  OOS[12855:12925]

[FRACDIFF] Optimal d  : 0.0703
           ADF p-val  : 4.7531 %  (n=1157)
           Corr (raw) : 0.9992
[META]  logit_l2 {'C': 0.01}  calibration=sigmoid (cv Brier sigmoid=0.2543 isotonic=0.2602)
[META]  Trained on 356 events  (success rate=0.503)
[PRIM]  wavelet_trend: long share oof=0.489  test=0.231

[PWFO]  IS252_OOS10 window 160: IS[11164:12925]  OOS[12925:12995]

[FRACDIFF] Optimal d  : 0.2656
           ADF p-val  : 4.8919 %  (n=1157)
           Corr (raw) : 0.9799
[META]  logit_l2 {'C': 0.01}  calibration=sigmoid (cv Brier sigmoid=0.2537 isotonic=0.2589)
[META]  Trained on 353 events  (success rate=0.504)
[PRIM]  wavelet_trend: long share oof=0.490  test=0.562

[PWFO]  IS252_OOS10 window 161: IS[11234:12995]  OOS[12995:13065]

[FRACDIFF] Optimal d  : 0.2812
           ADF p-val  : 4.8469 %  (n=1157)
           Corr (raw) : 0.9782
[META]  logit_l2 {'C': 0.01}  calibration=sigmoid (cv Brier sigmoid=0.2545 isotonic=0.2737)
[META]  Trained on 353 events  (success rate=0.504)
[PRIM]  wavelet_trend: long share oof=0.501  test=0.857

[PWFO]  IS252_OOS10 window 162: IS[11304:13065]  OOS[13065:13135]

[FRACDIFF] Optimal d  : 0.5078
           ADF p-val  : 4.6249 %  (n=1157)
           Corr (raw) : 0.8605
[META]  logit_l2 {'C': 0.1}  calibration=sigmoid (cv Brier sigmoid=0.2461 isotonic=0.2514)
[META]  Trained on 354 events  (success rate=0.500)
[PRIM]  wavelet_trend: long share oof=0.506  test=0.688

[PWFO]  IS252_OOS10 window 163: IS[11374:13135]  OOS[13135:13202]

[FRACDIFF] Optimal d  : 0.3906
           ADF p-val  : 4.6766 %  (n=1157)
           Corr (raw) : 0.9481
[META]  logit_l2 {'C': 0.01}  calibration=sigmoid (cv Brier sigmoid=0.2488 isotonic=0.2680)
[META]  Trained on 361 events  (success rate=0.499)
[PRIM]  wavelet_trend: long share oof=0.529  test=0.500

[PWFO]  IS252_OOS10 window 164: IS[11444:13202]  OOS[13202:13272]

[FRACDIFF] Optimal d  : 0.3750
           ADF p-val  : 4.8886 %  (n=1157)
           Corr (raw) : 0.9542
[META]  logit_l2 {'C': 0.01}  calibration=sigmoid (cv Brier sigmoid=0.2518 isotonic=0.2647)
[META]  Trained on 358 events  (success rate=0.506)
[PRIM]  wavelet_trend: long share oof=0.525  test=0.769

[PWFO]  IS252_OOS10 window 165: IS[11514:13272]  OOS[13272:13342]

[FRACDIFF] Optimal d  : 0.3828
           ADF p-val  : 4.5311 %  (n=1157)
           Corr (raw) : 0.9497
[META]  logit_l2 {'C': 0.01}  calibration=sigmoid (cv Brier sigmoid=0.2528 isotonic=0.2698)
[META]  Trained on 354 events  (success rate=0.503)
[PRIM]  wavelet_trend: long share oof=0.531  test=0.400

[PWFO]  IS252_OOS10 window 166: IS[11584:13342]  OOS[13342:13412]

[FRACDIFF] Optimal d  : 0.5312
           ADF p-val  : 4.7928 %  (n=1157)
           Corr (raw) : 0.8409
[META]  logit_l2 {'C': 0.01}  calibration=sigmoid (cv Brier sigmoid=0.2529 isotonic=0.2630)
[META]  Trained on 356 events  (success rate=0.506)
[PRIM]  wavelet_trend: long share oof=0.522  test=0.214

[PWFO]  IS252_OOS10 window 167: IS[11654:13412]  OOS[13412:13482]

[FRACDIFF] Optimal d  : 0.3750
           ADF p-val  : 4.7426 %  (n=1157)
           Corr (raw) : 0.9516
[META]  logit_l2 {'C': 0.01}  calibration=sigmoid (cv Brier sigmoid=0.2531 isotonic=0.2627)
[META]  Trained on 357 events  (success rate=0.507)
[PRIM]  wavelet_trend: long share oof=0.501  test=0.667

[PWFO]  IS252_OOS10 window 168: IS[11724:13482]  OOS[13482:13552]

[FRACDIFF] Optimal d  : 0.5859
           ADF p-val  : 4.3593 %  (n=1157)
           Corr (raw) : 0.7777
[META]  logit_l2 {'C': 0.01}  calibration=sigmoid (cv Brier sigmoid=0.2492 isotonic=0.2522)
[META]  Trained on 357 events  (success rate=0.507)
[PRIM]  wavelet_trend: long share oof=0.521  test=0.375

[PWFO]  IS252_OOS10 window 169: IS[11794:13552]  OOS[13552:13622]

[FRACDIFF] Optimal d  : 0.6016
           ADF p-val  : 4.5308 %  (n=1157)
           Corr (raw) : 0.7780
[META]  logit_l2 {'C': 0.01}  calibration=sigmoid (cv Brier sigmoid=0.2444 isotonic=0.2587)
[META]  Trained on 357 events  (success rate=0.501)
[PRIM]  wavelet_trend: long share oof=0.518  test=0.188

[PWFO]  IS252_OOS10 window 170: IS[11864:13622]  OOS[13622:13692]

[FRACDIFF] Optimal d  : 0.6016
           ADF p-val  : 4.9302 %  (n=1157)
           Corr (raw) : 0.7815
[META]  logit_l2 {'C': 0.01}  calibration=sigmoid (cv Brier sigmoid=0.2541 isotonic=0.2682)
[META]  Trained on 358 events  (success rate=0.508)
[PRIM]  wavelet_trend: long share oof=0.514  test=0.722

[PWFO]  IS252_OOS10 window 171: IS[11934:13692]  OOS[13692:13762]

[FRACDIFF] Optimal d  : 0.6875
           ADF p-val  : 4.4045 %  (n=1157)
           Corr (raw) : 0.6497
[META]  logit_l2 {'C': 0.01}  calibration=sigmoid (cv Brier sigmoid=0.2518 isotonic=0.2600)
[META]  Trained on 359 events  (success rate=0.507)
[PRIM]  wavelet_trend: long share oof=0.521  test=0.222

[PWFO]  IS252_OOS10 window 172: IS[12004:13762]  OOS[13762:13832]

[FRACDIFF] Optimal d  : 0.7109
           ADF p-val  : 4.7693 %  (n=1154)
           Corr (raw) : 0.6337
[META]  logit_l2 {'C': 0.01}  calibration=sigmoid (cv Brier sigmoid=0.2516 isotonic=0.2590)
[META]  Trained on 363 events  (success rate=0.521)
[PRIM]  wavelet_trend: long share oof=0.496  test=0.800

[PWFO]  IS252_OOS10 window 173: IS[12074:13832]  OOS[13832:13899]

[FRACDIFF] Optimal d  : 0.7500
           ADF p-val  : 4.3685 %  (n=1154)
           Corr (raw) : 0.6227
[META]  logit_l2 {'C': 0.01}  calibration=sigmoid (cv Brier sigmoid=0.2524 isotonic=0.2638)
[META]  Trained on 358 events  (success rate=0.525)
[PRIM]  wavelet_trend: long share oof=0.500  test=0.700

[PWFO]  IS252_OOS10 window 174: IS[12141:13899]  OOS[13899:13969]

[FRACDIFF] Optimal d  : 0.8125
           ADF p-val  : 0.8847 %  (n=1157)
           Corr (raw) : 0.5204
[META]  logit_l2 {'C': 0.01}  calibration=sigmoid (cv Brier sigmoid=0.2521 isotonic=0.2618)
[META]  Trained on 360 events  (success rate=0.519)
[PRIM]  wavelet_trend: long share oof=0.506  test=0.923
[PRIM]  Warning: fold 175 test sides are 92.3% long (one-sided primary)

[PWFO]  IS252_OOS10 window 175: IS[12211:13969]  OOS[13969:14039]

[FRACDIFF] Optimal d  : 0.8047
           ADF p-val  : 0.6877 %  (n=1157)
           Corr (raw) : 0.5456
[META]  logit_l2 {'C': 0.01}  calibration=sigmoid (cv Brier sigmoid=0.2519 isotonic=0.2703)
[META]  Trained on 359 events  (success rate=0.521)
[PRIM]  wavelet_trend: long share oof=0.515  test=0.500

[PWFO]  IS252_OOS10 window 176: IS[12281:14039]  OOS[14039:14109]

[FRACDIFF] Optimal d  : 0.7969
           ADF p-val  : 1.9113 %  (n=1157)
           Corr (raw) : 0.5553
[META]  logit_l2 {'C': 0.01}  calibration=sigmoid (cv Brier sigmoid=0.2503 isotonic=0.2686)
[META]  Trained on 361 events  (success rate=0.521)
[PRIM]  wavelet_trend: long share oof=0.524  test=0.471

[PWFO]  IS252_OOS10 window 177: IS[12351:14109]  OOS[14109:14179]

[FRACDIFF] Optimal d  : 0.7734
           ADF p-val  : 1.6288 %  (n=1157)
           Corr (raw) : 0.6221
[META]  logit_l2 {'C': 0.01}  calibration=sigmoid (cv Brier sigmoid=0.2508 isotonic=0.2696)
[META]  Trained on 365 events  (success rate=0.529)
[PRIM]  wavelet_trend: long share oof=0.512  test=0.733

[PWFO]  IS252_OOS10 window 178: IS[12421:14179]  OOS[14179:14249]

[FRACDIFF] Optimal d  : 0.7734
           ADF p-val  : 4.7949 %  (n=1157)
           Corr (raw) : 0.6089
[META]  logit_l2 {'C': 0.01}  calibration=sigmoid (cv Brier sigmoid=0.2511 isotonic=0.2620)
[META]  Trained on 365 events  (success rate=0.518)
[PRIM]  wavelet_trend: long share oof=0.518  test=0.529

[PWFO]  IS252_OOS10 window 179: IS[12491:14249]  OOS[14249:14319]

[FRACDIFF] Optimal d  : 0.7578
           ADF p-val  : 4.3723 %  (n=1157)
           Corr (raw) : 0.6512
[META]  logit_l2 {'C': 0.01}  calibration=sigmoid (cv Brier sigmoid=0.2501 isotonic=0.2710)
[META]  Trained on 367 events  (success rate=0.512)
[PRIM]  wavelet_trend: long share oof=0.523  test=0.625

[PWFO]  IS252_OOS10 window 180: IS[12561:14319]  OOS[14319:14389]

[FRACDIFF] Optimal d  : 0.7812
           ADF p-val  : 1.4452 %  (n=1157)
           Corr (raw) : 0.5639
[META]  logit_l2 {'C': 0.01}  calibration=sigmoid (cv Brier sigmoid=0.2516 isotonic=0.2687)
[META]  Trained on 358 events  (success rate=0.503)
[PRIM]  wavelet_trend: long share oof=0.531  test=0.667

[PWFO]  IS252_OOS10 window 181: IS[12631:14389]  OOS[14389:14459]

[FRACDIFF] Optimal d  : 0.6719
           ADF p-val  : 4.7165 %  (n=1157)
           Corr (raw) : 0.7773
[META]  logit_l2 {'C': 0.01}  calibration=sigmoid (cv Brier sigmoid=0.2527 isotonic=0.2614)
[META]  Trained on 355 events  (success rate=0.499)
[PRIM]  wavelet_trend: long share oof=0.546  test=0.750

[PWFO]  IS252_OOS10 window 182: IS[12701:14459]  OOS[14459:14529]

[FRACDIFF] Optimal d  : 0.6562
           ADF p-val  : 4.3209 %  (n=1157)
           Corr (raw) : 0.7871
[META]  logit_l2 {'C': 0.01}  calibration=sigmoid (cv Brier sigmoid=0.2517 isotonic=0.2581)
[META]  Trained on 354 events  (success rate=0.497)
[PRIM]  wavelet_trend: long share oof=0.556  test=0.385

[PWFO]  IS252_OOS10 window 183: IS[12771:14529]  OOS[14529:14599]

[FRACDIFF] Optimal d  : 0.6484
           ADF p-val  : 4.3206 %  (n=1154)
           Corr (raw) : 0.7993
[META]  logit_l2 {'C': 0.01}  calibration=sigmoid (cv Brier sigmoid=0.2548 isotonic=0.2748)
[META]  Trained on 355 events  (success rate=0.496)
[PRIM]  wavelet_trend: long share oof=0.544  test=0.062
[PRIM]  Warning: fold 184 test sides are 6.2% long (one-sided primary)

[PWFO]  IS252_OOS10 window 184: IS[12841:14599]  OOS[14599:14669]

[FRACDIFF] Optimal d  : 0.7031
           ADF p-val  : 4.3305 %  (n=1154)
           Corr (raw) : 0.7232
[META]  logit_l2 {'C': 0.01}  calibration=sigmoid (cv Brier sigmoid=0.2552 isotonic=0.2682)
[META]  Trained on 356 events  (success rate=0.506)
[PRIM]  wavelet_trend: long share oof=0.528  test=0.667

[PWFO]  IS252_OOS10 window 185: IS[12911:14669]  OOS[14669:14739]

[FRACDIFF] Optimal d  : 0.7422
           ADF p-val  : 4.0351 %  (n=1154)
           Corr (raw) : 0.6567
[META]  logit_l2 {'C': 0.01}  calibration=sigmoid (cv Brier sigmoid=0.2550 isotonic=0.2795)
[META]  Trained on 350 events  (success rate=0.500)
[PRIM]  wavelet_trend: long share oof=0.540  test=0.636

[PWFO]  IS252_OOS10 window 186: IS[12981:14739]  OOS[14739:14809]

[FRACDIFF] Optimal d  : 0.7344
           ADF p-val  : 4.3552 %  (n=1154)
           Corr (raw) : 0.6867
[META]  logit_l2 {'C': 0.01}  calibration=sigmoid (cv Brier sigmoid=0.2533 isotonic=0.2705)
[META]  Trained on 345 events  (success rate=0.496)
[PRIM]  wavelet_trend: long share oof=0.542  test=0.583

[PWFO]  IS252_OOS10 window 187: IS[13051:14809]  OOS[14809:14879]

[FRACDIFF] Optimal d  : 0.7969
           ADF p-val  : 3.8750 %  (n=1154)
           Corr (raw) : 0.5846
[META]  logit_l2 {'C': 0.01}  calibration=sigmoid (cv Brier sigmoid=0.2527 isotonic=0.2679)
[META]  Trained on 343 events  (success rate=0.490)
[PRIM]  wavelet_trend: long share oof=0.536  test=0.692

[PWFO]  IS252_OOS10 window 188: IS[13121:14879]  OOS[14879:14946]

[FRACDIFF] Optimal d  : 0.8047
           ADF p-val  : 4.2421 %  (n=1154)
           Corr (raw) : 0.6004
[META]  logit_l2 {'C': 0.01}  calibration=isotonic (cv Brier sigmoid=0.2545 isotonic=0.2526)
[META]  Trained on 338 events  (success rate=0.485)
[PRIM]  wavelet_trend: long share oof=0.533  test=0.833

[PWFO]  IS252_OOS10 window 189: IS[13188:14946]  OOS[14946:15016]

[FRACDIFF] Optimal d  : 0.8672
           ADF p-val  : 0.2104 %  (n=1157)
           Corr (raw) : 0.4600
[META]  logit_l2 {'C': 0.01}  calibration=isotonic (cv Brier sigmoid=0.2504 isotonic=0.2504)
[META]  Trained on 341 events  (success rate=0.484)
[PRIM]  wavelet_trend: long share oof=0.545  test=0.706

[PWFO]  IS252_OOS10 window 190: IS[13258:15016]  OOS[15016:15086]

[FRACDIFF] Optimal d  : 0.8984
           ADF p-val  : 0.1055 %  (n=1157)
           Corr (raw) : 0.3898
[META]  logit_l2 {'C': 0.01}  calibration=sigmoid (cv Brier sigmoid=0.2571 isotonic=0.2729)
[META]  Trained on 347 events  (success rate=0.484)
[PRIM]  wavelet_trend: long share oof=0.545  test=0.312

[PWFO]  IS252_OOS10 window 191: IS[13328:15086]  OOS[15086:15156]

[FRACDIFF] Optimal d  : 0.8828
           ADF p-val  : 0.2362 %  (n=1157)
           Corr (raw) : 0.4574
[META]  logit_l2 {'C': 0.01}  calibration=sigmoid (cv Brier sigmoid=0.2528 isotonic=0.2693)
[META]  Trained on 346 events  (success rate=0.480)
[PRIM]  wavelet_trend: long share oof=0.540  test=0.875

[PWFO]  IS252_OOS10 window 192: IS[13398:15156]  OOS[15156:15226]

[FRACDIFF] Optimal d  : 0.8828
           ADF p-val  : 0.0034 %  (n=1157)
           Corr (raw) : 0.4442
[META]  logit_l2 {'C': 0.01}  calibration=sigmoid (cv Brier sigmoid=0.2534 isotonic=0.2639)
[META]  Trained on 340 events  (success rate=0.485)
[PRIM]  wavelet_trend: long share oof=0.559  test=0.333

[PWFO]  IS252_OOS10 window 193: IS[13468:15226]  OOS[15226:15296]

[FRACDIFF] Optimal d  : 0.8906
           ADF p-val  : 0.2306 %  (n=1157)
           Corr (raw) : 0.4104
[META]  logit_l2 {'C': 0.01}  calibration=sigmoid (cv Brier sigmoid=0.2513 isotonic=0.2710)
[META]  Trained on 340 events  (success rate=0.482)
[PRIM]  wavelet_trend: long share oof=0.544  test=0.562

[PWFO]  IS252_OOS10 window 194: IS[13538:15296]  OOS[15296:15366]

[FRACDIFF] Optimal d  : 0.8828
           ADF p-val  : 0.3060 %  (n=1157)
           Corr (raw) : 0.4591
[META]  logit_l2 {'C': 0.01}  calibration=sigmoid (cv Brier sigmoid=0.2524 isotonic=0.2701)
[META]  Trained on 342 events  (success rate=0.491)
[PRIM]  wavelet_trend: long share oof=0.550  test=0.667

[PWFO]  IS252_OOS10 window 195: IS[13608:15366]  OOS[15366:15436]

[FRACDIFF] Optimal d  : 0.8906
           ADF p-val  : 0.1096 %  (n=1157)
           Corr (raw) : 0.3997
[META]  logit_l2 {'C': 0.01}  calibration=sigmoid (cv Brier sigmoid=0.2580 isotonic=0.2744)
[META]  Trained on 334 events  (success rate=0.491)
[PRIM]  wavelet_trend: long share oof=0.572  test=0.818

[PWFO]  IS252_OOS10 window 196: IS[13678:15436]  OOS[15436:15506]

[FRACDIFF] Optimal d  : 0.8672
           ADF p-val  : 0.3143 %  (n=1157)
           Corr (raw) : 0.4973
[META]  logit_l2 {'C': 0.01}  calibration=sigmoid (cv Brier sigmoid=0.2586 isotonic=0.2756)
[META]  Trained on 329 events  (success rate=0.492)
[PRIM]  wavelet_trend: long share oof=0.581  test=0.357

[PWFO]  IS252_OOS10 window 197: IS[13748:15506]  OOS[15506:15576]

[FRACDIFF] Optimal d  : 0.8750
           ADF p-val  : 0.1791 %  (n=1157)
           Corr (raw) : 0.4163
[META]  logit_l2 {'C': 0.01}  calibration=sigmoid (cv Brier sigmoid=0.2555 isotonic=0.2827)
[META]  Trained on 323 events  (success rate=0.471)
[PRIM]  wavelet_trend: long share oof=0.591  test=0.444

[PWFO]  IS252_OOS10 window 198: IS[13818:15576]  OOS[15576:15646]

[FRACDIFF] Optimal d  : 0.8906
           ADF p-val  : 0.1089 %  (n=1154)
           Corr (raw) : 0.3985
[META]  logit_l2 {'C': 0.01}  calibration=sigmoid (cv Brier sigmoid=0.2536 isotonic=0.2649)
[META]  Trained on 321 events  (success rate=0.477)
[PRIM]  wavelet_trend: long share oof=0.579  test=0.643

[PWFO]  IS252_OOS10 window 199: IS[13885:15646]  OOS[15646:15713]

[FRACDIFF] Optimal d  : 0.8438
           ADF p-val  : 0.1201 %  (n=1157)
           Corr (raw) : 0.4983
[META]  logit_l2 {'C': 0.01}  calibration=sigmoid (cv Brier sigmoid=0.2512 isotonic=0.2549)
[META]  Trained on 325 events  (success rate=0.489)
[PRIM]  wavelet_trend: long share oof=0.572  test=0.667

[PWFO]  IS252_OOS10 window 200: IS[13955:15713]  OOS[15713:15780]

[FRACDIFF] Optimal d  : 0.8203
           ADF p-val  : 0.6409 %  (n=1157)
           Corr (raw) : 0.4863
[META]  logit_l2 {'C': 0.01}  calibration=sigmoid (cv Brier sigmoid=0.2517 isotonic=0.2537)
[META]  Trained on 324 events  (success rate=0.491)
[PRIM]  wavelet_trend: long share oof=0.565  test=0.385

[PWFO]  IS252_OOS10 window 201: IS[14025:15780]  OOS[15780:15850]

[FRACDIFF] Optimal d  : 0.7969
           ADF p-val  : 0.7461 %  (n=1157)
           Corr (raw) : 0.5552
[META]  logit_l2 {'C': 0.01}  calibration=sigmoid (cv Brier sigmoid=0.2554 isotonic=0.2829)
[META]  Trained on 325 events  (success rate=0.489)
[PRIM]  wavelet_trend: long share oof=0.554  test=0.267

[PWFO]  IS252_OOS10 window 202: IS[14095:15850]  OOS[15850:15920]

[FRACDIFF] Optimal d  : 0.7969
           ADF p-val  : 0.7787 %  (n=1157)
           Corr (raw) : 0.5022
[META]  logit_l2 {'C': 0.01}  calibration=sigmoid (cv Brier sigmoid=0.2524 isotonic=0.2610)
[META]  Trained on 323 events  (success rate=0.471)
[PRIM]  wavelet_trend: long share oof=0.551  test=0.700

[PWFO]  IS252_OOS10 window 203: IS[14165:15920]  OOS[15920:15990]

[FRACDIFF] Optimal d  : 0.7891
           ADF p-val  : 1.3098 %  (n=1157)
           Corr (raw) : 0.5274
[META]  logit_l2 {'C': 0.01}  calibration=sigmoid (cv Brier sigmoid=0.2520 isotonic=0.2751)
[META]  Trained on 317 events  (success rate=0.476)
[PRIM]  wavelet_trend: long share oof=0.546  test=0.636

[PWFO]  IS252_OOS10 window 204: IS[14235:15990]  OOS[15990:16060]

[FRACDIFF] Optimal d  : 0.8047
           ADF p-val  : 1.4849 %  (n=1157)
           Corr (raw) : 0.4911
[META]  logit_l2 {'C': 0.01}  calibration=sigmoid (cv Brier sigmoid=0.2525 isotonic=0.2635)
[META]  Trained on 314 events  (success rate=0.465)
[PRIM]  wavelet_trend: long share oof=0.551  test=0.188

[PWFO]  IS252_OOS10 window 205: IS[14305:16060]  OOS[16060:16130]

[FRACDIFF] Optimal d  : 0.8125
           ADF p-val  : 1.7703 %  (n=1157)
           Corr (raw) : 0.4862
[META]  logit_l2 {'C': 0.01}  calibration=isotonic (cv Brier sigmoid=0.2505 isotonic=0.2488)
[META]  Trained on 317 events  (success rate=0.483)
[PRIM]  wavelet_trend: long share oof=0.533  test=0.000
[PRIM]  Warning: fold 206 test sides are 0.0% long (one-sided primary)

[PWFO]  IS252_OOS10 window 206: IS[14375:16130]  OOS[16130:16200]

[FRACDIFF] Optimal d  : 0.8359
           ADF p-val  : 2.3917 %  (n=1157)
           Corr (raw) : 0.4308
[META]  logit_l2 {'C': 0.01}  calibration=sigmoid (cv Brier sigmoid=0.2510 isotonic=0.2560)
[META]  Trained on 325 events  (success rate=0.486)
[PRIM]  wavelet_trend: long share oof=0.495  test=0.818

[PWFO]  IS252_OOS10 window 207: IS[14445:16200]  OOS[16200:16270]

[FRACDIFF] Optimal d  : 0.8125
           ADF p-val  : 2.4980 %  (n=1157)
           Corr (raw) : 0.5089
[META]  logit_l2 {'C': 0.01}  calibration=sigmoid (cv Brier sigmoid=0.2539 isotonic=0.2694)
[META]  Trained on 324 events  (success rate=0.494)
[PRIM]  wavelet_trend: long share oof=0.491  test=0.250

[PWFO]  IS252_OOS10 window 208: IS[14515:16270]  OOS[16270:16340]

[FRACDIFF] Optimal d  : 0.7891
           ADF p-val  : 4.4159 %  (n=1154)
           Corr (raw) : 0.5990
[META]  logit_l2 {'C': 0.01}  calibration=sigmoid (cv Brier sigmoid=0.2500 isotonic=0.2594)
[META]  Trained on 334 events  (success rate=0.503)
[PRIM]  wavelet_trend: long share oof=0.476  test=0.556

[PWFO]  IS252_OOS10 window 209: IS[14585:16340]  OOS[16340:16410]

[FRACDIFF] Optimal d  : 0.7031
           ADF p-val  : 4.7631 %  (n=1154)
           Corr (raw) : 0.7671
[META]  logit_l2 {'C': 0.01}  calibration=isotonic (cv Brier sigmoid=0.2542 isotonic=0.2540)
[META]  Trained on 329 events  (success rate=0.495)
[PRIM]  wavelet_trend: long share oof=0.498  test=0.571

[PWFO]  IS252_OOS10 window 210: IS[14655:16410]  OOS[16410:16480]

[FRACDIFF] Optimal d  : 0.7344
           ADF p-val  : 4.3378 %  (n=1151)
           Corr (raw) : 0.6767
[META]  logit_l2 {'C': 0.01}  calibration=sigmoid (cv Brier sigmoid=0.2500 isotonic=0.2546)
[META]  Trained on 325 events  (success rate=0.492)
[PRIM]  wavelet_trend: long share oof=0.498  test=0.500

[PWFO]  IS252_OOS10 window 211: IS[14725:16480]  OOS[16480:16550]

[FRACDIFF] Optimal d  : 0.7266
           ADF p-val  : 4.1755 %  (n=1151)
           Corr (raw) : 0.6752
[META]  logit_l2 {'C': 0.01}  calibration=sigmoid (cv Brier sigmoid=0.2495 isotonic=0.2521)
[META]  Trained on 324 events  (success rate=0.497)
[PRIM]  wavelet_trend: long share oof=0.491  test=0.700

[PWFO]  IS252_OOS10 window 212: IS[14795:16550]  OOS[16550:16620]

[FRACDIFF] Optimal d  : 0.7188
           ADF p-val  : 4.3134 %  (n=1151)
           Corr (raw) : 0.6718
[META]  logit_l2 {'C': 0.01}  calibration=sigmoid (cv Brier sigmoid=0.2542 isotonic=0.2614)
[META]  Trained on 321 events  (success rate=0.492)
[PRIM]  wavelet_trend: long share oof=0.498  test=0.471

[PWFO]  IS252_OOS10 window 213: IS[14865:16620]  OOS[16620:16687]

[FRACDIFF] Optimal d  : 0.7344
           ADF p-val  : 4.4059 %  (n=1151)
           Corr (raw) : 0.6419
[META]  logit_l2 {'C': 0.01}  calibration=sigmoid (cv Brier sigmoid=0.2512 isotonic=0.2570)
[META]  Trained on 325 events  (success rate=0.489)
[PRIM]  wavelet_trend: long share oof=0.480  test=0.900

[PWFO]  IS252_OOS10 window 214: IS[14932:16687]  OOS[16687:16757]

[FRACDIFF] Optimal d  : 0.7266
           ADF p-val  : 4.4758 %  (n=1154)
           Corr (raw) : 0.6208
[META]  logit_l2 {'C': 0.01}  calibration=isotonic (cv Brier sigmoid=0.2537 isotonic=0.2534)
[META]  Trained on 322 events  (success rate=0.488)
[PRIM]  wavelet_trend: long share oof=0.491  test=0.643

[PWFO]  IS252_OOS10 window 215: IS[15002:16757]  OOS[16757:16827]

[FRACDIFF] Optimal d  : 0.6953
           ADF p-val  : 4.4689 %  (n=1154)
           Corr (raw) : 0.6724
[META]  logit_l2 {'C': 0.01}  calibration=sigmoid (cv Brier sigmoid=0.2552 isotonic=0.2673)
[META]  Trained on 319 events  (success rate=0.480)
[PRIM]  wavelet_trend: long share oof=0.480  test=0.533

[PWFO]  IS252_OOS10 window 216: IS[15072:16827]  OOS[16827:16897]

[FRACDIFF] Optimal d  : 0.6172
           ADF p-val  : 4.6591 %  (n=1154)
           Corr (raw) : 0.7734
[WFO]  Fold 217: insufficient events (train=221, val=99) — skipping

[PWFO]  IS252_OOS10 window 217: IS[15142:16897]  OOS[16897:16967]

[FRACDIFF] Optimal d  : 0.6406
           ADF p-val  : 4.8656 %  (n=1154)
           Corr (raw) : 0.7131
[WFO]  Fold 218: insufficient events (train=225, val=91) — skipping

[PWFO]  IS252_OOS10 window 218: IS[15212:16967]  OOS[16967:17037]

[FRACDIFF] Optimal d  : 0.5312
           ADF p-val  : 4.8898 %  (n=1154)
           Corr (raw) : 0.8533
[WFO]  Fold 219: insufficient events (train=219, val=95) — skipping
[PWFO]  IS252_OOS10: 219 windows, status {'ok': 185, 'insufficient_events': 33, 'fracdiff_failed': 1}

[BACKTEST]  Simulating barrier-exit trades (sizer fixed, single positions, risk none) ...

[BACKTEST]  Simulating barrier-exit trades (sizer fixed, single positions, risk none) ...

[BACKTEST]  Simulating barrier-exit trades (sizer fixed, single positions, risk none) ...

[BACKTEST]  Simulating barrier-exit trades (sizer fixed, single positions, risk none) ...

[BACKTEST]  Simulating barrier-exit trades (sizer fixed, single positions, risk none) ...

[BACKTEST]  Simulating barrier-exit trades (sizer fixed, single positions, risk none) ...

[BACKTEST]  Simulating barrier-exit trades (sizer fixed, single positions, risk none) ...

[BACKTEST]  Simulating barrier-exit trades (sizer fixed, single positions, risk none) ...

[BACKTEST]  Simulating barrier-exit trades (sizer fixed, single positions, risk none) ...

[BACKTEST]  Simulating barrier-exit trades (sizer fixed, single positions, risk none) ...

[BACKTEST]  Simulating barrier-exit trades (sizer fixed, single positions, risk none) ...

[BACKTEST]  Simulating barrier-exit trades (sizer fixed, single positions, risk none) ...

[BACKTEST]  Simulating barrier-exit trades (sizer fixed, single positions, risk none) ...

[BACKTEST]  Simulating barrier-exit trades (sizer fixed, single positions, risk none) ...

[BACKTEST]  Simulating barrier-exit trades (sizer fixed, single positions, risk none) ...

[BACKTEST]  Simulating barrier-exit trades (sizer fixed, single positions, risk none) ...

[BACKTEST]  Simulating barrier-exit trades (sizer fixed, single positions, risk none) ...

[BACKTEST]  Simulating barrier-exit trades (sizer fixed, single positions, risk none) ...

[BACKTEST]  Simulating barrier-exit trades (sizer fixed, single positions, risk none) ...

[BACKTEST]  Simulating barrier-exit trades (sizer fixed, single positions, risk none) ...

[BACKTEST]  Simulating barrier-exit trades (sizer fixed, single positions, risk none) ...

[BACKTEST]  Simulating barrier-exit trades (sizer fixed, single positions, risk none) ...

[BACKTEST]  Simulating barrier-exit trades (sizer fixed, single positions, risk none) ...

[BACKTEST]  Simulating barrier-exit trades (sizer fixed, single positions, risk none) ...

[BACKTEST]  Simulating barrier-exit trades (sizer fixed, single positions, risk none) ...

[BACKTEST]  Simulating barrier-exit trades (sizer fixed, single positions, risk none) ...

[BACKTEST]  Simulating barrier-exit trades (sizer fixed, single positions, risk none) ...

[BACKTEST]  Simulating barrier-exit trades (sizer fixed, single positions, risk none) ...

[BACKTEST]  Simulating barrier-exit trades (sizer fixed, single positions, risk none) ...

[BACKTEST]  Simulating barrier-exit trades (sizer fixed, single positions, risk none) ...

[BACKTEST]  Simulating barrier-exit trades (sizer fixed, single positions, risk none) ...

[BACKTEST]  Simulating barrier-exit trades (sizer fixed, single positions, risk none) ...

[BACKTEST]  Simulating barrier-exit trades (sizer fixed, single positions, risk none) ...

[BACKTEST]  Simulating barrier-exit trades (sizer fixed, single positions, risk none) ...

[BACKTEST]  Simulating barrier-exit trades (sizer fixed, single positions, risk none) ...

[BACKTEST]  Simulating barrier-exit trades (sizer fixed, single positions, risk none) ...

[BACKTEST]  Simulating barrier-exit trades (sizer fixed, single positions, risk none) ...

[BACKTEST]  Simulating barrier-exit trades (sizer fixed, single positions, risk none) ...

[BACKTEST]  Simulating barrier-exit trades (sizer fixed, single positions, risk none) ...

[BACKTEST]  Simulating barrier-exit trades (sizer fixed, single positions, risk none) ...

[BACKTEST]  Simulating barrier-exit trades (sizer fixed, single positions, risk none) ...

[BACKTEST]  Simulating barrier-exit trades (sizer fixed, single positions, risk none) ...

[BACKTEST]  Simulating barrier-exit trades (sizer fixed, single positions, risk none) ...

[BACKTEST]  Simulating barrier-exit trades (sizer fixed, single positions, risk none) ...

[BACKTEST]  Simulating barrier-exit trades (sizer fixed, single positions, risk none) ...

[BACKTEST]  Simulating barrier-exit trades (sizer fixed, single positions, risk none) ...

[BACKTEST]  Simulating barrier-exit trades (sizer fixed, single positions, risk none) ...

[BACKTEST]  Simulating barrier-exit trades (sizer fixed, single positions, risk none) ...

[BACKTEST]  Simulating barrier-exit trades (sizer fixed, single positions, risk none) ...

[BACKTEST]  Simulating barrier-exit trades (sizer fixed, single positions, risk none) ...

[BACKTEST]  Simulating barrier-exit trades (sizer fixed, single positions, risk none) ...

[BACKTEST]  Simulating barrier-exit trades (sizer fixed, single positions, risk none) ...

[BACKTEST]  Simulating barrier-exit trades (sizer fixed, single positions, risk none) ...

[BACKTEST]  Simulating barrier-exit trades (sizer fixed, single positions, risk none) ...

[BACKTEST]  Simulating barrier-exit trades (sizer fixed, single positions, risk none) ...

[BACKTEST]  Simulating barrier-exit trades (sizer fixed, single positions, risk none) ...

[BACKTEST]  Simulating barrier-exit trades (sizer fixed, single positions, risk none) ...

[BACKTEST]  Simulating barrier-exit trades (sizer fixed, single positions, risk none) ...

[BACKTEST]  Simulating barrier-exit trades (sizer fixed, single positions, risk none) ...

[BACKTEST]  Simulating barrier-exit trades (sizer fixed, single positions, risk none) ...

[BACKTEST]  Simulating barrier-exit trades (sizer fixed, single positions, risk none) ...

[BACKTEST]  Simulating barrier-exit trades (sizer fixed, single positions, risk none) ...

[BACKTEST]  Simulating barrier-exit trades (sizer fixed, single positions, risk none) ...

[BACKTEST]  Simulating barrier-exit trades (sizer fixed, single positions, risk none) ...

[BACKTEST]  Simulating barrier-exit trades (sizer fixed, single positions, risk none) ...

[BACKTEST]  Simulating barrier-exit trades (sizer fixed, single positions, risk none) ...

[BACKTEST]  Simulating barrier-exit trades (sizer fixed, single positions, risk none) ...

[BACKTEST]  Simulating barrier-exit trades (sizer fixed, single positions, risk none) ...

[BACKTEST]  Simulating barrier-exit trades (sizer fixed, single positions, risk none) ...

[BACKTEST]  Simulating barrier-exit trades (sizer fixed, single positions, risk none) ...

[BACKTEST]  Simulating barrier-exit trades (sizer fixed, single positions, risk none) ...

[BACKTEST]  Simulating barrier-exit trades (sizer fixed, single positions, risk none) ...

[BACKTEST]  Simulating barrier-exit trades (sizer fixed, single positions, risk none) ...

[BACKTEST]  Simulating barrier-exit trades (sizer fixed, single positions, risk none) ...

[BACKTEST]  Simulating barrier-exit trades (sizer fixed, single positions, risk none) ...

[BACKTEST]  Simulating barrier-exit trades (sizer fixed, single positions, risk none) ...

[BACKTEST]  Simulating barrier-exit trades (sizer fixed, single positions, risk none) ...

[BACKTEST]  Simulating barrier-exit trades (sizer fixed, single positions, risk none) ...

[BACKTEST]  Simulating barrier-exit trades (sizer fixed, single positions, risk none) ...

[BACKTEST]  Simulating barrier-exit trades (sizer fixed, single positions, risk none) ...

[BACKTEST]  Simulating barrier-exit trades (sizer fixed, single positions, risk none) ...

[BACKTEST]  Simulating barrier-exit trades (sizer fixed, single positions, risk none) ...

[BACKTEST]  Simulating barrier-exit trades (sizer fixed, single positions, risk none) ...

[BACKTEST]  Simulating barrier-exit trades (sizer fixed, single positions, risk none) ...

[BACKTEST]  Simulating barrier-exit trades (sizer fixed, single positions, risk none) ...

[BACKTEST]  Simulating barrier-exit trades (sizer fixed, single positions, risk none) ...

[BACKTEST]  Simulating barrier-exit trades (sizer fixed, single positions, risk none) ...

[BACKTEST]  Simulating barrier-exit trades (sizer fixed, single positions, risk none) ...

[BACKTEST]  Simulating barrier-exit trades (sizer fixed, single positions, risk none) ...

[BACKTEST]  Simulating barrier-exit trades (sizer fixed, single positions, risk none) ...

[BACKTEST]  Simulating barrier-exit trades (sizer fixed, single positions, risk none) ...

[BACKTEST]  Simulating barrier-exit trades (sizer fixed, single positions, risk none) ...

[BACKTEST]  Simulating barrier-exit trades (sizer fixed, single positions, risk none) ...

[BACKTEST]  Simulating barrier-exit trades (sizer fixed, single positions, risk none) ...

[BACKTEST]  Simulating barrier-exit trades (sizer fixed, single positions, risk none) ...

[BACKTEST]  Simulating barrier-exit trades (sizer fixed, single positions, risk none) ...

[BACKTEST]  Simulating barrier-exit trades (sizer fixed, single positions, risk none) ...

[BACKTEST]  Simulating barrier-exit trades (sizer fixed, single positions, risk none) ...

[BACKTEST]  Simulating barrier-exit trades (sizer fixed, single positions, risk none) ...

[BACKTEST]  Simulating barrier-exit trades (sizer fixed, single positions, risk none) ...

[BACKTEST]  Simulating barrier-exit trades (sizer fixed, single positions, risk none) ...

[BACKTEST]  Simulating barrier-exit trades (sizer fixed, single positions, risk none) ...

[BACKTEST]  Simulating barrier-exit trades (sizer fixed, single positions, risk none) ...

[BACKTEST]  Simulating barrier-exit trades (sizer fixed, single positions, risk none) ...

[BACKTEST]  Simulating barrier-exit trades (sizer fixed, single positions, risk none) ...

[BACKTEST]  Simulating barrier-exit trades (sizer fixed, single positions, risk none) ...

[BACKTEST]  Simulating barrier-exit trades (sizer fixed, single positions, risk none) ...

[BACKTEST]  Simulating barrier-exit trades (sizer fixed, single positions, risk none) ...

[BACKTEST]  Simulating barrier-exit trades (sizer fixed, single positions, risk none) ...

[BACKTEST]  Simulating barrier-exit trades (sizer fixed, single positions, risk none) ...

[BACKTEST]  Simulating barrier-exit trades (sizer fixed, single positions, risk none) ...

[BACKTEST]  Simulating barrier-exit trades (sizer fixed, single positions, risk none) ...

[BACKTEST]  Simulating barrier-exit trades (sizer fixed, single positions, risk none) ...

[BACKTEST]  Simulating barrier-exit trades (sizer fixed, single positions, risk none) ...

[BACKTEST]  Simulating barrier-exit trades (sizer fixed, single positions, risk none) ...

[BACKTEST]  Simulating barrier-exit trades (sizer fixed, single positions, risk none) ...

[BACKTEST]  Simulating barrier-exit trades (sizer fixed, single positions, risk none) ...

[BACKTEST]  Simulating barrier-exit trades (sizer fixed, single positions, risk none) ...

[BACKTEST]  Simulating barrier-exit trades (sizer fixed, single positions, risk none) ...

[BACKTEST]  Simulating barrier-exit trades (sizer fixed, single positions, risk none) ...

[BACKTEST]  Simulating barrier-exit trades (sizer fixed, single positions, risk none) ...

[BACKTEST]  Simulating barrier-exit trades (sizer fixed, single positions, risk none) ...

[BACKTEST]  Simulating barrier-exit trades (sizer fixed, single positions, risk none) ...

[BACKTEST]  Simulating barrier-exit trades (sizer fixed, single positions, risk none) ...

[BACKTEST]  Simulating barrier-exit trades (sizer fixed, single positions, risk none) ...

[BACKTEST]  Simulating barrier-exit trades (sizer fixed, single positions, risk none) ...

[BACKTEST]  Simulating barrier-exit trades (sizer fixed, single positions, risk none) ...

[BACKTEST]  Simulating barrier-exit trades (sizer fixed, single positions, risk none) ...

[BACKTEST]  Simulating barrier-exit trades (sizer fixed, single positions, risk none) ...

[BACKTEST]  Simulating barrier-exit trades (sizer fixed, single positions, risk none) ...

[BACKTEST]  Simulating barrier-exit trades (sizer fixed, single positions, risk none) ...

[BACKTEST]  Simulating barrier-exit trades (sizer fixed, single positions, risk none) ...

[BACKTEST]  Simulating barrier-exit trades (sizer fixed, single positions, risk none) ...

[BACKTEST]  Simulating barrier-exit trades (sizer fixed, single positions, risk none) ...

[BACKTEST]  Simulating barrier-exit trades (sizer fixed, single positions, risk none) ...

[BACKTEST]  Simulating barrier-exit trades (sizer fixed, single positions, risk none) ...

[BACKTEST]  Simulating barrier-exit trades (sizer fixed, single positions, risk none) ...

[BACKTEST]  Simulating barrier-exit trades (sizer fixed, single positions, risk none) ...

[BACKTEST]  Simulating barrier-exit trades (sizer fixed, single positions, risk none) ...

[BACKTEST]  Simulating barrier-exit trades (sizer fixed, single positions, risk none) ...

[BACKTEST]  Simulating barrier-exit trades (sizer fixed, single positions, risk none) ...

[BACKTEST]  Simulating barrier-exit trades (sizer fixed, single positions, risk none) ...

[BACKTEST]  Simulating barrier-exit trades (sizer fixed, single positions, risk none) ...

[BACKTEST]  Simulating barrier-exit trades (sizer fixed, single positions, risk none) ...

[BACKTEST]  Simulating barrier-exit trades (sizer fixed, single positions, risk none) ...

[BACKTEST]  Simulating barrier-exit trades (sizer fixed, single positions, risk none) ...

[BACKTEST]  Simulating barrier-exit trades (sizer fixed, single positions, risk none) ...

[BACKTEST]  Simulating barrier-exit trades (sizer fixed, single positions, risk none) ...

[BACKTEST]  Simulating barrier-exit trades (sizer fixed, single positions, risk none) ...

[BACKTEST]  Simulating barrier-exit trades (sizer fixed, single positions, risk none) ...

[BACKTEST]  Simulating barrier-exit trades (sizer fixed, single positions, risk none) ...

[BACKTEST]  Simulating barrier-exit trades (sizer fixed, single positions, risk none) ...

[BACKTEST]  Simulating barrier-exit trades (sizer fixed, single positions, risk none) ...

[BACKTEST]  Simulating barrier-exit trades (sizer fixed, single positions, risk none) ...

[BACKTEST]  Simulating barrier-exit trades (sizer fixed, single positions, risk none) ...

[BACKTEST]  Simulating barrier-exit trades (sizer fixed, single positions, risk none) ...

[BACKTEST]  Simulating barrier-exit trades (sizer fixed, single positions, risk none) ...

[BACKTEST]  Simulating barrier-exit trades (sizer fixed, single positions, risk none) ...

[BACKTEST]  Simulating barrier-exit trades (sizer fixed, single positions, risk none) ...

[BACKTEST]  Simulating barrier-exit trades (sizer fixed, single positions, risk none) ...

[BACKTEST]  Simulating barrier-exit trades (sizer fixed, single positions, risk none) ...

[BACKTEST]  Simulating barrier-exit trades (sizer fixed, single positions, risk none) ...

[BACKTEST]  Simulating barrier-exit trades (sizer fixed, single positions, risk none) ...

[BACKTEST]  Simulating barrier-exit trades (sizer fixed, single positions, risk none) ...

[BACKTEST]  Simulating barrier-exit trades (sizer fixed, single positions, risk none) ...

[BACKTEST]  Simulating barrier-exit trades (sizer fixed, single positions, risk none) ...

[BACKTEST]  Simulating barrier-exit trades (sizer fixed, single positions, risk none) ...

[BACKTEST]  Simulating barrier-exit trades (sizer fixed, single positions, risk none) ...

[BACKTEST]  Simulating barrier-exit trades (sizer fixed, single positions, risk none) ...

[BACKTEST]  Simulating barrier-exit trades (sizer fixed, single positions, risk none) ...

[BACKTEST]  Simulating barrier-exit trades (sizer fixed, single positions, risk none) ...

[BACKTEST]  Simulating barrier-exit trades (sizer fixed, single positions, risk none) ...

[BACKTEST]  Simulating barrier-exit trades (sizer fixed, single positions, risk none) ...

[BACKTEST]  Simulating barrier-exit trades (sizer fixed, single positions, risk none) ...

[BACKTEST]  Simulating barrier-exit trades (sizer fixed, single positions, risk none) ...

[BACKTEST]  Simulating barrier-exit trades (sizer fixed, single positions, risk none) ...

[BACKTEST]  Simulating barrier-exit trades (sizer fixed, single positions, risk none) ...

[BACKTEST]  Simulating barrier-exit trades (sizer fixed, single positions, risk none) ...

[BACKTEST]  Simulating barrier-exit trades (sizer fixed, single positions, risk none) ...

[BACKTEST]  Simulating barrier-exit trades (sizer fixed, single positions, risk none) ...

[BACKTEST]  Simulating barrier-exit trades (sizer fixed, single positions, risk none) ...

[BACKTEST]  Simulating barrier-exit trades (sizer fixed, single positions, risk none) ...

[BACKTEST]  Simulating barrier-exit trades (sizer fixed, single positions, risk none) ...

[BACKTEST]  Simulating barrier-exit trades (sizer fixed, single positions, risk none) ...

[BACKTEST]  Simulating barrier-exit trades (sizer fixed, single positions, risk none) ...

[BACKTEST]  Simulating barrier-exit trades (sizer fixed, single positions, risk none) ...
