
════════════════════════════════════════════════════════════
  Sampling events, labels and causal features on the full dataset
════════════════════════════════════════════════════════════
[LABEL] 3,268 events from 17,092 bars  |  -1=1510  0=18  1=1740  |  barriers {'vertical': 2528, 'lower': 412, 'upper': 326, 'tie': 2}
[FEAT]  wavelet_core      4 cols    0.01s
[FEAT]  trend             9 cols    0.00s
[FEAT]  mean_reversion    3 cols    0.00s
[FEAT]  volatility        6 cols    0.00s
[FEAT]  microstructure    5 cols    0.00s
[FEAT]  intraday          4 cols    0.00s

────────────────────────────────────────────────────────────
  FOLD 1: train[0:1761]  val[1761:2640]  test[2640:2787]
────────────────────────────────────────────────────────────

[FRACDIFF] Optimal d  : 0.8203
           ADF p-val  : 0.5377 %
           Corr (raw) : 0.5897
[META]  logit_l2 {'C': 0.01}  calibration=sigmoid (cv Brier sigmoid=0.2497 isotonic=0.2552)
[META]  Trained on 484 events  (success rate=0.463)
[PRIM]  wavelet_trend: long share oof=0.510  test=0.696
[WFO]  Fold 1 done in 0.2s  |  OOS events=23  approved=0

────────────────────────────────────────────────────────────
  FOLD 2: train[0:1908]  val[1908:2787]  test[2787:2934]
────────────────────────────────────────────────────────────

[FRACDIFF] Optimal d  : 0.8203
           ADF p-val  : 0.8071 %
           Corr (raw) : 0.6287
[META]  logit_l2 {'C': 0.01}  calibration=sigmoid (cv Brier sigmoid=0.2500 isotonic=0.2588)
[META]  Trained on 507 events  (success rate=0.462)
[PRIM]  wavelet_trend: long share oof=0.519  test=0.462
[WFO]  Fold 2 done in 0.2s  |  OOS events=26  approved=0

────────────────────────────────────────────────────────────
  FOLD 3: train[0:2055]  val[2055:2934]  test[2934:3081]
────────────────────────────────────────────────────────────

[FRACDIFF] Optimal d  : 0.8594
           ADF p-val  : 0.2687 %
           Corr (raw) : 0.5645
[META]  logit_l2 {'C': 0.01}  calibration=sigmoid (cv Brier sigmoid=0.2518 isotonic=0.2618)
[META]  Trained on 533 events  (success rate=0.462)
[PRIM]  wavelet_trend: long share oof=0.516  test=0.591
[WFO]  Fold 3 done in 0.3s  |  OOS events=22  approved=0

────────────────────────────────────────────────────────────
  FOLD 4: train[0:2202]  val[2202:3081]  test[3081:3228]
────────────────────────────────────────────────────────────

[FRACDIFF] Optimal d  : 0.8516
           ADF p-val  : 0.5788 %
           Corr (raw) : 0.6232
[META]  logit_l2 {'C': 0.01}  calibration=sigmoid (cv Brier sigmoid=0.2495 isotonic=0.2558)
[META]  Trained on 553 events  (success rate=0.459)
[PRIM]  wavelet_trend: long share oof=0.517  test=0.852
[WFO]  Fold 4 done in 0.3s  |  OOS events=27  approved=0

────────────────────────────────────────────────────────────
  FOLD 5: train[0:2349]  val[2349:3228]  test[3228:3372]
────────────────────────────────────────────────────────────

[FRACDIFF] Optimal d  : 0.8594
           ADF p-val  : 0.4559 %
           Corr (raw) : 0.6177
[META]  logit_l2 {'C': 0.01}  calibration=sigmoid (cv Brier sigmoid=0.2487 isotonic=0.2551)
[META]  Trained on 582 events  (success rate=0.467)
[PRIM]  wavelet_trend: long share oof=0.536  test=0.667
[WFO]  Fold 5 done in 0.3s  |  OOS events=30  approved=4

────────────────────────────────────────────────────────────
  FOLD 6: train[0:2496]  val[2496:3372]  test[3372:3519]
────────────────────────────────────────────────────────────

[FRACDIFF] Optimal d  : 0.8594
           ADF p-val  : 0.6901 %
           Corr (raw) : 0.6411
[META]  logit_l2 {'C': 0.01}  calibration=sigmoid (cv Brier sigmoid=0.2477 isotonic=0.2502)
[META]  Trained on 611 events  (success rate=0.466)
[PRIM]  wavelet_trend: long share oof=0.540  test=0.700
[WFO]  Fold 6 done in 0.3s  |  OOS events=20  approved=8

────────────────────────────────────────────────────────────
  FOLD 7: train[0:2640]  val[2640:3519]  test[3519:3666]
────────────────────────────────────────────────────────────

[FRACDIFF] Optimal d  : 0.8750
           ADF p-val  : 0.1821 %
           Corr (raw) : 0.6077
[META]  logit_l2 {'C': 0.01}  calibration=sigmoid (cv Brier sigmoid=0.2473 isotonic=0.2531)
[META]  Trained on 631 events  (success rate=0.471)
[PRIM]  wavelet_trend: long share oof=0.547  test=0.879
[WFO]  Fold 7 done in 0.4s  |  OOS events=33  approved=22

────────────────────────────────────────────────────────────
  FOLD 8: train[0:2787]  val[2787:3666]  test[3666:3813]
────────────────────────────────────────────────────────────

[FRACDIFF] Optimal d  : 0.8828
           ADF p-val  : 0.1821 %
           Corr (raw) : 0.6020
[META]  logit_l2 {'C': 0.01}  calibration=sigmoid (cv Brier sigmoid=0.2479 isotonic=0.2564)
[META]  Trained on 664 events  (success rate=0.480)
[PRIM]  wavelet_trend: long share oof=0.562  test=0.273
[WFO]  Fold 8 done in 0.4s  |  OOS events=33  approved=11

────────────────────────────────────────────────────────────
  FOLD 9: train[0:2934]  val[2934:3813]  test[3813:3960]
────────────────────────────────────────────────────────────

[FRACDIFF] Optimal d  : 0.8828
           ADF p-val  : 0.1898 %
           Corr (raw) : 0.6223
[META]  logit_l2 {'C': 0.01}  calibration=sigmoid (cv Brier sigmoid=0.2494 isotonic=0.2576)
[META]  Trained on 697 events  (success rate=0.488)
[PRIM]  wavelet_trend: long share oof=0.549  test=0.389
[WFO]  Fold 9 done in 0.4s  |  OOS events=36  approved=14

────────────────────────────────────────────────────────────
  FOLD 10: train[0:3081]  val[3081:3960]  test[3960:4107]
────────────────────────────────────────────────────────────

[FRACDIFF] Optimal d  : 0.8906
           ADF p-val  : 0.1169 %
           Corr (raw) : 0.6130
[META]  logit_l2 {'C': 0.01}  calibration=sigmoid (cv Brier sigmoid=0.2509 isotonic=0.2556)
[META]  Trained on 732 events  (success rate=0.485)
[PRIM]  wavelet_trend: long share oof=0.541  test=0.346
[WFO]  Fold 10 done in 0.4s  |  OOS events=26  approved=2

────────────────────────────────────────────────────────────
  FOLD 11: train[0:3228]  val[3228:4107]  test[4107:4254]
────────────────────────────────────────────────────────────

[FRACDIFF] Optimal d  : 0.8984
           ADF p-val  : 0.0974 %
           Corr (raw) : 0.6119
[META]  logit_l2 {'C': 0.01}  calibration=sigmoid (cv Brier sigmoid=0.2486 isotonic=0.2566)
[META]  Trained on 759 events  (success rate=0.480)
[PRIM]  wavelet_trend: long share oof=0.536  test=0.560
[WFO]  Fold 11 done in 0.4s  |  OOS events=25  approved=8

────────────────────────────────────────────────────────────
  FOLD 12: train[0:3372]  val[3372:4254]  test[4254:4398]
────────────────────────────────────────────────────────────

[FRACDIFF] Optimal d  : 0.9141
           ADF p-val  : 0.0375 %
           Corr (raw) : 0.5623
[META]  logit_l2 {'C': 0.01}  calibration=sigmoid (cv Brier sigmoid=0.2487 isotonic=0.2537)
[META]  Trained on 785 events  (success rate=0.478)
[PRIM]  wavelet_trend: long share oof=0.535  test=0.400
[WFO]  Fold 12 done in 0.5s  |  OOS events=25  approved=3

────────────────────────────────────────────────────────────
  FOLD 13: train[0:3519]  val[3519:4398]  test[4398:4545]
────────────────────────────────────────────────────────────

[FRACDIFF] Optimal d  : 0.9141
           ADF p-val  : 0.0617 %
           Corr (raw) : 0.5925
[META]  logit_l2 {'C': 0.01}  calibration=sigmoid (cv Brier sigmoid=0.2491 isotonic=0.2563)
[META]  Trained on 810 events  (success rate=0.480)
[PRIM]  wavelet_trend: long share oof=0.531  test=0.636
[WFO]  Fold 13 done in 0.5s  |  OOS events=22  approved=12

────────────────────────────────────────────────────────────
  FOLD 14: train[0:3666]  val[3666:4545]  test[4545:4692]
────────────────────────────────────────────────────────────

[FRACDIFF] Optimal d  : 0.9219
           ADF p-val  : 0.0484 %
           Corr (raw) : 0.5868
[META]  logit_l2 {'C': 0.01}  calibration=sigmoid (cv Brier sigmoid=0.2485 isotonic=0.2529)
[META]  Trained on 831 events  (success rate=0.478)
[PRIM]  wavelet_trend: long share oof=0.535  test=0.435
[WFO]  Fold 14 done in 0.5s  |  OOS events=23  approved=6

────────────────────────────────────────────────────────────
  FOLD 15: train[0:3813]  val[3813:4692]  test[4692:4839]
────────────────────────────────────────────────────────────

[FRACDIFF] Optimal d  : 0.8984
           ADF p-val  : 0.1494 %
           Corr (raw) : 0.6526
[META]  logit_l2 {'C': 0.01}  calibration=sigmoid (cv Brier sigmoid=0.2480 isotonic=0.2512)
[META]  Trained on 855 events  (success rate=0.471)
[PRIM]  wavelet_trend: long share oof=0.532  test=0.677
[WFO]  Fold 15 done in 0.5s  |  OOS events=31  approved=10

────────────────────────────────────────────────────────────
  FOLD 16: train[0:3960]  val[3960:4839]  test[4839:4986]
────────────────────────────────────────────────────────────

[FRACDIFF] Optimal d  : 0.8984
           ADF p-val  : 0.1029 %
           Corr (raw) : 0.6384
[META]  logit_l2 {'C': 0.01}  calibration=sigmoid (cv Brier sigmoid=0.2500 isotonic=0.2550)
[META]  Trained on 886 events  (success rate=0.467)
[PRIM]  wavelet_trend: long share oof=0.536  test=0.231
[WFO]  Fold 16 done in 0.6s  |  OOS events=39  approved=7

────────────────────────────────────────────────────────────
  FOLD 17: train[0:4107]  val[4107:4986]  test[4986:5130]
────────────────────────────────────────────────────────────

[FRACDIFF] Optimal d  : 0.8906
           ADF p-val  : 0.0934 %
           Corr (raw) : 0.6629
[META]  logit_l2 {'C': 0.01}  calibration=sigmoid (cv Brier sigmoid=0.2517 isotonic=0.2573)
[META]  Trained on 925 events  (success rate=0.466)
[PRIM]  wavelet_trend: long share oof=0.523  test=0.484
[WFO]  Fold 17 done in 0.6s  |  OOS events=31  approved=7

────────────────────────────────────────────────────────────
  FOLD 18: train[0:4254]  val[4254:5130]  test[5130:5274]
────────────────────────────────────────────────────────────

[FRACDIFF] Optimal d  : 0.8984
           ADF p-val  : 0.0322 %
           Corr (raw) : 0.6324
[META]  logit_l2 {'C': 0.01}  calibration=sigmoid (cv Brier sigmoid=0.2490 isotonic=0.2530)
[META]  Trained on 956 events  (success rate=0.473)
[PRIM]  wavelet_trend: long share oof=0.522  test=0.139
[WFO]  Fold 18 done in 0.6s  |  OOS events=36  approved=9

────────────────────────────────────────────────────────────
  FOLD 19: train[0:4398]  val[4398:5274]  test[5274:5421]
────────────────────────────────────────────────────────────

[FRACDIFF] Optimal d  : 0.8984
           ADF p-val  : 0.0312 %
           Corr (raw) : 0.6332
[META]  logit_l2 {'C': 0.01}  calibration=sigmoid (cv Brier sigmoid=0.2504 isotonic=0.2571)
[META]  Trained on 992 events  (success rate=0.473)
[PRIM]  wavelet_trend: long share oof=0.509  test=0.818
[WFO]  Fold 19 done in 0.7s  |  OOS events=22  approved=6

────────────────────────────────────────────────────────────
  FOLD 20: train[0:4545]  val[4545:5421]  test[5421:5568]
────────────────────────────────────────────────────────────

[FRACDIFF] Optimal d  : 0.8984
           ADF p-val  : 0.0367 %
           Corr (raw) : 0.6441
[META]  logit_l2 {'C': 0.01}  calibration=sigmoid (cv Brier sigmoid=0.2512 isotonic=0.2590)
[META]  Trained on 1014 events  (success rate=0.470)
[PRIM]  wavelet_trend: long share oof=0.515  test=0.524
[WFO]  Fold 20 done in 0.7s  |  OOS events=21  approved=0

────────────────────────────────────────────────────────────
  FOLD 21: train[0:4692]  val[4692:5568]  test[5568:5715]
────────────────────────────────────────────────────────────

[FRACDIFF] Optimal d  : 0.8984
           ADF p-val  : 0.0432 %
           Corr (raw) : 0.6536
[META]  logit_l2 {'C': 0.01}  calibration=sigmoid (cv Brier sigmoid=0.2502 isotonic=0.2575)
[META]  Trained on 1034 events  (success rate=0.470)
[PRIM]  wavelet_trend: long share oof=0.516  test=0.423
[WFO]  Fold 21 done in 0.7s  |  OOS events=26  approved=1

────────────────────────────────────────────────────────────
  FOLD 22: train[0:4839]  val[4839:5715]  test[5715:5862]
────────────────────────────────────────────────────────────

[FRACDIFF] Optimal d  : 0.9062
           ADF p-val  : 0.0201 %
           Corr (raw) : 0.6299
[META]  logit_l2 {'C': 0.01}  calibration=sigmoid (cv Brier sigmoid=0.2509 isotonic=0.2586)
[META]  Trained on 1061 events  (success rate=0.468)
[PRIM]  wavelet_trend: long share oof=0.513  test=0.600
[WFO]  Fold 22 done in 0.8s  |  OOS events=25  approved=2

────────────────────────────────────────────────────────────
  FOLD 23: train[0:4986]  val[4986:5862]  test[5862:6009]
────────────────────────────────────────────────────────────

[FRACDIFF] Optimal d  : 0.8906
           ADF p-val  : 0.0966 %
           Corr (raw) : 0.6852
[META]  logit_l2 {'C': 0.01}  calibration=sigmoid (cv Brier sigmoid=0.2496 isotonic=0.2565)
[META]  Trained on 1084 events  (success rate=0.470)
[PRIM]  wavelet_trend: long share oof=0.515  test=0.192
[WFO]  Fold 23 done in 0.8s  |  OOS events=26  approved=1

────────────────────────────────────────────────────────────
  FOLD 24: train[0:5130]  val[5130:6009]  test[6009:6153]
────────────────────────────────────────────────────────────

[FRACDIFF] Optimal d  : 0.8906
           ADF p-val  : 0.0658 %
           Corr (raw) : 0.6792
[META]  logit_l2 {'C': 0.01}  calibration=sigmoid (cv Brier sigmoid=0.2491 isotonic=0.2500)
[META]  Trained on 1112 events  (success rate=0.469)
[PRIM]  wavelet_trend: long share oof=0.507  test=0.739
[WFO]  Fold 24 done in 0.8s  |  OOS events=23  approved=7

────────────────────────────────────────────────────────────
  FOLD 25: train[0:5274]  val[5274:6153]  test[6153:6300]
────────────────────────────────────────────────────────────

[FRACDIFF] Optimal d  : 0.8672
           ADF p-val  : 0.1662 %
           Corr (raw) : 0.7385
[META]  logit_l2 {'C': 0.01}  calibration=sigmoid (cv Brier sigmoid=0.2492 isotonic=0.2515)
[META]  Trained on 1134 events  (success rate=0.469)
[PRIM]  wavelet_trend: long share oof=0.511  test=0.375
[WFO]  Fold 25 done in 0.8s  |  OOS events=32  approved=0

────────────────────────────────────────────────────────────
  FOLD 26: train[0:5421]  val[5421:6300]  test[6300:6446]
────────────────────────────────────────────────────────────

[FRACDIFF] Optimal d  : 0.8750
           ADF p-val  : 0.0669 %
           Corr (raw) : 0.7059
[META]  logit_l2 {'C': 0.01}  calibration=sigmoid (cv Brier sigmoid=0.2495 isotonic=0.2596)
[META]  Trained on 1166 events  (success rate=0.472)
[PRIM]  wavelet_trend: long share oof=0.509  test=0.500
[WFO]  Fold 26 done in 0.9s  |  OOS events=26  approved=8

────────────────────────────────────────────────────────────
  FOLD 27: train[0:5568]  val[5568:6446]  test[6446:6593]
────────────────────────────────────────────────────────────

[FRACDIFF] Optimal d  : 0.8750
           ADF p-val  : 0.0556 %
           Corr (raw) : 0.7110
[META]  logit_l2 {'C': 0.01}  calibration=sigmoid (cv Brier sigmoid=0.2509 isotonic=0.2562)
[META]  Trained on 1193 events  (success rate=0.475)
[PRIM]  wavelet_trend: long share oof=0.509  test=0.379
[WFO]  Fold 27 done in 0.9s  |  OOS events=29  approved=2

────────────────────────────────────────────────────────────
  FOLD 28: train[0:5715]  val[5715:6593]  test[6593:6740]
────────────────────────────────────────────────────────────

[FRACDIFF] Optimal d  : 0.8672
           ADF p-val  : 0.1649 %
           Corr (raw) : 0.7421
[META]  logit_l2 {'C': 0.01}  calibration=sigmoid (cv Brier sigmoid=0.2502 isotonic=0.2628)
[META]  Trained on 1221 events  (success rate=0.473)
[PRIM]  wavelet_trend: long share oof=0.506  test=0.526
[WFO]  Fold 28 done in 1.0s  |  OOS events=19  approved=2

────────────────────────────────────────────────────────────
  FOLD 29: train[0:5862]  val[5862:6740]  test[6740:6884]
────────────────────────────────────────────────────────────

[FRACDIFF] Optimal d  : 0.8672
           ADF p-val  : 0.1802 %
           Corr (raw) : 0.7493
[META]  logit_l2 {'C': 0.01}  calibration=sigmoid (cv Brier sigmoid=0.2507 isotonic=0.2644)
[META]  Trained on 1241 events  (success rate=0.471)
[PRIM]  wavelet_trend: long share oof=0.505  test=0.522
[WFO]  Fold 29 done in 1.0s  |  OOS events=23  approved=0

────────────────────────────────────────────────────────────
  FOLD 30: train[0:6009]  val[6009:6884]  test[6884:7028]
────────────────────────────────────────────────────────────

[FRACDIFF] Optimal d  : 0.8750
           ADF p-val  : 0.0575 %
           Corr (raw) : 0.7166
[META]  logit_l2 {'C': 0.01}  calibration=sigmoid (cv Brier sigmoid=0.2505 isotonic=0.2629)
[META]  Trained on 1263 events  (success rate=0.472)
[PRIM]  wavelet_trend: long share oof=0.507  test=0.750
[WFO]  Fold 30 done in 1.1s  |  OOS events=16  approved=3

────────────────────────────────────────────────────────────
  FOLD 31: train[0:6153]  val[6153:7028]  test[7028:7175]
────────────────────────────────────────────────────────────

[FRACDIFF] Optimal d  : 0.8750
           ADF p-val  : 0.0857 %
           Corr (raw) : 0.7238
[META]  logit_l2 {'C': 0.01}  calibration=sigmoid (cv Brier sigmoid=0.2496 isotonic=0.2584)
[META]  Trained on 1280 events  (success rate=0.473)
[PRIM]  wavelet_trend: long share oof=0.509  test=0.424
[WFO]  Fold 31 done in 1.1s  |  OOS events=33  approved=0

────────────────────────────────────────────────────────────
  FOLD 32: train[0:6300]  val[6300:7175]  test[7175:7322]
────────────────────────────────────────────────────────────

[FRACDIFF] Optimal d  : 0.8672
           ADF p-val  : 0.1274 %
           Corr (raw) : 0.7561
[META]  logit_l2 {'C': 0.01}  calibration=sigmoid (cv Brier sigmoid=0.2500 isotonic=0.2541)
[META]  Trained on 1313 events  (success rate=0.474)
[PRIM]  wavelet_trend: long share oof=0.506  test=0.387
[WFO]  Fold 32 done in 1.2s  |  OOS events=31  approved=6

────────────────────────────────────────────────────────────
  FOLD 33: train[0:6446]  val[6446:7322]  test[7322:7469]
────────────────────────────────────────────────────────────

[FRACDIFF] Optimal d  : 0.8672
           ADF p-val  : 0.0832 %
           Corr (raw) : 0.7506
[META]  logit_l2 {'C': 0.01}  calibration=sigmoid (cv Brier sigmoid=0.2495 isotonic=0.2527)
[META]  Trained on 1343 events  (success rate=0.472)
[PRIM]  wavelet_trend: long share oof=0.504  test=0.192
[WFO]  Fold 33 done in 1.1s  |  OOS events=26  approved=13

────────────────────────────────────────────────────────────
  FOLD 34: train[0:6593]  val[6593:7469]  test[7469:7616]
────────────────────────────────────────────────────────────

[FRACDIFF] Optimal d  : 0.8672
           ADF p-val  : 0.0637 %
           Corr (raw) : 0.7540
[META]  logit_l2 {'C': 0.01}  calibration=sigmoid (cv Brier sigmoid=0.2505 isotonic=0.2566)
[META]  Trained on 1370 events  (success rate=0.470)
[PRIM]  wavelet_trend: long share oof=0.499  test=0.682
[WFO]  Fold 34 done in 1.2s  |  OOS events=22  approved=0

────────────────────────────────────────────────────────────
  FOLD 35: train[0:6740]  val[6740:7616]  test[7616:7763]
────────────────────────────────────────────────────────────

[FRACDIFF] Optimal d  : 0.8750
           ADF p-val  : 0.0276 %
           Corr (raw) : 0.7311
[META]  logit_l2 {'C': 0.01}  calibration=sigmoid (cv Brier sigmoid=0.2509 isotonic=0.2600)
[META]  Trained on 1392 events  (success rate=0.469)
[PRIM]  wavelet_trend: long share oof=0.501  test=0.636
[WFO]  Fold 35 done in 1.3s  |  OOS events=22  approved=0

────────────────────────────────────────────────────────────
  FOLD 36: train[0:6884]  val[6884:7763]  test[7763:7910]
────────────────────────────────────────────────────────────

[FRACDIFF] Optimal d  : 0.8750
           ADF p-val  : 0.0310 %
           Corr (raw) : 0.7392
[META]  logit_l2 {'C': 0.01}  calibration=sigmoid (cv Brier sigmoid=0.2503 isotonic=0.2562)
[META]  Trained on 1415 events  (success rate=0.468)
[PRIM]  wavelet_trend: long share oof=0.503  test=0.393
[WFO]  Fold 36 done in 1.3s  |  OOS events=28  approved=0

────────────────────────────────────────────────────────────
  FOLD 37: train[0:7028]  val[7028:7910]  test[7910:8057]
────────────────────────────────────────────────────────────

[FRACDIFF] Optimal d  : 0.8906
           ADF p-val  : 0.0048 %
           Corr (raw) : 0.6868
[META]  logit_l2 {'C': 0.01}  calibration=sigmoid (cv Brier sigmoid=0.2510 isotonic=0.2598)
[META]  Trained on 1442 events  (success rate=0.468)
[PRIM]  wavelet_trend: long share oof=0.501  test=0.542
[WFO]  Fold 37 done in 1.4s  |  OOS events=24  approved=0

────────────────────────────────────────────────────────────
  FOLD 38: train[0:7175]  val[7175:8057]  test[8057:8204]
────────────────────────────────────────────────────────────

[FRACDIFF] Optimal d  : 0.8828
           ADF p-val  : 0.0141 %
           Corr (raw) : 0.7235
[META]  logit_l2 {'C': 0.01}  calibration=sigmoid (cv Brier sigmoid=0.2511 isotonic=0.2601)
[META]  Trained on 1466 events  (success rate=0.468)
[PRIM]  wavelet_trend: long share oof=0.501  test=0.808
[WFO]  Fold 38 done in 1.5s  |  OOS events=26  approved=0

────────────────────────────────────────────────────────────
  FOLD 39: train[0:7322]  val[7322:8204]  test[8204:8351]
────────────────────────────────────────────────────────────

[FRACDIFF] Optimal d  : 0.8750
           ADF p-val  : 0.0396 %
           Corr (raw) : 0.7313
[META]  logit_l2 {'C': 0.01}  calibration=sigmoid (cv Brier sigmoid=0.2511 isotonic=0.2601)
[META]  Trained on 1490 events  (success rate=0.470)
[PRIM]  wavelet_trend: long share oof=0.506  test=0.353
[WFO]  Fold 39 done in 1.5s  |  OOS events=34  approved=0

────────────────────────────────────────────────────────────
  FOLD 40: train[0:7469]  val[7469:8351]  test[8351:8498]
────────────────────────────────────────────────────────────

[FRACDIFF] Optimal d  : 0.8281
           ADF p-val  : 0.3056 %
           Corr (raw) : 0.7855
[META]  logit_l2 {'C': 0.01}  calibration=sigmoid (cv Brier sigmoid=0.2511 isotonic=0.2545)
[META]  Trained on 1525 events  (success rate=0.469)
[PRIM]  wavelet_trend: long share oof=0.504  test=0.407
[WFO]  Fold 40 done in 1.6s  |  OOS events=27  approved=0

────────────────────────────────────────────────────────────
  FOLD 41: train[0:7616]  val[7616:8498]  test[8498:8642]
────────────────────────────────────────────────────────────

[FRACDIFF] Optimal d  : 0.8203
           ADF p-val  : 0.2533 %
           Corr (raw) : 0.7944
[META]  logit_l2 {'C': 0.01}  calibration=sigmoid (cv Brier sigmoid=0.2511 isotonic=0.2540)
[META]  Trained on 1553 events  (success rate=0.469)
[PRIM]  wavelet_trend: long share oof=0.502  test=0.706
[WFO]  Fold 41 done in 1.6s  |  OOS events=17  approved=0

────────────────────────────────────────────────────────────
  FOLD 42: train[0:7763]  val[7763:8642]  test[8642:8786]
────────────────────────────────────────────────────────────

[FRACDIFF] Optimal d  : 0.8281
           ADF p-val  : 0.1266 %
           Corr (raw) : 0.7714
[META]  logit_l2 {'C': 0.01}  calibration=sigmoid (cv Brier sigmoid=0.2506 isotonic=0.2552)
[META]  Trained on 1571 events  (success rate=0.468)
[PRIM]  wavelet_trend: long share oof=0.504  test=0.481
[WFO]  Fold 42 done in 1.5s  |  OOS events=27  approved=0

────────────────────────────────────────────────────────────
  FOLD 43: train[0:7910]  val[7910:8786]  test[8786:8933]
────────────────────────────────────────────────────────────

[FRACDIFF] Optimal d  : 0.8125
           ADF p-val  : 0.1375 %
           Corr (raw) : 0.8022
[META]  logit_l2 {'C': 0.01}  calibration=sigmoid (cv Brier sigmoid=0.2501 isotonic=0.2542)
[META]  Trained on 1596 events  (success rate=0.466)
[PRIM]  wavelet_trend: long share oof=0.504  test=0.467
[WFO]  Fold 43 done in 1.6s  |  OOS events=30  approved=0

────────────────────────────────────────────────────────────
  FOLD 44: train[0:8057]  val[8057:8933]  test[8933:9080]
────────────────────────────────────────────────────────────

[FRACDIFF] Optimal d  : 0.8125
           ADF p-val  : 0.1426 %
           Corr (raw) : 0.8034
[META]  logit_l2 {'C': 0.01}  calibration=sigmoid (cv Brier sigmoid=0.2501 isotonic=0.2530)
[META]  Trained on 1626 events  (success rate=0.469)
[PRIM]  wavelet_trend: long share oof=0.502  test=0.516
[WFO]  Fold 44 done in 1.6s  |  OOS events=31  approved=0

────────────────────────────────────────────────────────────
  FOLD 45: train[0:8204]  val[8204:9080]  test[9080:9227]
────────────────────────────────────────────────────────────

[FRACDIFF] Optimal d  : 0.8281
           ADF p-val  : 0.0517 %
           Corr (raw) : 0.7710
[META]  logit_l2 {'C': 0.01}  calibration=sigmoid (cv Brier sigmoid=0.2496 isotonic=0.2539)
[META]  Trained on 1656 events  (success rate=0.467)
[PRIM]  wavelet_trend: long share oof=0.504  test=0.654
[WFO]  Fold 45 done in 1.7s  |  OOS events=26  approved=0

────────────────────────────────────────────────────────────
  FOLD 46: train[0:8351]  val[8351:9227]  test[9227:9374]
────────────────────────────────────────────────────────────

[FRACDIFF] Optimal d  : 0.8203
           ADF p-val  : 0.0721 %
           Corr (raw) : 0.7891
[META]  logit_l2 {'C': 0.01}  calibration=sigmoid (cv Brier sigmoid=0.2497 isotonic=0.2528)
[META]  Trained on 1684 events  (success rate=0.467)
[PRIM]  wavelet_trend: long share oof=0.505  test=0.655
[WFO]  Fold 46 done in 1.7s  |  OOS events=29  approved=0

────────────────────────────────────────────────────────────
  FOLD 47: train[0:8498]  val[8498:9374]  test[9374:9521]
────────────────────────────────────────────────────────────

[FRACDIFF] Optimal d  : 0.8125
           ADF p-val  : 0.1002 %
           Corr (raw) : 0.8077
[META]  logit_l2 {'C': 0.01}  calibration=sigmoid (cv Brier sigmoid=0.2497 isotonic=0.2531)
[META]  Trained on 1713 events  (success rate=0.467)
[PRIM]  wavelet_trend: long share oof=0.508  test=0.522
[WFO]  Fold 47 done in 1.8s  |  OOS events=23  approved=0

────────────────────────────────────────────────────────────
  FOLD 48: train[0:8642]  val[8642:9521]  test[9521:9668]
────────────────────────────────────────────────────────────

[FRACDIFF] Optimal d  : 0.8203
           ADF p-val  : 0.0815 %
           Corr (raw) : 0.7914
[META]  logit_l2 {'C': 0.01}  calibration=sigmoid (cv Brier sigmoid=0.2499 isotonic=0.2546)
[META]  Trained on 1736 events  (success rate=0.465)
[PRIM]  wavelet_trend: long share oof=0.508  test=0.379
[WFO]  Fold 48 done in 1.9s  |  OOS events=29  approved=0

────────────────────────────────────────────────────────────
  FOLD 49: train[0:8786]  val[8786:9668]  test[9668:9815]
────────────────────────────────────────────────────────────

[FRACDIFF] Optimal d  : 0.8359
           ADF p-val  : 0.0264 %
           Corr (raw) : 0.7594
[META]  logit_l2 {'C': 0.01}  calibration=sigmoid (cv Brier sigmoid=0.2497 isotonic=0.2531)
[META]  Trained on 1763 events  (success rate=0.467)
[PRIM]  wavelet_trend: long share oof=0.507  test=0.474
[WFO]  Fold 49 done in 1.9s  |  OOS events=19  approved=0

────────────────────────────────────────────────────────────
  FOLD 50: train[0:8933]  val[8933:9815]  test[9815:9962]
────────────────────────────────────────────────────────────

[FRACDIFF] Optimal d  : 0.8359
           ADF p-val  : 0.0363 %
           Corr (raw) : 0.7664
[META]  logit_l2 {'C': 0.01}  calibration=sigmoid (cv Brier sigmoid=0.2503 isotonic=0.2553)
[META]  Trained on 1784 events  (success rate=0.468)
[PRIM]  wavelet_trend: long share oof=0.506  test=0.500
[WFO]  Fold 50 done in 2.0s  |  OOS events=24  approved=0

────────────────────────────────────────────────────────────
  FOLD 51: train[0:9080]  val[9080:9962]  test[9962:10109]
────────────────────────────────────────────────────────────

[FRACDIFF] Optimal d  : 0.8438
           ADF p-val  : 0.0134 %
           Corr (raw) : 0.7526
[META]  logit_l2 {'C': 0.01}  calibration=sigmoid (cv Brier sigmoid=0.2496 isotonic=0.2522)
[META]  Trained on 1807 events  (success rate=0.470)
[PRIM]  wavelet_trend: long share oof=0.506  test=0.176
[WFO]  Fold 51 done in 2.1s  |  OOS events=34  approved=0

────────────────────────────────────────────────────────────
  FOLD 52: train[0:9227]  val[9227:10109]  test[10109:10256]
────────────────────────────────────────────────────────────

[FRACDIFF] Optimal d  : 0.8594
           ADF p-val  : 0.0066 %
           Corr (raw) : 0.7172
[META]  logit_l2 {'C': 0.01}  calibration=sigmoid (cv Brier sigmoid=0.2504 isotonic=0.2520)
[META]  Trained on 1841 events  (success rate=0.470)
[PRIM]  wavelet_trend: long share oof=0.500  test=0.720
[WFO]  Fold 52 done in 2.1s  |  OOS events=25  approved=0

────────────────────────────────────────────────────────────
  FOLD 53: train[0:9374]  val[9374:10256]  test[10256:10400]
────────────────────────────────────────────────────────────

[FRACDIFF] Optimal d  : 0.8672
           ADF p-val  : 0.0032 %
           Corr (raw) : 0.7052
[META]  logit_l2 {'C': 0.01}  calibration=sigmoid (cv Brier sigmoid=0.2506 isotonic=0.2526)
[META]  Trained on 1867 events  (success rate=0.472)
[PRIM]  wavelet_trend: long share oof=0.502  test=0.452
[WFO]  Fold 53 done in 2.2s  |  OOS events=31  approved=0

────────────────────────────────────────────────────────────
  FOLD 54: train[0:9521]  val[9521:10400]  test[10400:10547]
────────────────────────────────────────────────────────────

[FRACDIFF] Optimal d  : 0.8750
           ADF p-val  : 0.0009 %
           Corr (raw) : 0.6894
[META]  logit_l2 {'C': 0.01}  calibration=sigmoid (cv Brier sigmoid=0.2503 isotonic=0.2530)
[META]  Trained on 1897 events  (success rate=0.475)
[PRIM]  wavelet_trend: long share oof=0.502  test=0.667
[WFO]  Fold 54 done in 2.2s  |  OOS events=21  approved=8

────────────────────────────────────────────────────────────
  FOLD 55: train[0:9668]  val[9668:10547]  test[10547:10694]
────────────────────────────────────────────────────────────

[FRACDIFF] Optimal d  : 0.8750
           ADF p-val  : 0.0021 %
           Corr (raw) : 0.7013
[META]  logit_l2 {'C': 0.01}  calibration=sigmoid (cv Brier sigmoid=0.2502 isotonic=0.2519)
[META]  Trained on 1919 events  (success rate=0.474)
[PRIM]  wavelet_trend: long share oof=0.503  test=0.378
[WFO]  Fold 55 done in 2.3s  |  OOS events=37  approved=6

────────────────────────────────────────────────────────────
  FOLD 56: train[0:9815]  val[9815:10694]  test[10694:10841]
────────────────────────────────────────────────────────────

[FRACDIFF] Optimal d  : 0.8750
           ADF p-val  : 0.0028 %
           Corr (raw) : 0.7119
[META]  logit_l2 {'C': 0.01}  calibration=sigmoid (cv Brier sigmoid=0.2497 isotonic=0.2526)
[META]  Trained on 1956 events  (success rate=0.473)
[PRIM]  wavelet_trend: long share oof=0.501  test=0.361
[WFO]  Fold 56 done in 2.3s  |  OOS events=36  approved=3

────────────────────────────────────────────────────────────
  FOLD 57: train[0:9962]  val[9962:10841]  test[10841:10988]
────────────────────────────────────────────────────────────

[FRACDIFF] Optimal d  : 0.8750
           ADF p-val  : 0.0043 %
           Corr (raw) : 0.7238
[META]  logit_l2 {'C': 0.01}  calibration=sigmoid (cv Brier sigmoid=0.2493 isotonic=0.2509)
[META]  Trained on 1992 events  (success rate=0.474)
[PRIM]  wavelet_trend: long share oof=0.498  test=0.643
[WFO]  Fold 57 done in 2.4s  |  OOS events=28  approved=0

────────────────────────────────────────────────────────────
  FOLD 58: train[0:10109]  val[10109:10988]  test[10988:11135]
────────────────────────────────────────────────────────────

[FRACDIFF] Optimal d  : 0.8828
           ADF p-val  : 0.0009 %
           Corr (raw) : 0.7008
[META]  logit_l2 {'C': 0.01}  calibration=sigmoid (cv Brier sigmoid=0.2498 isotonic=0.2518)
[META]  Trained on 2020 events  (success rate=0.478)
[PRIM]  wavelet_trend: long share oof=0.501  test=0.429
[WFO]  Fold 58 done in 2.5s  |  OOS events=42  approved=2

────────────────────────────────────────────────────────────
  FOLD 59: train[0:10256]  val[10256:11135]  test[11135:11282]
────────────────────────────────────────────────────────────

[FRACDIFF] Optimal d  : 0.8828
           ADF p-val  : 0.0016 %
           Corr (raw) : 0.7104
[META]  logit_l2 {'C': 0.01}  calibration=sigmoid (cv Brier sigmoid=0.2501 isotonic=0.2516)
[META]  Trained on 2061 events  (success rate=0.476)
[PRIM]  wavelet_trend: long share oof=0.499  test=0.410
[WFO]  Fold 59 done in 2.6s  |  OOS events=39  approved=0

────────────────────────────────────────────────────────────
  FOLD 60: train[0:10400]  val[10400:11282]  test[11282:11429]
────────────────────────────────────────────────────────────

[FRACDIFF] Optimal d  : 0.8750
           ADF p-val  : 0.0039 %
           Corr (raw) : 0.7448
[META]  logit_l2 {'C': 0.01}  calibration=sigmoid (cv Brier sigmoid=0.2505 isotonic=0.2535)
[META]  Trained on 2101 events  (success rate=0.475)
[PRIM]  wavelet_trend: long share oof=0.498  test=0.370
[WFO]  Fold 60 done in 2.6s  |  OOS events=27  approved=0

────────────────────────────────────────────────────────────
  FOLD 61: train[0:10547]  val[10547:11429]  test[11429:11576]
────────────────────────────────────────────────────────────

[FRACDIFF] Optimal d  : 0.8906
           ADF p-val  : 0.0004 %
           Corr (raw) : 0.6924
[META]  logit_l2 {'C': 0.01}  calibration=sigmoid (cv Brier sigmoid=0.2506 isotonic=0.2536)
[META]  Trained on 2127 events  (success rate=0.476)
[PRIM]  wavelet_trend: long share oof=0.496  test=0.571
[WFO]  Fold 61 done in 2.6s  |  OOS events=28  approved=0

────────────────────────────────────────────────────────────
  FOLD 62: train[0:10694]  val[10694:11576]  test[11576:11723]
────────────────────────────────────────────────────────────

[FRACDIFF] Optimal d  : 0.8906
           ADF p-val  : 0.0005 %
           Corr (raw) : 0.6942
[META]  logit_l2 {'C': 0.01}  calibration=sigmoid (cv Brier sigmoid=0.2506 isotonic=0.2550)
[META]  Trained on 2157 events  (success rate=0.477)
[PRIM]  wavelet_trend: long share oof=0.497  test=0.562
[WFO]  Fold 62 done in 2.7s  |  OOS events=32  approved=0

────────────────────────────────────────────────────────────
  FOLD 63: train[0:10841]  val[10841:11723]  test[11723:11870]
────────────────────────────────────────────────────────────

[FRACDIFF] Optimal d  : 0.8828
           ADF p-val  : 0.0010 %
           Corr (raw) : 0.7255
[META]  logit_l2 {'C': 0.01}  calibration=sigmoid (cv Brier sigmoid=0.2507 isotonic=0.2541)
[META]  Trained on 2187 events  (success rate=0.479)
[PRIM]  wavelet_trend: long share oof=0.498  test=0.323
[WFO]  Fold 63 done in 2.7s  |  OOS events=31  approved=0

────────────────────────────────────────────────────────────
  FOLD 64: train[0:10988]  val[10988:11870]  test[11870:12017]
────────────────────────────────────────────────────────────

[FRACDIFF] Optimal d  : 0.8828
           ADF p-val  : 0.0009 %
           Corr (raw) : 0.7271
[META]  logit_l2 {'C': 0.01}  calibration=sigmoid (cv Brier sigmoid=0.2506 isotonic=0.2532)
[META]  Trained on 2219 events  (success rate=0.478)
[PRIM]  wavelet_trend: long share oof=0.495  test=0.742
[WFO]  Fold 64 done in 2.8s  |  OOS events=31  approved=0

────────────────────────────────────────────────────────────
  FOLD 65: train[0:11135]  val[11135:12017]  test[12017:12161]
────────────────────────────────────────────────────────────

[FRACDIFF] Optimal d  : 0.8750
           ADF p-val  : 0.0034 %
           Corr (raw) : 0.7563
[META]  logit_l2 {'C': 0.01}  calibration=sigmoid (cv Brier sigmoid=0.2507 isotonic=0.2526)
[META]  Trained on 2249 events  (success rate=0.478)
[PRIM]  wavelet_trend: long share oof=0.499  test=0.667
[WFO]  Fold 65 done in 2.8s  |  OOS events=27  approved=0

────────────────────────────────────────────────────────────
  FOLD 66: train[0:11282]  val[11282:12161]  test[12161:12308]
────────────────────────────────────────────────────────────

[FRACDIFF] Optimal d  : 0.8828
           ADF p-val  : 0.0005 %
           Corr (raw) : 0.7248
[META]  logit_l2 {'C': 0.01}  calibration=sigmoid (cv Brier sigmoid=0.2508 isotonic=0.2552)
[META]  Trained on 2276 events  (success rate=0.480)
[PRIM]  wavelet_trend: long share oof=0.500  test=0.484
[WFO]  Fold 66 done in 3.0s  |  OOS events=31  approved=0

────────────────────────────────────────────────────────────
  FOLD 67: train[0:11429]  val[11429:12308]  test[12308:12455]
────────────────────────────────────────────────────────────

[FRACDIFF] Optimal d  : 0.8672
           ADF p-val  : 0.0049 %
           Corr (raw) : 0.7745
[META]  logit_l2 {'C': 0.01}  calibration=sigmoid (cv Brier sigmoid=0.2512 isotonic=0.2549)
[META]  Trained on 2307 events  (success rate=0.482)
[PRIM]  wavelet_trend: long share oof=0.500  test=0.594
[WFO]  Fold 67 done in 2.9s  |  OOS events=32  approved=2

────────────────────────────────────────────────────────────
  FOLD 68: train[0:11576]  val[11576:12455]  test[12455:12602]
────────────────────────────────────────────────────────────

[FRACDIFF] Optimal d  : 0.8750
           ADF p-val  : 0.0011 %
           Corr (raw) : 0.7488
[META]  logit_l2 {'C': 0.01}  calibration=sigmoid (cv Brier sigmoid=0.2513 isotonic=0.2579)
[META]  Trained on 2339 events  (success rate=0.482)
[PRIM]  wavelet_trend: long share oof=0.501  test=0.395
[WFO]  Fold 68 done in 3.0s  |  OOS events=38  approved=0

────────────────────────────────────────────────────────────
  FOLD 69: train[0:11723]  val[11723:12602]  test[12602:12749]
────────────────────────────────────────────────────────────

[FRACDIFF] Optimal d  : 0.8672
           ADF p-val  : 0.0038 %
           Corr (raw) : 0.7760
[META]  logit_l2 {'C': 0.01}  calibration=sigmoid (cv Brier sigmoid=0.2506 isotonic=0.2575)
[META]  Trained on 2376 events  (success rate=0.481)
[PRIM]  wavelet_trend: long share oof=0.500  test=0.429
[WFO]  Fold 69 done in 3.1s  |  OOS events=28  approved=0

────────────────────────────────────────────────────────────
  FOLD 70: train[0:11870]  val[11870:12749]  test[12749:12896]
────────────────────────────────────────────────────────────

[FRACDIFF] Optimal d  : 0.8594
           ADF p-val  : 0.0089 %
           Corr (raw) : 0.7962
[META]  logit_l2 {'C': 0.01}  calibration=sigmoid (cv Brier sigmoid=0.2504 isotonic=0.2553)
[META]  Trained on 2407 events  (success rate=0.482)
[PRIM]  wavelet_trend: long share oof=0.499  test=0.485
[WFO]  Fold 70 done in 3.1s  |  OOS events=33  approved=4

────────────────────────────────────────────────────────────
  FOLD 71: train[0:12017]  val[12017:12896]  test[12896:13043]
────────────────────────────────────────────────────────────

[FRACDIFF] Optimal d  : 0.8672
           ADF p-val  : 0.0020 %
           Corr (raw) : 0.7714
[META]  logit_l2 {'C': 0.01}  calibration=sigmoid (cv Brier sigmoid=0.2506 isotonic=0.2529)
[META]  Trained on 2439 events  (success rate=0.483)
[PRIM]  wavelet_trend: long share oof=0.499  test=0.423
[WFO]  Fold 71 done in 3.1s  |  OOS events=26  approved=3

────────────────────────────────────────────────────────────
  FOLD 72: train[0:12161]  val[12161:13043]  test[13043:13187]
────────────────────────────────────────────────────────────

[FRACDIFF] Optimal d  : 0.8672
           ADF p-val  : 0.0028 %
           Corr (raw) : 0.7715
[META]  logit_l2 {'C': 0.01}  calibration=sigmoid (cv Brier sigmoid=0.2504 isotonic=0.2520)
[META]  Trained on 2466 events  (success rate=0.483)
[PRIM]  wavelet_trend: long share oof=0.498  test=0.536
[WFO]  Fold 72 done in 3.1s  |  OOS events=28  approved=1

────────────────────────────────────────────────────────────
  FOLD 73: train[0:12308]  val[12308:13187]  test[13187:13334]
────────────────────────────────────────────────────────────

[FRACDIFF] Optimal d  : 0.8672
           ADF p-val  : 0.0016 %
           Corr (raw) : 0.7718
[META]  logit_l2 {'C': 0.01}  calibration=sigmoid (cv Brier sigmoid=0.2502 isotonic=0.2521)
[META]  Trained on 2492 events  (success rate=0.483)
[PRIM]  wavelet_trend: long share oof=0.499  test=0.654
[WFO]  Fold 73 done in 3.2s  |  OOS events=26  approved=14

────────────────────────────────────────────────────────────
  FOLD 74: train[0:12455]  val[12455:13334]  test[13334:13481]
────────────────────────────────────────────────────────────

[FRACDIFF] Optimal d  : 0.8594
           ADF p-val  : 0.0067 %
           Corr (raw) : 0.7972
[META]  logit_l2 {'C': 0.01}  calibration=sigmoid (cv Brier sigmoid=0.2501 isotonic=0.2514)
[META]  Trained on 2519 events  (success rate=0.483)
[PRIM]  wavelet_trend: long share oof=0.500  test=0.300
[WFO]  Fold 74 done in 3.6s  |  OOS events=30  approved=4

────────────────────────────────────────────────────────────
  FOLD 75: train[0:12602]  val[12602:13481]  test[13481:13628]
────────────────────────────────────────────────────────────

[FRACDIFF] Optimal d  : 0.8594
           ADF p-val  : 0.0070 %
           Corr (raw) : 0.7984
[META]  logit_l2 {'C': 0.01}  calibration=sigmoid (cv Brier sigmoid=0.2503 isotonic=0.2559)
[META]  Trained on 2548 events  (success rate=0.484)
[PRIM]  wavelet_trend: long share oof=0.498  test=0.273
[WFO]  Fold 75 done in 3.7s  |  OOS events=33  approved=1

────────────────────────────────────────────────────────────
  FOLD 76: train[0:12749]  val[12749:13628]  test[13628:13775]
────────────────────────────────────────────────────────────

[FRACDIFF] Optimal d  : 0.8594
           ADF p-val  : 0.0058 %
           Corr (raw) : 0.7982
[META]  logit_l2 {'C': 0.01}  calibration=sigmoid (cv Brier sigmoid=0.2505 isotonic=0.2529)
[META]  Trained on 2582 events  (success rate=0.483)
[PRIM]  wavelet_trend: long share oof=0.495  test=0.538
[WFO]  Fold 76 done in 3.7s  |  OOS events=39  approved=0

────────────────────────────────────────────────────────────
  FOLD 77: train[0:12896]  val[12896:13775]  test[13775:13919]
────────────────────────────────────────────────────────────

[FRACDIFF] Optimal d  : 0.8594
           ADF p-val  : 0.0045 %
           Corr (raw) : 0.8002
[META]  logit_l2 {'C': 0.01}  calibration=sigmoid (cv Brier sigmoid=0.2504 isotonic=0.2593)
[META]  Trained on 2621 events  (success rate=0.484)
[PRIM]  wavelet_trend: long share oof=0.496  test=0.875
[WFO]  Fold 77 done in 3.9s  |  OOS events=24  approved=0

────────────────────────────────────────────────────────────
  FOLD 78: train[0:13043]  val[13043:13919]  test[13919:14066]
────────────────────────────────────────────────────────────

[FRACDIFF] Optimal d  : 0.8594
           ADF p-val  : 0.0056 %
           Corr (raw) : 0.8018
[META]  logit_l2 {'C': 0.01}  calibration=sigmoid (cv Brier sigmoid=0.2506 isotonic=0.2590)
[META]  Trained on 2645 events  (success rate=0.485)
[PRIM]  wavelet_trend: long share oof=0.499  test=0.611
[WFO]  Fold 78 done in 5.0s  |  OOS events=36  approved=0

────────────────────────────────────────────────────────────
  FOLD 79: train[0:13187]  val[13187:14066]  test[14066:14213]
────────────────────────────────────────────────────────────

[FRACDIFF] Optimal d  : 0.8594
           ADF p-val  : 0.0049 %
           Corr (raw) : 0.8041
[META]  logit_l2 {'C': 0.01}  calibration=sigmoid (cv Brier sigmoid=0.2508 isotonic=0.2638)
[META]  Trained on 2680 events  (success rate=0.485)
[PRIM]  wavelet_trend: long share oof=0.501  test=0.677
[WFO]  Fold 79 done in 4.0s  |  OOS events=31  approved=0

────────────────────────────────────────────────────────────
  FOLD 80: train[0:13334]  val[13334:14213]  test[14213:14360]
────────────────────────────────────────────────────────────

[FRACDIFF] Optimal d  : 0.8594
           ADF p-val  : 0.0062 %
           Corr (raw) : 0.8074
[META]  logit_l2 {'C': 0.01}  calibration=sigmoid (cv Brier sigmoid=0.2507 isotonic=0.2608)
[META]  Trained on 2713 events  (success rate=0.487)
[PRIM]  wavelet_trend: long share oof=0.503  test=0.440
[WFO]  Fold 80 done in 4.5s  |  OOS events=25  approved=10

────────────────────────────────────────────────────────────
  FOLD 81: train[0:13481]  val[13481:14360]  test[14360:14507]
────────────────────────────────────────────────────────────

[FRACDIFF] Optimal d  : 0.8672
           ADF p-val  : 0.0017 %
           Corr (raw) : 0.7871
[META]  logit_l2 {'C': 0.01}  calibration=sigmoid (cv Brier sigmoid=0.2505 isotonic=0.2530)
[META]  Trained on 2737 events  (success rate=0.488)
[PRIM]  wavelet_trend: long share oof=0.502  test=0.467
[WFO]  Fold 81 done in 3.9s  |  OOS events=30  approved=20

────────────────────────────────────────────────────────────
  FOLD 82: train[0:13628]  val[13628:14507]  test[14507:14654]
────────────────────────────────────────────────────────────

[FRACDIFF] Optimal d  : 0.8594
           ADF p-val  : 0.0057 %
           Corr (raw) : 0.8111
[META]  logit_l2 {'C': 0.01}  calibration=sigmoid (cv Brier sigmoid=0.2504 isotonic=0.2520)
[META]  Trained on 2768 events  (success rate=0.487)
[PRIM]  wavelet_trend: long share oof=0.502  test=0.414
[WFO]  Fold 82 done in 3.9s  |  OOS events=29  approved=15

────────────────────────────────────────────────────────────
  FOLD 83: train[0:13775]  val[13775:14654]  test[14654:14801]
────────────────────────────────────────────────────────────

[FRACDIFF] Optimal d  : 0.8672
           ADF p-val  : 0.0021 %
           Corr (raw) : 0.7901
[META]  logit_l2 {'C': 0.01}  calibration=sigmoid (cv Brier sigmoid=0.2503 isotonic=0.2554)
[META]  Trained on 2796 events  (success rate=0.489)
[PRIM]  wavelet_trend: long share oof=0.501  test=0.556
[WFO]  Fold 83 done in 4.7s  |  OOS events=27  approved=15

────────────────────────────────────────────────────────────
  FOLD 84: train[0:13919]  val[13919:14801]  test[14801:14945]
────────────────────────────────────────────────────────────

[FRACDIFF] Optimal d  : 0.8750
           ADF p-val  : 0.0005 %
           Corr (raw) : 0.7688
[META]  logit_l2 {'C': 0.01}  calibration=sigmoid (cv Brier sigmoid=0.2505 isotonic=0.2511)
[META]  Trained on 2824 events  (success rate=0.489)
[PRIM]  wavelet_trend: long share oof=0.501  test=0.581
[WFO]  Fold 84 done in 4.3s  |  OOS events=31  approved=15

────────────────────────────────────────────────────────────
  FOLD 85: train[0:14066]  val[14066:14945]  test[14945:15092]
────────────────────────────────────────────────────────────

[FRACDIFF] Optimal d  : 0.8750
           ADF p-val  : 0.0006 %
           Corr (raw) : 0.7737
[META]  logit_l2 {'C': 0.01}  calibration=sigmoid (cv Brier sigmoid=0.2503 isotonic=0.2506)
[META]  Trained on 2853 events  (success rate=0.487)
[PRIM]  wavelet_trend: long share oof=0.502  test=0.515
[WFO]  Fold 85 done in 5.0s  |  OOS events=33  approved=17

────────────────────────────────────────────────────────────
  FOLD 86: train[0:14213]  val[14213:15092]  test[15092:15239]
────────────────────────────────────────────────────────────

[FRACDIFF] Optimal d  : 0.8750
           ADF p-val  : 0.0009 %
           Corr (raw) : 0.7786
[META]  logit_l2 {'C': 0.01}  calibration=isotonic (cv Brier sigmoid=0.2502 isotonic=0.2500)
[META]  Trained on 2886 events  (success rate=0.486)
[PRIM]  wavelet_trend: long share oof=0.502  test=0.636
[WFO]  Fold 86 done in 4.7s  |  OOS events=22  approved=15

────────────────────────────────────────────────────────────
  FOLD 87: train[0:14360]  val[14360:15239]  test[15239:15386]
────────────────────────────────────────────────────────────

[FRACDIFF] Optimal d  : 0.8750
           ADF p-val  : 0.0011 %
           Corr (raw) : 0.7837
[META]  logit_l2 {'C': 0.01}  calibration=isotonic (cv Brier sigmoid=0.2500 isotonic=0.2497)
[META]  Trained on 2909 events  (success rate=0.486)
[PRIM]  wavelet_trend: long share oof=0.504  test=0.519
[WFO]  Fold 87 done in 4.4s  |  OOS events=27  approved=24

────────────────────────────────────────────────────────────
  FOLD 88: train[0:14507]  val[14507:15386]  test[15386:15533]
────────────────────────────────────────────────────────────

[FRACDIFF] Optimal d  : 0.8828
           ADF p-val  : 0.0002 %
           Corr (raw) : 0.7623
[META]  logit_l2 {'C': 0.01}  calibration=sigmoid (cv Brier sigmoid=0.2498 isotonic=0.2501)
[META]  Trained on 2936 events  (success rate=0.485)
[PRIM]  wavelet_trend: long share oof=0.503  test=0.429
[WFO]  Fold 88 done in 4.4s  |  OOS events=35  approved=12

────────────────────────────────────────────────────────────
  FOLD 89: train[0:14654]  val[14654:15533]  test[15533:15677]
────────────────────────────────────────────────────────────

[FRACDIFF] Optimal d  : 0.8828
           ADF p-val  : 0.0003 %
           Corr (raw) : 0.7655
[META]  logit_l2 {'C': 0.01}  calibration=isotonic (cv Brier sigmoid=0.2498 isotonic=0.2494)
[META]  Trained on 2971 events  (success rate=0.486)
[PRIM]  wavelet_trend: long share oof=0.503  test=0.739
[WFO]  Fold 89 done in 4.8s  |  OOS events=23  approved=18

────────────────────────────────────────────────────────────
  FOLD 90: train[0:14801]  val[14801:15677]  test[15677:15821]
────────────────────────────────────────────────────────────

[FRACDIFF] Optimal d  : 0.8828
           ADF p-val  : 0.0004 %
           Corr (raw) : 0.7701
[META]  logit_l2 {'C': 0.01}  calibration=sigmoid (cv Brier sigmoid=0.2495 isotonic=0.2496)
[META]  Trained on 2994 events  (success rate=0.486)
[PRIM]  wavelet_trend: long share oof=0.504  test=0.154
[WFO]  Fold 90 done in 4.5s  |  OOS events=26  approved=12

────────────────────────────────────────────────────────────
  FOLD 91: train[0:14945]  val[14945:15821]  test[15821:15968]
────────────────────────────────────────────────────────────

[FRACDIFF] Optimal d  : 0.8828
           ADF p-val  : 0.0004 %
           Corr (raw) : 0.7745
[META]  logit_l2 {'C': 0.01}  calibration=sigmoid (cv Brier sigmoid=0.2496 isotonic=0.2499)
[META]  Trained on 3020 events  (success rate=0.487)
[PRIM]  wavelet_trend: long share oof=0.502  test=0.615
[WFO]  Fold 91 done in 4.4s  |  OOS events=26  approved=13

────────────────────────────────────────────────────────────
  FOLD 92: train[0:15092]  val[15092:15968]  test[15968:16115]
────────────────────────────────────────────────────────────

[FRACDIFF] Optimal d  : 0.8828
           ADF p-val  : 0.0003 %
           Corr (raw) : 0.7762
[META]  logit_l2 {'C': 0.01}  calibration=sigmoid (cv Brier sigmoid=0.2496 isotonic=0.2503)
[META]  Trained on 3045 events  (success rate=0.488)
[PRIM]  wavelet_trend: long share oof=0.503  test=0.275
[WFO]  Fold 92 done in 5.3s  |  OOS events=40  approved=16

────────────────────────────────────────────────────────────
  FOLD 93: train[0:15239]  val[15239:16115]  test[16115:16262]
────────────────────────────────────────────────────────────

[FRACDIFF] Optimal d  : 0.8906
           ADF p-val  : 0.0001 %
           Corr (raw) : 0.7528
[META]  logit_l2 {'C': 0.01}  calibration=sigmoid (cv Brier sigmoid=0.2499 isotonic=0.2512)
[META]  Trained on 3085 events  (success rate=0.487)
[PRIM]  wavelet_trend: long share oof=0.500  test=0.410
[WFO]  Fold 93 done in 5.2s  |  OOS events=39  approved=10

────────────────────────────────────────────────────────────
  FOLD 94: train[0:15386]  val[15386:16262]  test[16262:16409]
────────────────────────────────────────────────────────────

[FRACDIFF] Optimal d  : 0.8906
           ADF p-val  : 0.0002 %
           Corr (raw) : 0.7581
[META]  logit_l2 {'C': 0.01}  calibration=sigmoid (cv Brier sigmoid=0.2502 isotonic=0.2515)
[META]  Trained on 3124 events  (success rate=0.488)
[PRIM]  wavelet_trend: long share oof=0.498  test=0.632
[WFO]  Fold 94 done in 5.2s  |  OOS events=19  approved=6

────────────────────────────────────────────────────────────
  FOLD 95: train[0:15533]  val[15533:16409]  test[16409:16556]
────────────────────────────────────────────────────────────

[FRACDIFF] Optimal d  : 0.8906
           ADF p-val  : 0.0002 %
           Corr (raw) : 0.7635
[META]  logit_l2 {'C': 0.01}  calibration=sigmoid (cv Brier sigmoid=0.2500 isotonic=0.2506)
[META]  Trained on 3145 events  (success rate=0.487)
[PRIM]  wavelet_trend: long share oof=0.499  test=0.545
[WFO]  Fold 95 done in 4.9s  |  OOS events=22  approved=11

────────────────────────────────────────────────────────────
  FOLD 96: train[0:15677]  val[15677:16556]  test[16556:16700]
────────────────────────────────────────────────────────────

[FRACDIFF] Optimal d  : 0.8984
           ADF p-val  : 0.0001 %
           Corr (raw) : 0.7390
[META]  logit_l2 {'C': 0.01}  calibration=sigmoid (cv Brier sigmoid=0.2503 isotonic=0.2515)
[META]  Trained on 3167 events  (success rate=0.488)
[PRIM]  wavelet_trend: long share oof=0.500  test=0.633
[WFO]  Fold 96 done in 5.3s  |  OOS events=30  approved=23

────────────────────────────────────────────────────────────
  FOLD 97: train[0:15821]  val[15821:16700]  test[16700:16847]
────────────────────────────────────────────────────────────

[FRACDIFF] Optimal d  : 0.8906
           ADF p-val  : 0.0004 %
           Corr (raw) : 0.7729
[META]  logit_l2 {'C': 0.01}  calibration=sigmoid (cv Brier sigmoid=0.2502 isotonic=0.2509)
[META]  Trained on 3196 events  (success rate=0.487)
[PRIM]  wavelet_trend: long share oof=0.501  test=0.462
[WFO]  Fold 97 done in 4.7s  |  OOS events=26  approved=16

────────────────────────────────────────────────────────────
  FOLD 98: train[0:15968]  val[15968:16847]  test[16847:16994]
────────────────────────────────────────────────────────────

[FRACDIFF] Optimal d  : 0.8984
           ADF p-val  : 0.0001 %
           Corr (raw) : 0.7487
[META]  logit_l2 {'C': 0.01}  calibration=sigmoid (cv Brier sigmoid=0.2503 isotonic=0.2520)
[META]  Trained on 3222 events  (success rate=0.487)
[PRIM]  wavelet_trend: long share oof=0.501  test=0.704
[WFO]  Fold 98 done in 4.7s  |  OOS events=27  approved=23

[WFO]  Total OOS events: 2,765  |  Approved trades: 513

[DIAG]  OOS signal quality
OOS events               2765.0000
Primary success rate        0.4911
Meta-scored events       2765.0000
Meta log-loss               0.6938
Meta Brier                  0.2503
Meta AUC                    0.5129
Approved share              0.1855
Approved success rate       0.4912
