
════════════════════════════════════════════════════════════
  Sampling events, labels and causal features on the full dataset
════════════════════════════════════════════════════════════
[LABEL] 2,721 events from 17,092 bars  |  -1=1314  0=30  1=1377  |  barriers {'vertical': 2391, 'lower': 193, 'upper': 137}
[FEAT]  wavelet_core      4 cols    0.01s
[FEAT]  trend             9 cols    0.00s
[FEAT]  mean_reversion    3 cols    0.00s
[FEAT]  volatility        6 cols    0.00s
[FEAT]  microstructure    5 cols    0.00s
[FEAT]  intraday          4 cols    0.00s

────────────────────────────────────────────────────────────
  FOLD 1: train[0:1761]  val[1761:2640]  test[2640:2787]
────────────────────────────────────────────────────────────

[FRACDIFF] Optimal d  : 0.7266
           ADF p-val  : 1.6382 %
           Corr (raw) : 0.6981
[META]  logit_l2 {'C': 0.01}  calibration=sigmoid (cv Brier sigmoid=0.2534 isotonic=0.2684)
[META]  Trained on 418 events  (success rate=0.490)
[PRIM]  wavelet_trend: long share oof=0.514  test=0.714
[WFO]  Fold 1 done in 0.2s  |  OOS events=21  approved=5

────────────────────────────────────────────────────────────
  FOLD 2: train[0:1908]  val[1908:2787]  test[2787:2934]
────────────────────────────────────────────────────────────

[FRACDIFF] Optimal d  : 0.6797
           ADF p-val  : 3.3261 %
           Corr (raw) : 0.7864
[META]  logit_l2 {'C': 0.01}  calibration=sigmoid (cv Brier sigmoid=0.2520 isotonic=0.2628)
[META]  Trained on 439 events  (success rate=0.485)
[PRIM]  wavelet_trend: long share oof=0.524  test=0.750
[WFO]  Fold 2 done in 0.2s  |  OOS events=24  approved=4

────────────────────────────────────────────────────────────
  FOLD 3: train[0:2055]  val[2055:2934]  test[2934:3081]
────────────────────────────────────────────────────────────

[FRACDIFF] Optimal d  : 0.6562
           ADF p-val  : 3.4623 %
           Corr (raw) : 0.8187
[META]  logit_l2 {'C': 0.01}  calibration=sigmoid (cv Brier sigmoid=0.2538 isotonic=0.2581)
[META]  Trained on 462 events  (success rate=0.487)
[PRIM]  wavelet_trend: long share oof=0.532  test=0.480
[WFO]  Fold 3 done in 0.3s  |  OOS events=25  approved=0

────────────────────────────────────────────────────────────
  FOLD 4: train[0:2202]  val[2202:3081]  test[3081:3228]
────────────────────────────────────────────────────────────

[FRACDIFF] Optimal d  : 0.6328
           ADF p-val  : 3.8645 %
           Corr (raw) : 0.8482
[META]  logit_l2 {'C': 0.01}  calibration=sigmoid (cv Brier sigmoid=0.2523 isotonic=0.2619)
[META]  Trained on 488 events  (success rate=0.498)
[PRIM]  wavelet_trend: long share oof=0.533  test=0.444
[WFO]  Fold 4 done in 0.3s  |  OOS events=27  approved=0

────────────────────────────────────────────────────────────
  FOLD 5: train[0:2349]  val[2349:3228]  test[3228:3372]
────────────────────────────────────────────────────────────

[FRACDIFF] Optimal d  : 0.6328
           ADF p-val  : 2.8507 %
           Corr (raw) : 0.8454
[META]  logit_l2 {'C': 0.01}  calibration=sigmoid (cv Brier sigmoid=0.2516 isotonic=0.2568)
[META]  Trained on 515 events  (success rate=0.493)
[PRIM]  wavelet_trend: long share oof=0.526  test=0.607
[WFO]  Fold 5 done in 0.3s  |  OOS events=28  approved=0

────────────────────────────────────────────────────────────
  FOLD 6: train[0:2496]  val[2496:3372]  test[3372:3519]
────────────────────────────────────────────────────────────

[FRACDIFF] Optimal d  : 0.5859
           ADF p-val  : 4.2622 %
           Corr (raw) : 0.8927
[META]  logit_l2 {'C': 0.01}  calibration=sigmoid (cv Brier sigmoid=0.2522 isotonic=0.2580)
[META]  Trained on 542 events  (success rate=0.485)
[PRIM]  wavelet_trend: long share oof=0.533  test=0.654
[WFO]  Fold 6 done in 0.3s  |  OOS events=26  approved=0

────────────────────────────────────────────────────────────
  FOLD 7: train[0:2640]  val[2640:3519]  test[3519:3666]
────────────────────────────────────────────────────────────

[FRACDIFF] Optimal d  : 0.5547
           ADF p-val  : 4.2206 %
           Corr (raw) : 0.9158
[META]  logit_l2 {'C': 0.01}  calibration=sigmoid (cv Brier sigmoid=0.2518 isotonic=0.2535)
[META]  Trained on 568 events  (success rate=0.482)
[PRIM]  wavelet_trend: long share oof=0.535  test=0.656
[WFO]  Fold 7 done in 0.3s  |  OOS events=32  approved=0

────────────────────────────────────────────────────────────
  FOLD 8: train[0:2787]  val[2787:3666]  test[3666:3813]
────────────────────────────────────────────────────────────

[FRACDIFF] Optimal d  : 0.5234
           ADF p-val  : 4.4096 %
           Corr (raw) : 0.9345
[META]  logit_l2 {'C': 0.01}  calibration=sigmoid (cv Brier sigmoid=0.2522 isotonic=0.2561)
[META]  Trained on 601 events  (success rate=0.486)
[PRIM]  wavelet_trend: long share oof=0.542  test=0.346
[WFO]  Fold 8 done in 0.4s  |  OOS events=26  approved=0

────────────────────────────────────────────────────────────
  FOLD 9: train[0:2934]  val[2934:3813]  test[3813:3960]
────────────────────────────────────────────────────────────

[FRACDIFF] Optimal d  : 0.5156
           ADF p-val  : 3.5621 %
           Corr (raw) : 0.9384
[META]  logit_l2 {'C': 0.01}  calibration=sigmoid (cv Brier sigmoid=0.2509 isotonic=0.2551)
[META]  Trained on 628 events  (success rate=0.484)
[PRIM]  wavelet_trend: long share oof=0.535  test=0.600
[WFO]  Fold 9 done in 0.4s  |  OOS events=25  approved=0

────────────────────────────────────────────────────────────
  FOLD 10: train[0:3081]  val[3081:3960]  test[3960:4107]
────────────────────────────────────────────────────────────

[FRACDIFF] Optimal d  : 0.0000
           ADF p-val  : 3.8061 %
           Corr (raw) : 1.0000
[META]  logit_l2 {'C': 0.01}  calibration=sigmoid (cv Brier sigmoid=0.2508 isotonic=0.2552)
[META]  Trained on 651 events  (success rate=0.482)
[PRIM]  wavelet_trend: long share oof=0.538  test=0.480
[WFO]  Fold 10 done in 0.2s  |  OOS events=25  approved=0

────────────────────────────────────────────────────────────
  FOLD 11: train[0:3228]  val[3228:4107]  test[4107:4254]
────────────────────────────────────────────────────────────

[FRACDIFF] Optimal d  : 0.0000
           ADF p-val  : 3.0077 %
           Corr (raw) : 1.0000
[META]  logit_l2 {'C': 0.01}  calibration=sigmoid (cv Brier sigmoid=0.2512 isotonic=0.2572)
[META]  Trained on 677 events  (success rate=0.477)
[PRIM]  wavelet_trend: long share oof=0.536  test=0.500
[WFO]  Fold 11 done in 0.2s  |  OOS events=20  approved=0

────────────────────────────────────────────────────────────
  FOLD 12: train[0:3372]  val[3372:4254]  test[4254:4398]
────────────────────────────────────────────────────────────

[FRACDIFF] Optimal d  : 0.0000
           ADF p-val  : 2.5232 %
           Corr (raw) : 1.0000
[META]  logit_l2 {'C': 0.01}  calibration=sigmoid (cv Brier sigmoid=0.2511 isotonic=0.2579)
[META]  Trained on 698 events  (success rate=0.474)
[PRIM]  wavelet_trend: long share oof=0.534  test=0.320
[WFO]  Fold 12 done in 0.2s  |  OOS events=25  approved=0

────────────────────────────────────────────────────────────
  FOLD 13: train[0:3519]  val[3519:4398]  test[4398:4545]
────────────────────────────────────────────────────────────

[FRACDIFF] Optimal d  : 0.0000
           ADF p-val  : 2.3175 %
           Corr (raw) : 1.0000
[META]  logit_l2 {'C': 0.01}  calibration=sigmoid (cv Brier sigmoid=0.2498 isotonic=0.2515)
[META]  Trained on 722 events  (success rate=0.472)
[PRIM]  wavelet_trend: long share oof=0.526  test=0.208
[WFO]  Fold 13 done in 0.2s  |  OOS events=24  approved=2

────────────────────────────────────────────────────────────
  FOLD 14: train[0:3666]  val[3666:4545]  test[4545:4692]
────────────────────────────────────────────────────────────

[FRACDIFF] Optimal d  : 0.0000
           ADF p-val  : 3.7319 %
           Corr (raw) : 1.0000
[META]  logit_l2 {'C': 0.01}  calibration=sigmoid (cv Brier sigmoid=0.2496 isotonic=0.2519)
[META]  Trained on 746 events  (success rate=0.472)
[PRIM]  wavelet_trend: long share oof=0.517  test=0.406
[WFO]  Fold 14 done in 0.2s  |  OOS events=32  approved=2

────────────────────────────────────────────────────────────
  FOLD 15: train[0:3813]  val[3813:4692]  test[4692:4839]
────────────────────────────────────────────────────────────

[FRACDIFF] Optimal d  : 0.0000
           ADF p-val  : 2.3455 %
           Corr (raw) : 1.0000
[META]  logit_l2 {'C': 0.01}  calibration=sigmoid (cv Brier sigmoid=0.2501 isotonic=0.2541)
[META]  Trained on 777 events  (success rate=0.475)
[PRIM]  wavelet_trend: long share oof=0.512  test=0.379
[WFO]  Fold 15 done in 0.2s  |  OOS events=29  approved=2

────────────────────────────────────────────────────────────
  FOLD 16: train[0:3960]  val[3960:4839]  test[4839:4986]
────────────────────────────────────────────────────────────

[FRACDIFF] Optimal d  : 0.0000
           ADF p-val  : 2.2969 %
           Corr (raw) : 1.0000
[META]  logit_l2 {'C': 0.01}  calibration=sigmoid (cv Brier sigmoid=0.2502 isotonic=0.2563)
[META]  Trained on 807 events  (success rate=0.470)
[PRIM]  wavelet_trend: long share oof=0.507  test=0.524
[WFO]  Fold 16 done in 0.2s  |  OOS events=21  approved=7

────────────────────────────────────────────────────────────
  FOLD 17: train[0:4107]  val[4107:4986]  test[4986:5130]
────────────────────────────────────────────────────────────

[FRACDIFF] Optimal d  : 0.0000
           ADF p-val  : 1.5537 %
           Corr (raw) : 1.0000
[META]  logit_l2 {'C': 0.01}  calibration=sigmoid (cv Brier sigmoid=0.2508 isotonic=0.2539)
[META]  Trained on 828 events  (success rate=0.465)
[PRIM]  wavelet_trend: long share oof=0.508  test=0.550
[WFO]  Fold 17 done in 0.2s  |  OOS events=20  approved=1

────────────────────────────────────────────────────────────
  FOLD 18: train[0:4254]  val[4254:5130]  test[5130:5274]
────────────────────────────────────────────────────────────

[FRACDIFF] Optimal d  : 0.0000
           ADF p-val  : 1.1946 %
           Corr (raw) : 1.0000
[META]  logit_l2 {'C': 0.01}  calibration=sigmoid (cv Brier sigmoid=0.2504 isotonic=0.2522)
[META]  Trained on 847 events  (success rate=0.464)
[PRIM]  wavelet_trend: long share oof=0.508  test=0.821
[WFO]  Fold 18 done in 0.2s  |  OOS events=28  approved=0

────────────────────────────────────────────────────────────
  FOLD 19: train[0:4398]  val[4398:5274]  test[5274:5421]
────────────────────────────────────────────────────────────

[FRACDIFF] Optimal d  : 0.0000
           ADF p-val  : 1.0774 %
           Corr (raw) : 1.0000
[META]  logit_l2 {'C': 0.01}  calibration=sigmoid (cv Brier sigmoid=0.2507 isotonic=0.2533)
[META]  Trained on 875 events  (success rate=0.458)
[PRIM]  wavelet_trend: long share oof=0.518  test=0.524
[WFO]  Fold 19 done in 0.2s  |  OOS events=21  approved=0

────────────────────────────────────────────────────────────
  FOLD 20: train[0:4545]  val[4545:5421]  test[5421:5568]
────────────────────────────────────────────────────────────

[FRACDIFF] Optimal d  : 0.0000
           ADF p-val  : 1.2751 %
           Corr (raw) : 1.0000
[META]  logit_l2 {'C': 0.01}  calibration=sigmoid (cv Brier sigmoid=0.2499 isotonic=0.2560)
[META]  Trained on 897 events  (success rate=0.457)
[PRIM]  wavelet_trend: long share oof=0.520  test=0.355
[WFO]  Fold 20 done in 0.2s  |  OOS events=31  approved=0

────────────────────────────────────────────────────────────
  FOLD 21: train[0:4692]  val[4692:5568]  test[5568:5715]
────────────────────────────────────────────────────────────

[FRACDIFF] Optimal d  : 0.0000
           ADF p-val  : 1.8077 %
           Corr (raw) : 1.0000
[META]  logit_l2 {'C': 0.01}  calibration=sigmoid (cv Brier sigmoid=0.2501 isotonic=0.2550)
[META]  Trained on 928 events  (success rate=0.460)
[PRIM]  wavelet_trend: long share oof=0.514  test=0.700
[WFO]  Fold 21 done in 0.2s  |  OOS events=20  approved=0

────────────────────────────────────────────────────────────
  FOLD 22: train[0:4839]  val[4839:5715]  test[5715:5862]
────────────────────────────────────────────────────────────

[FRACDIFF] Optimal d  : 0.0000
           ADF p-val  : 2.4051 %
           Corr (raw) : 1.0000
[META]  logit_l2 {'C': 0.01}  calibration=sigmoid (cv Brier sigmoid=0.2503 isotonic=0.2564)
[META]  Trained on 946 events  (success rate=0.464)
[PRIM]  wavelet_trend: long share oof=0.517  test=0.550
[WFO]  Fold 22 done in 0.3s  |  OOS events=20  approved=0

────────────────────────────────────────────────────────────
  FOLD 23: train[0:4986]  val[4986:5862]  test[5862:6009]
────────────────────────────────────────────────────────────

[FRACDIFF] Optimal d  : 0.0000
           ADF p-val  : 1.5472 %
           Corr (raw) : 1.0000
[META]  logit_l2 {'C': 0.01}  calibration=sigmoid (cv Brier sigmoid=0.2501 isotonic=0.2522)
[META]  Trained on 969 events  (success rate=0.460)
[PRIM]  wavelet_trend: long share oof=0.518  test=0.762
[WFO]  Fold 23 done in 0.3s  |  OOS events=21  approved=0

────────────────────────────────────────────────────────────
  FOLD 24: train[0:5130]  val[5130:6009]  test[6009:6153]
────────────────────────────────────────────────────────────

[FRACDIFF] Optimal d  : 0.0000
           ADF p-val  : 1.5031 %
           Corr (raw) : 1.0000
[META]  logit_l2 {'C': 0.01}  calibration=sigmoid (cv Brier sigmoid=0.2500 isotonic=0.2529)
[META]  Trained on 988 events  (success rate=0.466)
[PRIM]  wavelet_trend: long share oof=0.522  test=0.714
[WFO]  Fold 24 done in 0.3s  |  OOS events=28  approved=0

────────────────────────────────────────────────────────────
  FOLD 25: train[0:5274]  val[5274:6153]  test[6153:6300]
────────────────────────────────────────────────────────────

[FRACDIFF] Optimal d  : 0.0000
           ADF p-val  : 1.0978 %
           Corr (raw) : 1.0000
[META]  logit_l2 {'C': 0.01}  calibration=sigmoid (cv Brier sigmoid=0.2497 isotonic=0.2527)
[META]  Trained on 1016 events  (success rate=0.468)
[PRIM]  wavelet_trend: long share oof=0.529  test=0.609
[WFO]  Fold 25 done in 0.3s  |  OOS events=23  approved=0

────────────────────────────────────────────────────────────
  FOLD 26: train[0:5421]  val[5421:6300]  test[6300:6446]
────────────────────────────────────────────────────────────

[FRACDIFF] Optimal d  : 0.0000
           ADF p-val  : 1.1686 %
           Corr (raw) : 1.0000
[META]  logit_l2 {'C': 0.01}  calibration=sigmoid (cv Brier sigmoid=0.2501 isotonic=0.2549)
[META]  Trained on 1040 events  (success rate=0.471)
[PRIM]  wavelet_trend: long share oof=0.530  test=0.727
[WFO]  Fold 26 done in 0.3s  |  OOS events=22  approved=2

────────────────────────────────────────────────────────────
  FOLD 27: train[0:5568]  val[5568:6446]  test[6446:6593]
────────────────────────────────────────────────────────────

[FRACDIFF] Optimal d  : 0.0000
           ADF p-val  : 0.8399 %
           Corr (raw) : 1.0000
[META]  logit_l2 {'C': 0.01}  calibration=sigmoid (cv Brier sigmoid=0.2498 isotonic=0.2526)
[META]  Trained on 1062 events  (success rate=0.471)
[PRIM]  wavelet_trend: long share oof=0.534  test=0.393
[WFO]  Fold 27 done in 0.3s  |  OOS events=28  approved=8

────────────────────────────────────────────────────────────
  FOLD 28: train[0:5715]  val[5715:6593]  test[6593:6740]
────────────────────────────────────────────────────────────

[FRACDIFF] Optimal d  : 0.0000
           ADF p-val  : 0.7057 %
           Corr (raw) : 1.0000
[META]  logit_l2 {'C': 0.01}  calibration=sigmoid (cv Brier sigmoid=0.2501 isotonic=0.2546)
[META]  Trained on 1090 events  (success rate=0.472)
[PRIM]  wavelet_trend: long share oof=0.530  test=0.455
[WFO]  Fold 28 done in 0.3s  |  OOS events=22  approved=3

────────────────────────────────────────────────────────────
  FOLD 29: train[0:5862]  val[5862:6740]  test[6740:6884]
────────────────────────────────────────────────────────────

[FRACDIFF] Optimal d  : 0.0000
           ADF p-val  : 0.5664 %
           Corr (raw) : 1.0000
[META]  logit_l2 {'C': 0.01}  calibration=sigmoid (cv Brier sigmoid=0.2497 isotonic=0.2517)
[META]  Trained on 1113 events  (success rate=0.468)
[PRIM]  wavelet_trend: long share oof=0.529  test=0.435
[WFO]  Fold 29 done in 0.3s  |  OOS events=23  approved=0

────────────────────────────────────────────────────────────
  FOLD 30: train[0:6009]  val[6009:6884]  test[6884:7028]
────────────────────────────────────────────────────────────

[FRACDIFF] Optimal d  : 0.0000
           ADF p-val  : 0.6545 %
           Corr (raw) : 1.0000
[META]  logit_l2 {'C': 0.01}  calibration=sigmoid (cv Brier sigmoid=0.2508 isotonic=0.2547)
[META]  Trained on 1135 events  (success rate=0.470)
[PRIM]  wavelet_trend: long share oof=0.527  test=0.895
[WFO]  Fold 30 done in 0.3s  |  OOS events=19  approved=0

────────────────────────────────────────────────────────────
  FOLD 31: train[0:6153]  val[6153:7028]  test[7028:7175]
────────────────────────────────────────────────────────────

[FRACDIFF] Optimal d  : 0.0000
           ADF p-val  : 3.7872 %
           Corr (raw) : 1.0000
[META]  logit_l2 {'C': 0.01}  calibration=sigmoid (cv Brier sigmoid=0.2512 isotonic=0.2552)
[META]  Trained on 1154 events  (success rate=0.471)
[PRIM]  wavelet_trend: long share oof=0.533  test=0.615
[WFO]  Fold 31 done in 0.3s  |  OOS events=26  approved=0

────────────────────────────────────────────────────────────
  FOLD 32: train[0:6300]  val[6300:7175]  test[7175:7322]
────────────────────────────────────────────────────────────

[FRACDIFF] Optimal d  : 0.4609
           ADF p-val  : 4.9303 %
           Corr (raw) : 0.9701
[META]  logit_l2 {'C': 0.01}  calibration=sigmoid (cv Brier sigmoid=0.2506 isotonic=0.2540)
[META]  Trained on 1180 events  (success rate=0.466)
[PRIM]  wavelet_trend: long share oof=0.536  test=0.593
[WFO]  Fold 32 done in 1.1s  |  OOS events=27  approved=0

────────────────────────────────────────────────────────────
  FOLD 33: train[0:6446]  val[6446:7322]  test[7322:7469]
────────────────────────────────────────────────────────────

[FRACDIFF] Optimal d  : 0.7188
           ADF p-val  : 0.0985 %
           Corr (raw) : 0.7824
[META]  logit_l2 {'C': 0.01}  calibration=sigmoid (cv Brier sigmoid=0.2507 isotonic=0.2526)
[META]  Trained on 1206 events  (success rate=0.467)
[PRIM]  wavelet_trend: long share oof=0.536  test=0.333
[WFO]  Fold 33 done in 1.1s  |  OOS events=24  approved=0

────────────────────────────────────────────────────────────
  FOLD 34: train[0:6593]  val[6593:7469]  test[7469:7616]
────────────────────────────────────────────────────────────

[FRACDIFF] Optimal d  : 0.6953
           ADF p-val  : 0.3631 %
           Corr (raw) : 0.8381
[META]  logit_l2 {'C': 0.01}  calibration=sigmoid (cv Brier sigmoid=0.2508 isotonic=0.2540)
[META]  Trained on 1232 events  (success rate=0.471)
[PRIM]  wavelet_trend: long share oof=0.532  test=0.654
[WFO]  Fold 34 done in 1.2s  |  OOS events=26  approved=0

────────────────────────────────────────────────────────────
  FOLD 35: train[0:6740]  val[6740:7616]  test[7616:7763]
────────────────────────────────────────────────────────────

[FRACDIFF] Optimal d  : 0.7266
           ADF p-val  : 0.1216 %
           Corr (raw) : 0.8063
[META]  logit_l2 {'C': 0.01}  calibration=sigmoid (cv Brier sigmoid=0.2508 isotonic=0.2545)
[META]  Trained on 1256 events  (success rate=0.474)
[PRIM]  wavelet_trend: long share oof=0.534  test=0.481
[WFO]  Fold 35 done in 1.2s  |  OOS events=27  approved=0

────────────────────────────────────────────────────────────
  FOLD 36: train[0:6884]  val[6884:7763]  test[7763:7910]
────────────────────────────────────────────────────────────

[FRACDIFF] Optimal d  : 0.6953
           ADF p-val  : 0.3652 %
           Corr (raw) : 0.8609
[META]  logit_l2 {'C': 0.01}  calibration=sigmoid (cv Brier sigmoid=0.2511 isotonic=0.2529)
[META]  Trained on 1284 events  (success rate=0.475)
[PRIM]  wavelet_trend: long share oof=0.534  test=0.619
[WFO]  Fold 36 done in 1.2s  |  OOS events=21  approved=0

────────────────────────────────────────────────────────────
  FOLD 37: train[0:7028]  val[7028:7910]  test[7910:8057]
────────────────────────────────────────────────────────────

[FRACDIFF] Optimal d  : 0.7422
           ADF p-val  : 0.0832 %
           Corr (raw) : 0.8016
[META]  logit_l2 {'C': 0.01}  calibration=sigmoid (cv Brier sigmoid=0.2502 isotonic=0.2517)
[META]  Trained on 1305 events  (success rate=0.470)
[PRIM]  wavelet_trend: long share oof=0.535  test=0.857
[WFO]  Fold 37 done in 1.3s  |  OOS events=28  approved=0

────────────────────────────────────────────────────────────
  FOLD 38: train[0:7175]  val[7175:8057]  test[8057:8204]
────────────────────────────────────────────────────────────

[FRACDIFF] Optimal d  : 0.7734
           ADF p-val  : 0.0216 %
           Corr (raw) : 0.7629
[META]  logit_l2 {'C': 0.01}  calibration=sigmoid (cv Brier sigmoid=0.2501 isotonic=0.2521)
[META]  Trained on 1331 events  (success rate=0.472)
[PRIM]  wavelet_trend: long share oof=0.541  test=0.522
[WFO]  Fold 38 done in 1.3s  |  OOS events=23  approved=0

────────────────────────────────────────────────────────────
  FOLD 39: train[0:7322]  val[7322:8204]  test[8204:8351]
────────────────────────────────────────────────────────────

[FRACDIFF] Optimal d  : 0.8047
           ADF p-val  : 0.0064 %
           Corr (raw) : 0.7060
[META]  logit_l2 {'C': 0.01}  calibration=sigmoid (cv Brier sigmoid=0.2501 isotonic=0.2524)
[META]  Trained on 1356 events  (success rate=0.473)
[PRIM]  wavelet_trend: long share oof=0.542  test=0.480
[WFO]  Fold 39 done in 1.4s  |  OOS events=25  approved=0

────────────────────────────────────────────────────────────
  FOLD 40: train[0:7469]  val[7469:8351]  test[8351:8498]
────────────────────────────────────────────────────────────

[FRACDIFF] Optimal d  : 0.7578
           ADF p-val  : 0.0421 %
           Corr (raw) : 0.7968
[META]  logit_l2 {'C': 0.01}  calibration=sigmoid (cv Brier sigmoid=0.2497 isotonic=0.2520)
[META]  Trained on 1382 events  (success rate=0.471)
[PRIM]  wavelet_trend: long share oof=0.541  test=0.500
[WFO]  Fold 40 done in 1.5s  |  OOS events=18  approved=0

────────────────────────────────────────────────────────────
  FOLD 41: train[0:7616]  val[7616:8498]  test[8498:8642]
────────────────────────────────────────────────────────────

[FRACDIFF] Optimal d  : 0.7891
           ADF p-val  : 0.0071 %
           Corr (raw) : 0.7560
[META]  logit_l2 {'C': 0.01}  calibration=sigmoid (cv Brier sigmoid=0.2495 isotonic=0.2525)
[META]  Trained on 1399 events  (success rate=0.470)
[PRIM]  wavelet_trend: long share oof=0.540  test=0.353
[WFO]  Fold 41 done in 1.5s  |  OOS events=17  approved=0

────────────────────────────────────────────────────────────
  FOLD 42: train[0:7763]  val[7763:8642]  test[8642:8786]
────────────────────────────────────────────────────────────

[FRACDIFF] Optimal d  : 0.7891
           ADF p-val  : 0.0103 %
           Corr (raw) : 0.7779
[META]  logit_l2 {'C': 0.01}  calibration=sigmoid (cv Brier sigmoid=0.2494 isotonic=0.2532)
[META]  Trained on 1416 events  (success rate=0.470)
[PRIM]  wavelet_trend: long share oof=0.537  test=0.696
[WFO]  Fold 42 done in 1.5s  |  OOS events=23  approved=0

────────────────────────────────────────────────────────────
  FOLD 43: train[0:7910]  val[7910:8786]  test[8786:8933]
────────────────────────────────────────────────────────────

[FRACDIFF] Optimal d  : 0.8125
           ADF p-val  : 0.0071 %
           Corr (raw) : 0.7449
[META]  logit_l2 {'C': 0.01}  calibration=sigmoid (cv Brier sigmoid=0.2493 isotonic=0.2516)
[META]  Trained on 1439 events  (success rate=0.471)
[PRIM]  wavelet_trend: long share oof=0.540  test=0.500
[WFO]  Fold 43 done in 1.6s  |  OOS events=20  approved=0

────────────────────────────────────────────────────────────
  FOLD 44: train[0:8057]  val[8057:8933]  test[8933:9080]
────────────────────────────────────────────────────────────

[FRACDIFF] Optimal d  : 0.8516
           ADF p-val  : 0.0008 %
           Corr (raw) : 0.6719
[META]  logit_l2 {'C': 0.01}  calibration=sigmoid (cv Brier sigmoid=0.2494 isotonic=0.2513)
[META]  Trained on 1460 events  (success rate=0.471)
[PRIM]  wavelet_trend: long share oof=0.540  test=0.278
[WFO]  Fold 44 done in 1.7s  |  OOS events=18  approved=0

────────────────────────────────────────────────────────────
  FOLD 45: train[0:8204]  val[8204:9080]  test[9080:9227]
────────────────────────────────────────────────────────────

[FRACDIFF] Optimal d  : 0.8516
           ADF p-val  : 0.0008 %
           Corr (raw) : 0.6899
[META]  logit_l2 {'C': 0.01}  calibration=sigmoid (cv Brier sigmoid=0.2495 isotonic=0.2525)
[META]  Trained on 1478 events  (success rate=0.471)
[PRIM]  wavelet_trend: long share oof=0.537  test=0.524
[WFO]  Fold 45 done in 1.8s  |  OOS events=21  approved=0

────────────────────────────────────────────────────────────
  FOLD 46: train[0:8351]  val[8351:9227]  test[9227:9374]
────────────────────────────────────────────────────────────

[FRACDIFF] Optimal d  : 0.8516
           ADF p-val  : 0.0013 %
           Corr (raw) : 0.7056
[META]  logit_l2 {'C': 0.01}  calibration=sigmoid (cv Brier sigmoid=0.2494 isotonic=0.2526)
[META]  Trained on 1498 events  (success rate=0.471)
[PRIM]  wavelet_trend: long share oof=0.536  test=0.545
[WFO]  Fold 46 done in 1.9s  |  OOS events=22  approved=0

────────────────────────────────────────────────────────────
  FOLD 47: train[0:8498]  val[8498:9374]  test[9374:9521]
────────────────────────────────────────────────────────────

[FRACDIFF] Optimal d  : 0.8438
           ADF p-val  : 0.0063 %
           Corr (raw) : 0.7438
[META]  logit_l2 {'C': 0.01}  calibration=sigmoid (cv Brier sigmoid=0.2493 isotonic=0.2528)
[META]  Trained on 1520 events  (success rate=0.468)
[PRIM]  wavelet_trend: long share oof=0.537  test=0.682
[WFO]  Fold 47 done in 2.0s  |  OOS events=22  approved=0

────────────────────────────────────────────────────────────
  FOLD 48: train[0:8642]  val[8642:9521]  test[9521:9668]
────────────────────────────────────────────────────────────

[FRACDIFF] Optimal d  : 0.8438
           ADF p-val  : 0.0058 %
           Corr (raw) : 0.7448
[META]  logit_l2 {'C': 0.01}  calibration=sigmoid (cv Brier sigmoid=0.2494 isotonic=0.2527)
[META]  Trained on 1542 events  (success rate=0.468)
[PRIM]  wavelet_trend: long share oof=0.539  test=0.368
[WFO]  Fold 48 done in 2.0s  |  OOS events=19  approved=0

────────────────────────────────────────────────────────────
  FOLD 49: train[0:8786]  val[8786:9668]  test[9668:9815]
────────────────────────────────────────────────────────────

[FRACDIFF] Optimal d  : 0.8516
           ADF p-val  : 0.0051 %
           Corr (raw) : 0.7322
[META]  logit_l2 {'C': 0.01}  calibration=sigmoid (cv Brier sigmoid=0.2494 isotonic=0.2529)
[META]  Trained on 1560 events  (success rate=0.469)
[PRIM]  wavelet_trend: long share oof=0.536  test=0.455
[WFO]  Fold 49 done in 1.9s  |  OOS events=22  approved=0

────────────────────────────────────────────────────────────
  FOLD 50: train[0:8933]  val[8933:9815]  test[9815:9962]
────────────────────────────────────────────────────────────

[FRACDIFF] Optimal d  : 0.8438
           ADF p-val  : 0.0052 %
           Corr (raw) : 0.7586
[META]  logit_l2 {'C': 0.01}  calibration=sigmoid (cv Brier sigmoid=0.2494 isotonic=0.2519)
[META]  Trained on 1583 events  (success rate=0.469)
[PRIM]  wavelet_trend: long share oof=0.536  test=0.550
[WFO]  Fold 50 done in 2.0s  |  OOS events=20  approved=0

────────────────────────────────────────────────────────────
  FOLD 51: train[0:9080]  val[9080:9962]  test[9962:10109]
────────────────────────────────────────────────────────────

[FRACDIFF] Optimal d  : 0.8359
           ADF p-val  : 0.0082 %
           Corr (raw) : 0.7795
[META]  logit_l2 {'C': 0.01}  calibration=sigmoid (cv Brier sigmoid=0.2493 isotonic=0.2502)
[META]  Trained on 1603 events  (success rate=0.468)
[PRIM]  wavelet_trend: long share oof=0.536  test=0.474
[WFO]  Fold 51 done in 2.1s  |  OOS events=19  approved=0

────────────────────────────────────────────────────────────
  FOLD 52: train[0:9227]  val[9227:10109]  test[10109:10256]
────────────────────────────────────────────────────────────

[FRACDIFF] Optimal d  : 0.8359
           ADF p-val  : 0.0101 %
           Corr (raw) : 0.7808
[META]  logit_l2 {'C': 0.01}  calibration=sigmoid (cv Brier sigmoid=0.2493 isotonic=0.2506)
[META]  Trained on 1622 events  (success rate=0.468)
[PRIM]  wavelet_trend: long share oof=0.535  test=0.556
[WFO]  Fold 52 done in 2.2s  |  OOS events=18  approved=0

────────────────────────────────────────────────────────────
  FOLD 53: train[0:9374]  val[9374:10256]  test[10256:10400]
────────────────────────────────────────────────────────────

[FRACDIFF] Optimal d  : 0.8438
           ADF p-val  : 0.0037 %
           Corr (raw) : 0.7628
[META]  logit_l2 {'C': 0.01}  calibration=sigmoid (cv Brier sigmoid=0.2494 isotonic=0.2511)
[META]  Trained on 1641 events  (success rate=0.467)
[PRIM]  wavelet_trend: long share oof=0.535  test=0.571
[WFO]  Fold 53 done in 2.3s  |  OOS events=21  approved=0

────────────────────────────────────────────────────────────
  FOLD 54: train[0:9521]  val[9521:10400]  test[10400:10547]
────────────────────────────────────────────────────────────

[FRACDIFF] Optimal d  : 0.8438
           ADF p-val  : 0.0045 %
           Corr (raw) : 0.7697
[META]  logit_l2 {'C': 0.01}  calibration=sigmoid (cv Brier sigmoid=0.2495 isotonic=0.2522)
[META]  Trained on 1661 events  (success rate=0.470)
[PRIM]  wavelet_trend: long share oof=0.536  test=0.478
[WFO]  Fold 54 done in 2.1s  |  OOS events=23  approved=0

────────────────────────────────────────────────────────────
  FOLD 55: train[0:9668]  val[9668:10547]  test[10547:10694]
────────────────────────────────────────────────────────────

[FRACDIFF] Optimal d  : 0.8438
           ADF p-val  : 0.0046 %
           Corr (raw) : 0.7711
[META]  logit_l2 {'C': 0.01}  calibration=sigmoid (cv Brier sigmoid=0.2499 isotonic=0.2523)
[META]  Trained on 1684 events  (success rate=0.471)
[PRIM]  wavelet_trend: long share oof=0.535  test=0.522
[WFO]  Fold 55 done in 2.3s  |  OOS events=23  approved=0

────────────────────────────────────────────────────────────
  FOLD 56: train[0:9815]  val[9815:10694]  test[10694:10841]
────────────────────────────────────────────────────────────

[FRACDIFF] Optimal d  : 0.8438
           ADF p-val  : 0.0045 %
           Corr (raw) : 0.7753
[META]  logit_l2 {'C': 0.01}  calibration=sigmoid (cv Brier sigmoid=0.2500 isotonic=0.2527)
[META]  Trained on 1707 events  (success rate=0.472)
[PRIM]  wavelet_trend: long share oof=0.534  test=0.839
[WFO]  Fold 56 done in 2.2s  |  OOS events=31  approved=0

────────────────────────────────────────────────────────────
  FOLD 57: train[0:9962]  val[9962:10841]  test[10841:10988]
────────────────────────────────────────────────────────────

[FRACDIFF] Optimal d  : 0.8438
           ADF p-val  : 0.0040 %
           Corr (raw) : 0.7772
[META]  logit_l2 {'C': 0.01}  calibration=sigmoid (cv Brier sigmoid=0.2501 isotonic=0.2523)
[META]  Trained on 1737 events  (success rate=0.473)
[PRIM]  wavelet_trend: long share oof=0.539  test=0.500
[WFO]  Fold 57 done in 2.3s  |  OOS events=22  approved=0

────────────────────────────────────────────────────────────
  FOLD 58: train[0:10109]  val[10109:10988]  test[10988:11135]
────────────────────────────────────────────────────────────

[FRACDIFF] Optimal d  : 0.8359
           ADF p-val  : 0.0098 %
           Corr (raw) : 0.7977
[META]  logit_l2 {'C': 0.01}  calibration=sigmoid (cv Brier sigmoid=0.2502 isotonic=0.2539)
[META]  Trained on 1760 events  (success rate=0.474)
[PRIM]  wavelet_trend: long share oof=0.540  test=0.462
[WFO]  Fold 58 done in 2.5s  |  OOS events=26  approved=0

────────────────────────────────────────────────────────────
  FOLD 59: train[0:10256]  val[10256:11135]  test[11135:11282]
────────────────────────────────────────────────────────────

[FRACDIFF] Optimal d  : 0.8359
           ADF p-val  : 0.0088 %
           Corr (raw) : 0.7991
[META]  logit_l2 {'C': 0.01}  calibration=sigmoid (cv Brier sigmoid=0.2504 isotonic=0.2529)
[META]  Trained on 1786 events  (success rate=0.474)
[PRIM]  wavelet_trend: long share oof=0.538  test=0.571
[WFO]  Fold 59 done in 2.6s  |  OOS events=28  approved=0

────────────────────────────────────────────────────────────
  FOLD 60: train[0:10400]  val[10400:11282]  test[11282:11429]
────────────────────────────────────────────────────────────

[FRACDIFF] Optimal d  : 0.8359
           ADF p-val  : 0.0077 %
           Corr (raw) : 0.8000
[META]  logit_l2 {'C': 0.01}  calibration=sigmoid (cv Brier sigmoid=0.2503 isotonic=0.2529)
[META]  Trained on 1813 events  (success rate=0.474)
[PRIM]  wavelet_trend: long share oof=0.538  test=0.292
[WFO]  Fold 60 done in 2.5s  |  OOS events=24  approved=0

────────────────────────────────────────────────────────────
  FOLD 61: train[0:10547]  val[10547:11429]  test[11429:11576]
────────────────────────────────────────────────────────────

[FRACDIFF] Optimal d  : 0.8438
           ADF p-val  : 0.0032 %
           Corr (raw) : 0.7826
[META]  logit_l2 {'C': 0.01}  calibration=sigmoid (cv Brier sigmoid=0.2504 isotonic=0.2541)
[META]  Trained on 1837 events  (success rate=0.475)
[PRIM]  wavelet_trend: long share oof=0.536  test=0.600
[WFO]  Fold 61 done in 2.6s  |  OOS events=25  approved=0

────────────────────────────────────────────────────────────
  FOLD 62: train[0:10694]  val[10694:11576]  test[11576:11723]
────────────────────────────────────────────────────────────

[FRACDIFF] Optimal d  : 0.8359
           ADF p-val  : 0.0073 %
           Corr (raw) : 0.8044
[META]  logit_l2 {'C': 0.01}  calibration=sigmoid (cv Brier sigmoid=0.2502 isotonic=0.2540)
[META]  Trained on 1862 events  (success rate=0.475)
[PRIM]  wavelet_trend: long share oof=0.536  test=0.286
[WFO]  Fold 62 done in 2.6s  |  OOS events=21  approved=0

────────────────────────────────────────────────────────────
  FOLD 63: train[0:10841]  val[10841:11723]  test[11723:11870]
────────────────────────────────────────────────────────────

[FRACDIFF] Optimal d  : 0.8516
           ADF p-val  : 0.0014 %
           Corr (raw) : 0.7659
[META]  logit_l2 {'C': 0.01}  calibration=sigmoid (cv Brier sigmoid=0.2503 isotonic=0.2546)
[META]  Trained on 1884 events  (success rate=0.477)
[PRIM]  wavelet_trend: long share oof=0.534  test=0.531
[WFO]  Fold 63 done in 2.7s  |  OOS events=32  approved=2

────────────────────────────────────────────────────────────
  FOLD 64: train[0:10988]  val[10988:11870]  test[11870:12017]
────────────────────────────────────────────────────────────

[FRACDIFF] Optimal d  : 0.8438
           ADF p-val  : 0.0021 %
           Corr (raw) : 0.7868
[META]  logit_l2 {'C': 0.01}  calibration=sigmoid (cv Brier sigmoid=0.2507 isotonic=0.2542)
[META]  Trained on 1915 events  (success rate=0.480)
[PRIM]  wavelet_trend: long share oof=0.533  test=0.333
[WFO]  Fold 64 done in 2.7s  |  OOS events=24  approved=3

────────────────────────────────────────────────────────────
  FOLD 65: train[0:11135]  val[11135:12017]  test[12017:12161]
────────────────────────────────────────────────────────────

[FRACDIFF] Optimal d  : 0.8359
           ADF p-val  : 0.0089 %
           Corr (raw) : 0.8088
[META]  logit_l2 {'C': 0.01}  calibration=sigmoid (cv Brier sigmoid=0.2506 isotonic=0.2538)
[META]  Trained on 1939 events  (success rate=0.482)
[PRIM]  wavelet_trend: long share oof=0.531  test=0.667
[WFO]  Fold 65 done in 2.8s  |  OOS events=18  approved=6

────────────────────────────────────────────────────────────
  FOLD 66: train[0:11282]  val[11282:12161]  test[12161:12308]
────────────────────────────────────────────────────────────

[FRACDIFF] Optimal d  : 0.8438
           ADF p-val  : 0.0039 %
           Corr (raw) : 0.7905
[META]  logit_l2 {'C': 0.01}  calibration=sigmoid (cv Brier sigmoid=0.2504 isotonic=0.2522)
[META]  Trained on 1957 events  (success rate=0.483)
[PRIM]  wavelet_trend: long share oof=0.532  test=0.737
[WFO]  Fold 66 done in 3.0s  |  OOS events=19  approved=4

────────────────────────────────────────────────────────────
  FOLD 67: train[0:11429]  val[11429:12308]  test[12308:12455]
────────────────────────────────────────────────────────────

[FRACDIFF] Optimal d  : 0.8281
           ADF p-val  : 0.0176 %
           Corr (raw) : 0.8276
[META]  logit_l2 {'C': 0.01}  calibration=sigmoid (cv Brier sigmoid=0.2500 isotonic=0.2514)
[META]  Trained on 1977 events  (success rate=0.484)
[PRIM]  wavelet_trend: long share oof=0.534  test=0.783
[WFO]  Fold 67 done in 3.0s  |  OOS events=23  approved=5

────────────────────────────────────────────────────────────
  FOLD 68: train[0:11576]  val[11576:12455]  test[12455:12602]
────────────────────────────────────────────────────────────

[FRACDIFF] Optimal d  : 0.8359
           ADF p-val  : 0.0062 %
           Corr (raw) : 0.8096
[META]  logit_l2 {'C': 0.01}  calibration=sigmoid (cv Brier sigmoid=0.2504 isotonic=0.2517)
[META]  Trained on 2000 events  (success rate=0.485)
[PRIM]  wavelet_trend: long share oof=0.537  test=0.364
[WFO]  Fold 68 done in 3.0s  |  OOS events=22  approved=3

────────────────────────────────────────────────────────────
  FOLD 69: train[0:11723]  val[11723:12602]  test[12602:12749]
────────────────────────────────────────────────────────────

[FRACDIFF] Optimal d  : 0.8281
           ADF p-val  : 0.0133 %
           Corr (raw) : 0.8274
[META]  logit_l2 {'C': 0.01}  calibration=sigmoid (cv Brier sigmoid=0.2505 isotonic=0.2519)
[META]  Trained on 2021 events  (success rate=0.485)
[PRIM]  wavelet_trend: long share oof=0.536  test=0.708
[WFO]  Fold 69 done in 3.1s  |  OOS events=24  approved=2

────────────────────────────────────────────────────────────
  FOLD 70: train[0:11870]  val[11870:12749]  test[12749:12896]
────────────────────────────────────────────────────────────

[FRACDIFF] Optimal d  : 0.8281
           ADF p-val  : 0.0134 %
           Corr (raw) : 0.8261
[META]  logit_l2 {'C': 0.01}  calibration=sigmoid (cv Brier sigmoid=0.2503 isotonic=0.2531)
[META]  Trained on 2047 events  (success rate=0.484)
[PRIM]  wavelet_trend: long share oof=0.537  test=0.522
[WFO]  Fold 70 done in 3.1s  |  OOS events=23  approved=1

────────────────────────────────────────────────────────────
  FOLD 71: train[0:12017]  val[12017:12896]  test[12896:13043]
────────────────────────────────────────────────────────────

[FRACDIFF] Optimal d  : 0.8281
           ADF p-val  : 0.0093 %
           Corr (raw) : 0.8245
[META]  logit_l2 {'C': 0.01}  calibration=sigmoid (cv Brier sigmoid=0.2501 isotonic=0.2520)
[META]  Trained on 2069 events  (success rate=0.482)
[PRIM]  wavelet_trend: long share oof=0.537  test=0.360
[WFO]  Fold 71 done in 3.2s  |  OOS events=25  approved=0

────────────────────────────────────────────────────────────
  FOLD 72: train[0:12161]  val[12161:13043]  test[13043:13187]
────────────────────────────────────────────────────────────

[FRACDIFF] Optimal d  : 0.8281
           ADF p-val  : 0.0123 %
           Corr (raw) : 0.8229
[META]  logit_l2 {'C': 0.01}  calibration=sigmoid (cv Brier sigmoid=0.2501 isotonic=0.2520)
[META]  Trained on 2094 events  (success rate=0.482)
[PRIM]  wavelet_trend: long share oof=0.535  test=0.450
[WFO]  Fold 72 done in 3.1s  |  OOS events=20  approved=0

────────────────────────────────────────────────────────────
  FOLD 73: train[0:12308]  val[12308:13187]  test[13187:13334]
────────────────────────────────────────────────────────────

[FRACDIFF] Optimal d  : 0.8281
           ADF p-val  : 0.0096 %
           Corr (raw) : 0.8225
[META]  logit_l2 {'C': 0.01}  calibration=sigmoid (cv Brier sigmoid=0.2502 isotonic=0.2525)
[META]  Trained on 2114 events  (success rate=0.482)
[PRIM]  wavelet_trend: long share oof=0.534  test=0.412
[WFO]  Fold 73 done in 3.1s  |  OOS events=17  approved=0

────────────────────────────────────────────────────────────
  FOLD 74: train[0:12455]  val[12455:13334]  test[13334:13481]
────────────────────────────────────────────────────────────

[FRACDIFF] Optimal d  : 0.8281
           ADF p-val  : 0.0099 %
           Corr (raw) : 0.8243
[META]  logit_l2 {'C': 0.01}  calibration=sigmoid (cv Brier sigmoid=0.2503 isotonic=0.2531)
[META]  Trained on 2131 events  (success rate=0.482)
[PRIM]  wavelet_trend: long share oof=0.534  test=0.333
[WFO]  Fold 74 done in 3.4s  |  OOS events=24  approved=0

────────────────────────────────────────────────────────────
  FOLD 75: train[0:12602]  val[12602:13481]  test[13481:13628]
────────────────────────────────────────────────────────────

[FRACDIFF] Optimal d  : 0.8281
           ADF p-val  : 0.0082 %
           Corr (raw) : 0.8249
[META]  logit_l2 {'C': 0.01}  calibration=sigmoid (cv Brier sigmoid=0.2502 isotonic=0.2534)
[META]  Trained on 2155 events  (success rate=0.482)
[PRIM]  wavelet_trend: long share oof=0.531  test=0.231
[WFO]  Fold 75 done in 3.4s  |  OOS events=26  approved=0

────────────────────────────────────────────────────────────
  FOLD 76: train[0:12749]  val[12749:13628]  test[13628:13775]
────────────────────────────────────────────────────────────

[FRACDIFF] Optimal d  : 0.8359
           ADF p-val  : 0.0047 %
           Corr (raw) : 0.8078
[META]  logit_l2 {'C': 0.01}  calibration=sigmoid (cv Brier sigmoid=0.2504 isotonic=0.2524)
[META]  Trained on 2181 events  (success rate=0.483)
[PRIM]  wavelet_trend: long share oof=0.528  test=0.773
[WFO]  Fold 76 done in 3.4s  |  OOS events=22  approved=2

────────────────────────────────────────────────────────────
  FOLD 77: train[0:12896]  val[12896:13775]  test[13775:13919]
────────────────────────────────────────────────────────────

[FRACDIFF] Optimal d  : 0.8438
           ADF p-val  : 0.0013 %
           Corr (raw) : 0.7909
[META]  logit_l2 {'C': 0.01}  calibration=sigmoid (cv Brier sigmoid=0.2500 isotonic=0.2510)
[META]  Trained on 2203 events  (success rate=0.482)
[PRIM]  wavelet_trend: long share oof=0.530  test=0.667
[WFO]  Fold 77 done in 3.6s  |  OOS events=24  approved=2

────────────────────────────────────────────────────────────
  FOLD 78: train[0:13043]  val[13043:13919]  test[13919:14066]
────────────────────────────────────────────────────────────

[FRACDIFF] Optimal d  : 0.8359
           ADF p-val  : 0.0024 %
           Corr (raw) : 0.8123
[META]  logit_l2 {'C': 0.01}  calibration=sigmoid (cv Brier sigmoid=0.2501 isotonic=0.2521)
[META]  Trained on 2227 events  (success rate=0.483)
[PRIM]  wavelet_trend: long share oof=0.532  test=0.542
[WFO]  Fold 78 done in 3.8s  |  OOS events=24  approved=1

────────────────────────────────────────────────────────────
  FOLD 79: train[0:13187]  val[13187:14066]  test[14066:14213]
────────────────────────────────────────────────────────────

[FRACDIFF] Optimal d  : 0.8281
           ADF p-val  : 0.0064 %
           Corr (raw) : 0.8314
[META]  logit_l2 {'C': 0.01}  calibration=sigmoid (cv Brier sigmoid=0.2501 isotonic=0.2514)
[META]  Trained on 2249 events  (success rate=0.483)
[PRIM]  wavelet_trend: long share oof=0.532  test=0.538
[WFO]  Fold 79 done in 3.8s  |  OOS events=26  approved=3

────────────────────────────────────────────────────────────
  FOLD 80: train[0:13334]  val[13334:14213]  test[14213:14360]
────────────────────────────────────────────────────────────

[FRACDIFF] Optimal d  : 0.8281
           ADF p-val  : 0.0078 %
           Corr (raw) : 0.8332
[META]  logit_l2 {'C': 0.01}  calibration=sigmoid (cv Brier sigmoid=0.2500 isotonic=0.2524)
[META]  Trained on 2277 events  (success rate=0.482)
[PRIM]  wavelet_trend: long share oof=0.532  test=0.818
[WFO]  Fold 80 done in 3.8s  |  OOS events=22  approved=6

────────────────────────────────────────────────────────────
  FOLD 81: train[0:13481]  val[13481:14360]  test[14360:14507]
────────────────────────────────────────────────────────────

[FRACDIFF] Optimal d  : 0.8281
           ADF p-val  : 0.0068 %
           Corr (raw) : 0.8349
[META]  logit_l2 {'C': 0.01}  calibration=sigmoid (cv Brier sigmoid=0.2501 isotonic=0.2522)
[META]  Trained on 2299 events  (success rate=0.483)
[PRIM]  wavelet_trend: long share oof=0.534  test=0.862
[WFO]  Fold 81 done in 5.8s  |  OOS events=29  approved=2

────────────────────────────────────────────────────────────
  FOLD 82: train[0:13628]  val[13628:14507]  test[14507:14654]
────────────────────────────────────────────────────────────

[FRACDIFF] Optimal d  : 0.8203
           ADF p-val  : 0.0151 %
           Corr (raw) : 0.8514
[META]  logit_l2 {'C': 0.01}  calibration=sigmoid (cv Brier sigmoid=0.2502 isotonic=0.2531)
[META]  Trained on 2328 events  (success rate=0.485)
[PRIM]  wavelet_trend: long share oof=0.538  test=0.621
[WFO]  Fold 82 done in 4.0s  |  OOS events=29  approved=2

────────────────────────────────────────────────────────────
  FOLD 83: train[0:13775]  val[13775:14654]  test[14654:14801]
────────────────────────────────────────────────────────────

[FRACDIFF] Optimal d  : 0.8438
           ADF p-val  : 0.0007 %
           Corr (raw) : 0.8006
[META]  logit_l2 {'C': 0.01}  calibration=sigmoid (cv Brier sigmoid=0.2495 isotonic=0.2515)
[META]  Trained on 2357 events  (success rate=0.484)
[PRIM]  wavelet_trend: long share oof=0.539  test=0.667
[WFO]  Fold 83 done in 4.9s  |  OOS events=21  approved=1

────────────────────────────────────────────────────────────
  FOLD 84: train[0:13919]  val[13919:14801]  test[14801:14945]
────────────────────────────────────────────────────────────

[FRACDIFF] Optimal d  : 0.8438
           ADF p-val  : 0.0008 %
           Corr (raw) : 0.8021
[META]  logit_l2 {'C': 0.01}  calibration=sigmoid (cv Brier sigmoid=0.2501 isotonic=0.2519)
[META]  Trained on 2378 events  (success rate=0.486)
[PRIM]  wavelet_trend: long share oof=0.540  test=0.500
[WFO]  Fold 84 done in 4.1s  |  OOS events=22  approved=5

────────────────────────────────────────────────────────────
  FOLD 85: train[0:14066]  val[14066:14945]  test[14945:15092]
────────────────────────────────────────────────────────────

[FRACDIFF] Optimal d  : 0.8438
           ADF p-val  : 0.0009 %
           Corr (raw) : 0.8046
[META]  logit_l2 {'C': 0.01}  calibration=sigmoid (cv Brier sigmoid=0.2501 isotonic=0.2519)
[META]  Trained on 2400 events  (success rate=0.485)
[PRIM]  wavelet_trend: long share oof=0.540  test=0.630
[WFO]  Fold 85 done in 4.2s  |  OOS events=27  approved=0

────────────────────────────────────────────────────────────
  FOLD 86: train[0:14213]  val[14213:15092]  test[15092:15239]
────────────────────────────────────────────────────────────

[FRACDIFF] Optimal d  : 0.8438
           ADF p-val  : 0.0009 %
           Corr (raw) : 0.8064
[META]  logit_l2 {'C': 0.01}  calibration=sigmoid (cv Brier sigmoid=0.2503 isotonic=0.2537)
[META]  Trained on 2428 events  (success rate=0.486)
[PRIM]  wavelet_trend: long share oof=0.541  test=0.609
[WFO]  Fold 86 done in 4.8s  |  OOS events=23  approved=0

────────────────────────────────────────────────────────────
  FOLD 87: train[0:14360]  val[14360:15239]  test[15239:15386]
────────────────────────────────────────────────────────────

[FRACDIFF] Optimal d  : 0.8594
           ADF p-val  : 0.0001 %
           Corr (raw) : 0.7664
[META]  logit_l2 {'C': 0.01}  calibration=sigmoid (cv Brier sigmoid=0.2495 isotonic=0.2515)
[META]  Trained on 2450 events  (success rate=0.484)
[PRIM]  wavelet_trend: long share oof=0.542  test=0.611
[WFO]  Fold 87 done in 4.5s  |  OOS events=18  approved=3

────────────────────────────────────────────────────────────
  FOLD 88: train[0:14507]  val[14507:15386]  test[15386:15533]
────────────────────────────────────────────────────────────

[FRACDIFF] Optimal d  : 0.8672
           ADF p-val  : 0.0000 %
           Corr (raw) : 0.7481
[META]  logit_l2 {'C': 0.01}  calibration=sigmoid (cv Brier sigmoid=0.2494 isotonic=0.2509)
[META]  Trained on 2469 events  (success rate=0.486)
[PRIM]  wavelet_trend: long share oof=0.542  test=0.682
[WFO]  Fold 88 done in 4.9s  |  OOS events=22  approved=1

────────────────────────────────────────────────────────────
  FOLD 89: train[0:14654]  val[14654:15533]  test[15533:15677]
────────────────────────────────────────────────────────────

[FRACDIFF] Optimal d  : 0.8672
           ADF p-val  : 0.0001 %
           Corr (raw) : 0.7534
[META]  logit_l2 {'C': 0.01}  calibration=sigmoid (cv Brier sigmoid=0.2495 isotonic=0.2509)
[META]  Trained on 2491 events  (success rate=0.486)
[PRIM]  wavelet_trend: long share oof=0.544  test=0.471
[WFO]  Fold 89 done in 5.0s  |  OOS events=17  approved=2

────────────────────────────────────────────────────────────
  FOLD 90: train[0:14801]  val[14801:15677]  test[15677:15821]
────────────────────────────────────────────────────────────

[FRACDIFF] Optimal d  : 0.8672
           ADF p-val  : 0.0001 %
           Corr (raw) : 0.7601
[META]  logit_l2 {'C': 0.01}  calibration=sigmoid (cv Brier sigmoid=0.2495 isotonic=0.2510)
[META]  Trained on 2507 events  (success rate=0.487)
[PRIM]  wavelet_trend: long share oof=0.543  test=0.474
[WFO]  Fold 90 done in 4.3s  |  OOS events=19  approved=0

────────────────────────────────────────────────────────────
  FOLD 91: train[0:14945]  val[14945:15821]  test[15821:15968]
────────────────────────────────────────────────────────────

[FRACDIFF] Optimal d  : 0.8672
           ADF p-val  : 0.0001 %
           Corr (raw) : 0.7644
[META]  logit_l2 {'C': 0.01}  calibration=sigmoid (cv Brier sigmoid=0.2499 isotonic=0.2511)
[META]  Trained on 2526 events  (success rate=0.488)
[PRIM]  wavelet_trend: long share oof=0.543  test=0.840
[WFO]  Fold 91 done in 4.5s  |  OOS events=25  approved=0

────────────────────────────────────────────────────────────
  FOLD 92: train[0:15092]  val[15092:15968]  test[15968:16115]
────────────────────────────────────────────────────────────

[FRACDIFF] Optimal d  : 0.8672
           ADF p-val  : 0.0001 %
           Corr (raw) : 0.7691
[META]  logit_l2 {'C': 0.01}  calibration=sigmoid (cv Brier sigmoid=0.2498 isotonic=0.2507)
[META]  Trained on 2550 events  (success rate=0.487)
[PRIM]  wavelet_trend: long share oof=0.545  test=0.550
[WFO]  Fold 92 done in 5.0s  |  OOS events=20  approved=0

────────────────────────────────────────────────────────────
  FOLD 93: train[0:15239]  val[15239:16115]  test[16115:16262]
────────────────────────────────────────────────────────────

[FRACDIFF] Optimal d  : 0.8828
           ADF p-val  : 0.0000 %
           Corr (raw) : 0.7238
[META]  logit_l2 {'C': 0.01}  calibration=sigmoid (cv Brier sigmoid=0.2495 isotonic=0.2524)
[META]  Trained on 2571 events  (success rate=0.486)
[PRIM]  wavelet_trend: long share oof=0.545  test=0.593
[WFO]  Fold 93 done in 4.7s  |  OOS events=27  approved=1

────────────────────────────────────────────────────────────
  FOLD 94: train[0:15386]  val[15386:16262]  test[16262:16409]
────────────────────────────────────────────────────────────

[FRACDIFF] Optimal d  : 0.8828
           ADF p-val  : 0.0000 %
           Corr (raw) : 0.7350
[META]  logit_l2 {'C': 0.01}  calibration=sigmoid (cv Brier sigmoid=0.2500 isotonic=0.2524)
[META]  Trained on 2598 events  (success rate=0.487)
[PRIM]  wavelet_trend: long share oof=0.546  test=0.619
[WFO]  Fold 94 done in 4.9s  |  OOS events=21  approved=2

────────────────────────────────────────────────────────────
  FOLD 95: train[0:15533]  val[15533:16409]  test[16409:16556]
────────────────────────────────────────────────────────────

[FRACDIFF] Optimal d  : 0.8906
           ADF p-val  : 0.0000 %
           Corr (raw) : 0.7174
[META]  logit_l2 {'C': 0.01}  calibration=sigmoid (cv Brier sigmoid=0.2502 isotonic=0.2540)
[META]  Trained on 2619 events  (success rate=0.488)
[PRIM]  wavelet_trend: long share oof=0.547  test=0.556
[WFO]  Fold 95 done in 5.2s  |  OOS events=18  approved=1

────────────────────────────────────────────────────────────
  FOLD 96: train[0:15677]  val[15677:16556]  test[16556:16700]
────────────────────────────────────────────────────────────

[FRACDIFF] Optimal d  : 0.8906
           ADF p-val  : 0.0000 %
           Corr (raw) : 0.7197
[META]  logit_l2 {'C': 0.01}  calibration=sigmoid (cv Brier sigmoid=0.2505 isotonic=0.2527)
[META]  Trained on 2638 events  (success rate=0.489)
[PRIM]  wavelet_trend: long share oof=0.547  test=0.500
[WFO]  Fold 96 done in 5.5s  |  OOS events=20  approved=0

────────────────────────────────────────────────────────────
  FOLD 97: train[0:15821]  val[15821:16700]  test[16700:16847]
────────────────────────────────────────────────────────────

[FRACDIFF] Optimal d  : 0.8906
           ADF p-val  : 0.0000 %
           Corr (raw) : 0.7266
[META]  logit_l2 {'C': 0.01}  calibration=sigmoid (cv Brier sigmoid=0.2502 isotonic=0.2529)
[META]  Trained on 2657 events  (success rate=0.487)
[PRIM]  wavelet_trend: long share oof=0.546  test=0.545
[WFO]  Fold 97 done in 4.9s  |  OOS events=22  approved=1

────────────────────────────────────────────────────────────
  FOLD 98: train[0:15968]  val[15968:16847]  test[16847:16994]
────────────────────────────────────────────────────────────

[FRACDIFF] Optimal d  : 0.8984
           ADF p-val  : 0.0000 %
           Corr (raw) : 0.7052
[META]  logit_l2 {'C': 0.01}  calibration=sigmoid (cv Brier sigmoid=0.2503 isotonic=0.2533)
[META]  Trained on 2679 events  (success rate=0.487)
[PRIM]  wavelet_trend: long share oof=0.546  test=0.792
[WFO]  Fold 98 done in 5.5s  |  OOS events=24  approved=0

[WFO]  Total OOS events: 2,285  |  Approved trades: 97

[DIAG]  OOS signal quality
OOS events               2285.0000
Primary success rate        0.4880
Meta-scored events       2285.0000
Meta log-loss               0.6946
Meta Brier                  0.2507
Meta AUC                    0.4862
Approved share              0.0425
Approved success rate       0.4742
